Archive member included to satisfy reference by file (symbol)

/usr/local/mcuxpressoide-11.8.0_1165/ide/plugins/com.nxp.mcuxpresso.tools.linux_11.8.0.202306131047/tools/bin/../lib/gcc/arm-none-eabi/12.2.1/../../../../arm-none-eabi/lib/thumb/v6-m/nofp/libcr_nohost_nf.a(_cr__main.o)
                              ./startup/startup_mkl25z4.o (__main)
/usr/local/mcuxpressoide-11.8.0_1165/ide/plugins/com.nxp.mcuxpresso.tools.linux_11.8.0.202306131047/tools/bin/../lib/gcc/arm-none-eabi/12.2.1/../../../../arm-none-eabi/lib/thumb/v6-m/nofp/libcr_c.a(memcpy.o)
                              ./drivers/fsl_flash.o (memcpy)
/usr/local/mcuxpressoide-11.8.0_1165/ide/plugins/com.nxp.mcuxpresso.tools.linux_11.8.0.202306131047/tools/bin/../lib/gcc/arm-none-eabi/12.2.1/../../../../arm-none-eabi/lib/thumb/v6-m/nofp/libcr_c.a(memset.o)
                              ./source/oled.o (memset)
/usr/local/mcuxpressoide-11.8.0_1165/ide/plugins/com.nxp.mcuxpresso.tools.linux_11.8.0.202306131047/tools/bin/../lib/gcc/arm-none-eabi/12.2.1/../../../../arm-none-eabi/lib/thumb/v6-m/nofp/libcr_c.a(initio.o)
                              /usr/local/mcuxpressoide-11.8.0_1165/ide/plugins/com.nxp.mcuxpresso.tools.linux_11.8.0.202306131047/tools/bin/../lib/gcc/arm-none-eabi/12.2.1/../../../../arm-none-eabi/lib/thumb/v6-m/nofp/libcr_nohost_nf.a(_cr__main.o) (_initio)
/usr/local/mcuxpressoide-11.8.0_1165/ide/plugins/com.nxp.mcuxpresso.tools.linux_11.8.0.202306131047/tools/bin/../lib/gcc/arm-none-eabi/12.2.1/../../../../arm-none-eabi/lib/thumb/v6-m/nofp/libcr_c.a(setvbuf.o)
                              /usr/local/mcuxpressoide-11.8.0_1165/ide/plugins/com.nxp.mcuxpresso.tools.linux_11.8.0.202306131047/tools/bin/../lib/gcc/arm-none-eabi/12.2.1/../../../../arm-none-eabi/lib/thumb/v6-m/nofp/libcr_c.a(initio.o) (setvbuf)
/usr/local/mcuxpressoide-11.8.0_1165/ide/plugins/com.nxp.mcuxpresso.tools.linux_11.8.0.202306131047/tools/bin/../lib/gcc/arm-none-eabi/12.2.1/../../../../arm-none-eabi/lib/thumb/v6-m/nofp/libcr_c.a(strlen.o)
                              ./utilities/fsl_debug_console.o (strlen)
/usr/local/mcuxpressoide-11.8.0_1165/ide/plugins/com.nxp.mcuxpresso.tools.linux_11.8.0.202306131047/tools/bin/../lib/gcc/arm-none-eabi/12.2.1/../../../../arm-none-eabi/lib/thumb/v6-m/nofp/libcr_c.a(_fdopen.o)
                              /usr/local/mcuxpressoide-11.8.0_1165/ide/plugins/com.nxp.mcuxpresso.tools.linux_11.8.0.202306131047/tools/bin/../lib/gcc/arm-none-eabi/12.2.1/../../../../arm-none-eabi/lib/thumb/v6-m/nofp/libcr_c.a(initio.o) (_fdopen)
/usr/local/mcuxpressoide-11.8.0_1165/ide/plugins/com.nxp.mcuxpresso.tools.linux_11.8.0.202306131047/tools/bin/../lib/gcc/arm-none-eabi/12.2.1/../../../../arm-none-eabi/lib/thumb/v6-m/nofp/libcr_c.a(fclose.o)
                              /usr/local/mcuxpressoide-11.8.0_1165/ide/plugins/com.nxp.mcuxpresso.tools.linux_11.8.0.202306131047/tools/bin/../lib/gcc/arm-none-eabi/12.2.1/../../../../arm-none-eabi/lib/thumb/v6-m/nofp/libcr_c.a(initio.o) (fclose)
/usr/local/mcuxpressoide-11.8.0_1165/ide/plugins/com.nxp.mcuxpresso.tools.linux_11.8.0.202306131047/tools/bin/../lib/gcc/arm-none-eabi/12.2.1/../../../../arm-none-eabi/lib/thumb/v6-m/nofp/libcr_c.a(fflush.o)
                              /usr/local/mcuxpressoide-11.8.0_1165/ide/plugins/com.nxp.mcuxpresso.tools.linux_11.8.0.202306131047/tools/bin/../lib/gcc/arm-none-eabi/12.2.1/../../../../arm-none-eabi/lib/thumb/v6-m/nofp/libcr_c.a(fclose.o) (fflush)
/usr/local/mcuxpressoide-11.8.0_1165/ide/plugins/com.nxp.mcuxpresso.tools.linux_11.8.0.202306131047/tools/bin/../lib/gcc/arm-none-eabi/12.2.1/../../../../arm-none-eabi/lib/thumb/v6-m/nofp/libcr_c.a(fseek.o)
                              /usr/local/mcuxpressoide-11.8.0_1165/ide/plugins/com.nxp.mcuxpresso.tools.linux_11.8.0.202306131047/tools/bin/../lib/gcc/arm-none-eabi/12.2.1/../../../../arm-none-eabi/lib/thumb/v6-m/nofp/libcr_c.a(_fdopen.o) (fseek)
/usr/local/mcuxpressoide-11.8.0_1165/ide/plugins/com.nxp.mcuxpresso.tools.linux_11.8.0.202306131047/tools/bin/../lib/gcc/arm-none-eabi/12.2.1/../../../../arm-none-eabi/lib/thumb/v6-m/nofp/libcr_c.a(ftell.o)
                              /usr/local/mcuxpressoide-11.8.0_1165/ide/plugins/com.nxp.mcuxpresso.tools.linux_11.8.0.202306131047/tools/bin/../lib/gcc/arm-none-eabi/12.2.1/../../../../arm-none-eabi/lib/thumb/v6-m/nofp/libcr_c.a(fseek.o) (ftell)
/usr/local/mcuxpressoide-11.8.0_1165/ide/plugins/com.nxp.mcuxpresso.tools.linux_11.8.0.202306131047/tools/bin/../lib/gcc/arm-none-eabi/12.2.1/../../../../arm-none-eabi/lib/thumb/v6-m/nofp/libcr_c.a(remove.o)
                              /usr/local/mcuxpressoide-11.8.0_1165/ide/plugins/com.nxp.mcuxpresso.tools.linux_11.8.0.202306131047/tools/bin/../lib/gcc/arm-none-eabi/12.2.1/../../../../arm-none-eabi/lib/thumb/v6-m/nofp/libcr_c.a(fclose.o) (remove)
[...]
Memory Configuration

Name             Origin             Length             Attributes
PROGRAM_FLASH    0x0000000000000000 0x0000000000020000 xr
SRAM             0x000000001ffff000 0x0000000000004000 xrw
*default*        0x0000000000000000 0xffffffffffffffff

Linker script and memory map

LOAD ./utilities/fsl_debug_console.o
LOAD ./startup/startup_mkl25z4.o
LOAD ./source/PES_Project.o
LOAD ./source/distance.o
LOAD ./source/fonts.o
LOAD ./source/i2c.o
LOAD ./source/mpu6050.o
LOAD ./source/mtb.o
LOAD ./source/oled.o
LOAD ./source/semihost_hardfault.o
LOAD ./source/timer.o
LOAD ./drivers/fsl_clock.o
LOAD ./drivers/fsl_common.o
LOAD ./drivers/fsl_flash.o
LOAD ./drivers/fsl_gpio.o
LOAD ./drivers/fsl_lpsci.o
LOAD ./drivers/fsl_smc.o
LOAD ./drivers/fsl_uart.o
LOAD ./board/board.o
LOAD ./board/clock_config.o
LOAD ./board/peripherals.o
LOAD ./board/pin_mux.o
LOAD ./CMSIS/system_MKL25Z4.o
START GROUP
LOAD /usr/local/mcuxpressoide-11.8.0_1165/ide/plugins/com.nxp.mcuxpresso.tools.linux_11.8.0.202306131047/tools/bin/../lib/gcc/arm-none-eabi/12.2.1/../../../../arm-none-eabi/lib/thumb/v6-m/nofp/libcr_nohost_nf.a
LOAD /usr/local/mcuxpressoide-11.8.0_1165/ide/plugins/com.nxp.mcuxpresso.tools.linux_11.8.0.202306131047/tools/bin/../lib/gcc/arm-none-eabi/12.2.1/../../../../arm-none-eabi/lib/thumb/v6-m/nofp/libcr_c.a
LOAD /usr/local/mcuxpressoide-11.8.0_1165/ide/plugins/com.nxp.mcuxpresso.tools.linux_11.8.0.202306131047/tools/bin/../lib/gcc/arm-none-eabi/12.2.1/thumb/v6-m/nofp/libcr_eabihelpers.a
LOAD /usr/local/mcuxpressoide-11.8.0_1165/ide/plugins/com.nxp.mcuxpresso.tools.linux_11.8.0.202306131047/tools/bin/../lib/gcc/arm-none-eabi/12.2.1/thumb/v6-m/nofp/libgcc.a
END GROUP
                0x0000000000000000                __base_PROGRAM_FLASH = 0x0
                0x0000000000000000                __base_Flash = 0x0
                0x0000000000020000                __top_PROGRAM_FLASH = 0x20000
                0x0000000000020000                __top_Flash = 0x20000
                0x000000001ffff000                __base_SRAM = 0x1ffff000
                0x000000001ffff000                __base_RAM = 0x1ffff000
                0x0000000020003000                __top_SRAM = 0x20003000
                0x0000000020003000                __top_RAM = 0x20003000

.text           0x0000000000000000     0x3820
 FILL mask 0xff
                0x0000000000000000                __vectors_start__ = ABSOLUTE (.)
 *(SORT_BY_ALIGNMENT(.isr_vector))
 .isr_vector    0x0000000000000000       0xc0 ./startup/startup_mkl25z4.o
                0x0000000000000000                __Vectors
                0x0000000000000000                g_pfnVectors
                0x00000000000000c0                . = ALIGN (0x4)
                0x00000000000000c0                __section_table_start = .
                0x00000000000000c0                __data_section_table = .
                0x00000000000000c0        0x4 LONG 0x3820 LOADADDR (.data)
                0x00000000000000c4        0x4 LONG 0x1ffff080 ADDR (.data)
                0x00000000000000c8        0x4 LONG 0x8 SIZEOF (.data)
                0x00000000000000cc                __data_section_table_end = .
                0x00000000000000cc                __bss_section_table = .
                0x00000000000000cc        0x4 LONG 0x1ffff088 ADDR (.bss)
                0x00000000000000d0        0x4 LONG 0x50c SIZEOF (.bss)
                0x00000000000000d4                __bss_section_table_end = .
                0x00000000000000d4                __section_table_end = .
 *(SORT_BY_ALIGNMENT(.after_vectors*))
 .after_vectors.reset
                0x00000000000000d4       0x4c ./startup/startup_mkl25z4.o
                0x00000000000000d4                ResetISR
 .after_vectors.init_data
                0x0000000000000120       0x12 ./startup/startup_mkl25z4.o
                0x0000000000000120                data_init
 .after_vectors.init_bss
                0x0000000000000132       0x10 ./startup/startup_mkl25z4.o
                0x0000000000000132                bss_init
 .after_vectors
                0x0000000000000142      0x10c ./startup/startup_mkl25z4.o
                0x0000000000000142                NMI_Handler
                0x0000000000000146                SVC_Handler
                0x0000000000000148                PendSV_Handler
                0x000000000000014a                SysTick_Handler
                0x000000000000014c                PIT_DriverIRQHandler
                0x000000000000014c                Reserved39_DriverIRQHandler
                0x000000000000014c                DMA0_DriverIRQHandler
                0x000000000000014c                SPI1_DriverIRQHandler
                0x000000000000014c                LPTMR0_DriverIRQHandler
                0x000000000000014c                TPM2_DriverIRQHandler
                0x000000000000014c                TSI0_DriverIRQHandler
                0x000000000000014c                RTC_Seconds_DriverIRQHandler
                0x000000000000014c                LLWU_DriverIRQHandler
                0x000000000000014c                MCG_DriverIRQHandler
                0x000000000000014c                FTFA_DriverIRQHandler
                0x000000000000014c                IntDefaultHandler
                0x000000000000014c                USB0_DriverIRQHandler
                0x000000000000014c                DAC0_DriverIRQHandler
                0x000000000000014c                LVD_LVW_DriverIRQHandler
                0x000000000000014c                TPM0_DriverIRQHandler
                0x000000000000014c                Reserved20_DriverIRQHandler
                0x000000000000014c                DMA3_DriverIRQHandler
                0x000000000000014c                Reserved45_DriverIRQHandler
                0x000000000000014c                PORTA_DriverIRQHandler
                0x000000000000014c                TPM1_DriverIRQHandler
                0x000000000000014c                RTC_DriverIRQHandler
                0x000000000000014c                DMA1_DriverIRQHandler
                0x000000000000014c                I2C1_DriverIRQHandler
                0x000000000000014c                SPI0_DriverIRQHandler
                0x000000000000014c                ADC0_DriverIRQHandler
                0x000000000000014c                CMP0_DriverIRQHandler
                0x000000000000014c                DMA2_DriverIRQHandler
                0x000000000000014c                PORTD_DriverIRQHandler
                0x000000000000014c                I2C0_DriverIRQHandler
                0x000000000000014e                DMA0_IRQHandler
                0x0000000000000156                DMA1_IRQHandler
                0x000000000000015e                DMA2_IRQHandler
                0x0000000000000166                DMA3_IRQHandler
                0x000000000000016e                Reserved20_IRQHandler
                0x0000000000000176                FTFA_IRQHandler
                0x000000000000017e                LVD_LVW_IRQHandler
                0x0000000000000186                LLWU_IRQHandler
                0x000000000000018e                I2C0_IRQHandler
                0x0000000000000196                I2C1_IRQHandler
                0x000000000000019e                SPI0_IRQHandler
                0x00000000000001a6                SPI1_IRQHandler
                0x00000000000001ae                UART0_IRQHandler
                0x00000000000001b6                UART1_IRQHandler
                0x00000000000001be                UART2_IRQHandler
                0x00000000000001c6                ADC0_IRQHandler
                0x00000000000001ce                CMP0_IRQHandler
                0x00000000000001d6                TPM0_IRQHandler
                0x00000000000001de                TPM1_IRQHandler
                0x00000000000001e6                TPM2_IRQHandler
                0x00000000000001ee                RTC_IRQHandler
                0x00000000000001f6                RTC_Seconds_IRQHandler
                0x00000000000001fe                PIT_IRQHandler
                0x0000000000000206                Reserved39_IRQHandler
                0x000000000000020e                USB0_IRQHandler
                0x0000000000000216                DAC0_IRQHandler
                0x000000000000021e                TSI0_IRQHandler
                0x0000000000000226                MCG_IRQHandler
                0x000000000000022e                LPTMR0_IRQHandler
                0x0000000000000236                Reserved45_IRQHandler
                0x000000000000023e                PORTA_IRQHandler
                0x0000000000000246                PORTD_IRQHandler
                0x0000000000000400                . = 0x400
 *fill*         0x000000000000024e      0x1b2 ff
                0x0000000000000400                PROVIDE (__FLASH_CONFIG_START__ = .)
 *(SORT_BY_ALIGNMENT(.FlashConfig))
 .FlashConfig   0x0000000000000400       0x10 ./startup/startup_mkl25z4.o
                0x0000000000000400                Flash_Config
                0x0000000000000410                PROVIDE (__FLASH_CONFIG_END__ = .)
                0x0000000000000001                ASSERT (! ((__FLASH_CONFIG_START__ == __FLASH_CONFIG_END__)), Linker Flash Config Support Enabled, but no .FlashConfig section provided within application)
 *(SORT_BY_ALIGNMENT(.text*))
 .text.DbgConsole_Init
                0x0000000000000410       0xf4 ./utilities/fsl_debug_console.o
                0x0000000000000410                DbgConsole_Init
 .text.DbgConsole_Printf
                0x0000000000000504       0x44 ./utilities/fsl_debug_console.o
                0x0000000000000504                DbgConsole_Printf
 .text.DbgConsole_Putchar
                0x0000000000000548       0x34 ./utilities/fsl_debug_console.o
                0x0000000000000548                DbgConsole_Putchar
 .text.main     0x000000000000057c       0xac ./source/PES_Project.o
                0x000000000000057c                main
 .text.initI2C  0x0000000000000628       0xa8 ./source/i2c.o
                0x0000000000000628                initI2C
 .text.startI2C
                0x00000000000006d0       0x30 ./source/i2c.o
                0x00000000000006d0                startI2C
 .text.stopI2C  0x0000000000000700       0x30 ./source/i2c.o
                0x0000000000000700                stopI2C
 .text.waitI2C  0x0000000000000730       0x4c ./source/i2c.o
                0x0000000000000730                waitI2C
 .text.writeI2C
                0x000000000000077c       0x20 ./source/i2c.o
                0x000000000000077c                writeI2C
 .text.readI2C  0x000000000000079c       0x14 ./source/i2c.o
                0x000000000000079c                readI2C
 .text.writeRegisterI2C
                0x00000000000007b0       0xd8 ./source/i2c.o
                0x00000000000007b0                writeRegisterI2C
 .text.readRegisterI2C
                0x0000000000000888      0x140 ./source/i2c.o
                0x0000000000000888                readRegisterI2C
 .text.i2c_read_setup
                0x00000000000009c8       0xc0 ./source/i2c.o
                0x00000000000009c8                i2c_read_setup
 .text.i2c_repeated_read
                0x0000000000000a88       0x9c ./source/i2c.o
                0x0000000000000a88                i2c_repeated_read
 .text.MPU_gyroConfig
                0x0000000000000b24       0x34 ./source/mpu6050.o
                0x0000000000000b24                MPU_gyroConfig
 .text.MPU_accelConfig
                0x0000000000000b58       0x34 ./source/mpu6050.o
                0x0000000000000b58                MPU_accelConfig
 .text.MPU_calibrate
                0x0000000000000b8c      0x160 ./source/mpu6050.o
                0x0000000000000b8c                MPU_calibrate
 .text.MPU_tempC
                0x0000000000000cec       0x70 ./source/mpu6050.o
                0x0000000000000cec                MPU_tempC
 .text.init_SSD1306
                0x0000000000000d5c      0x16c ./source/oled.o
                0x0000000000000d5c                init_SSD1306
 .text.fill_SSD1306
                0x0000000000000ec8       0x34 ./source/oled.o
                0x0000000000000ec8                fill_SSD1306
 .text.updateScreen_SSD1306
                0x0000000000000efc       0x68 ./source/oled.o
                0x0000000000000efc                updateScreen_SSD1306
 .text.HardFault_Handler
                0x0000000000000f64       0x38 ./source/semihost_hardfault.o
                0x0000000000000f64                HardFault_Handler
 .text.CLOCK_SetEr32kClock
                0x0000000000000f9c       0x34 ./drivers/fsl_clock.o
 .text.CLOCK_SetPllFllSelClock
                0x0000000000000fd0       0x38 ./drivers/fsl_clock.o
 .text.CLOCK_GetMcgExtClkFreq
                0x0000000000001008       0x28 ./drivers/fsl_clock.o
 .text.CLOCK_GetFllExtRefClkFreq
                0x0000000000001030       0xa8 ./drivers/fsl_clock.o
 .text.CLOCK_GetFllRefClkFreq
                0x00000000000010d8       0x2c ./drivers/fsl_clock.o
 .text.CLOCK_GetOscRangeFromFreq
                0x0000000000001104       0x4c ./drivers/fsl_clock.o
 .text.CLOCK_GetPllFllSelClkFreq
                0x0000000000001150       0x4c ./drivers/fsl_clock.o
                0x0000000000001150                CLOCK_GetPllFllSelClkFreq
 .text.CLOCK_SetSimConfig
                0x000000000000119c       0x38 ./drivers/fsl_clock.o
                0x000000000000119c                CLOCK_SetSimConfig
 .text.CLOCK_GetFllFreq
                0x00000000000011d4       0x84 ./drivers/fsl_clock.o
                0x00000000000011d4                CLOCK_GetFllFreq
 .text.CLOCK_GetPll0Freq
                0x0000000000001258       0x70 ./drivers/fsl_clock.o
                0x0000000000001258                CLOCK_GetPll0Freq
 .text.CLOCK_SetInternalRefClkConfig
                0x00000000000012c8      0x124 ./drivers/fsl_clock.o
                0x00000000000012c8                CLOCK_SetInternalRefClkConfig
 .text.CLOCK_EnablePll0
                0x00000000000013ec       0x94 ./drivers/fsl_clock.o
                0x00000000000013ec                CLOCK_EnablePll0
 .text.CLOCK_InitOsc0
                0x0000000000001480       0x94 ./drivers/fsl_clock.o
                0x0000000000001480                CLOCK_InitOsc0
 .text.CLOCK_SetPbeMode
                0x0000000000001514       0xb0 ./drivers/fsl_clock.o
                0x0000000000001514                CLOCK_SetPbeMode
 .text.CLOCK_BootToPeeMode
                0x00000000000015c4       0x70 ./drivers/fsl_clock.o
                0x00000000000015c4                CLOCK_BootToPeeMode
 .text.__assertion_failed
                0x0000000000001634       0x1c ./drivers/fsl_common.o
                0x0000000000001634                __assertion_failed
 .text.CLOCK_EnableClock
                0x0000000000001650       0x34 ./drivers/fsl_lpsci.o
 .text.LPSCI_GetInstance
                0x0000000000001684       0x48 ./drivers/fsl_lpsci.o
                0x0000000000001684                LPSCI_GetInstance
 .text.LPSCI_Init
                0x00000000000016cc      0x258 ./drivers/fsl_lpsci.o
                0x00000000000016cc                LPSCI_Init
 .text.LPSCI_GetDefaultConfig
                0x0000000000001924       0x44 ./drivers/fsl_lpsci.o
                0x0000000000001924                LPSCI_GetDefaultConfig
 .text.LPSCI_ClearStatusFlags
                0x0000000000001968       0x94 ./drivers/fsl_lpsci.o
                0x0000000000001968                LPSCI_ClearStatusFlags
 .text.LPSCI_WriteBlocking
                0x00000000000019fc       0x4c ./drivers/fsl_lpsci.o
                0x00000000000019fc                LPSCI_WriteBlocking
 .text.LPSCI_ReadBlocking
                0x0000000000001a48       0xc0 ./drivers/fsl_lpsci.o
                0x0000000000001a48                LPSCI_ReadBlocking
 .text.UART0_DriverIRQHandler
                0x0000000000001b08       0x24 ./drivers/fsl_lpsci.o
                0x0000000000001b08                UART0_DriverIRQHandler
 .text.CLOCK_EnableClock
                0x0000000000001b2c       0x34 ./drivers/fsl_uart.o
 .text.UART_GetInstance
                0x0000000000001b60       0x54 ./drivers/fsl_uart.o
                0x0000000000001b60                UART_GetInstance
 .text.UART_Init
                0x0000000000001bb4      0x1e0 ./drivers/fsl_uart.o
                0x0000000000001bb4                UART_Init
 .text.UART_GetDefaultConfig
                0x0000000000001d94       0x44 ./drivers/fsl_uart.o
                0x0000000000001d94                UART_GetDefaultConfig
 .text.UART_ReadBlocking
                0x0000000000001dd8       0x98 ./drivers/fsl_uart.o
                0x0000000000001dd8                UART_ReadBlocking
 .text.UART1_DriverIRQHandler
                0x0000000000001e70       0x24 ./drivers/fsl_uart.o
                0x0000000000001e70                UART1_DriverIRQHandler
 .text.UART2_DriverIRQHandler
                0x0000000000001e94       0x24 ./drivers/fsl_uart.o
                0x0000000000001e94                UART2_DriverIRQHandler
 .text.CLOCK_SetLpsci0Clock
                0x0000000000001eb8       0x38 ./board/board.o
 .text.BOARD_InitDebugConsole
                0x0000000000001ef0       0x30 ./board/board.o
                0x0000000000001ef0                BOARD_InitDebugConsole
 .text.CLOCK_SetSimSafeDivs
                0x0000000000001f20       0x20 ./board/clock_config.o
 .text.CLOCK_SetXtal0Freq
                0x0000000000001f40       0x1c ./board/clock_config.o
 .text.CLOCK_CONFIG_SetFllExtRefDiv
                0x0000000000001f5c       0x3c ./board/clock_config.o
 .text.BOARD_BootClockRUN
                0x0000000000001f98       0x64 ./board/clock_config.o
                0x0000000000001f98                BOARD_BootClockRUN
 .text.CLOCK_EnableClock
                0x0000000000001ffc       0x34 ./board/pin_mux.o
 .text.PORT_SetPinMux
                0x0000000000002030       0x40 ./board/pin_mux.o
 .text.BOARD_InitPins
                0x0000000000002070       0x4c ./board/pin_mux.o
                0x0000000000002070                BOARD_InitPins
 .text.SystemInit
                0x00000000000020bc       0x18 ./CMSIS/system_MKL25Z4.o
                0x00000000000020bc                SystemInit
 .text._initio  0x00000000000020d4       0x7c /usr/local/mcuxpressoide-11.8.0_1165/ide/plugins/com.nxp.mcuxpresso.tools.linux_11.8.0.202306131047/tools/bin/../lib/gcc/arm-none-eabi/12.2.1/../../../../arm-none-eabi/lib/thumb/v6-m/nofp/libcr_c.a(initio.o)
                0x00000000000020d4                _initio
 .text.setvbuf  0x0000000000002150       0x4c /usr/local/mcuxpressoide-11.8.0_1165/ide/plugins/com.nxp.mcuxpresso.tools.linux_11.8.0.202306131047/tools/bin/../lib/gcc/arm-none-eabi/12.2.1/../../../../arm-none-eabi/lib/thumb/v6-m/nofp/libcr_c.a(setvbuf.o)
                0x0000000000002150                setvbuf
 .text.strlen   0x000000000000219c       0x5c /usr/local/mcuxpressoide-11.8.0_1165/ide/plugins/com.nxp.mcuxpresso.tools.linux_11.8.0.202306131047/tools/bin/../lib/gcc/arm-none-eabi/12.2.1/../../../../arm-none-eabi/lib/thumb/v6-m/nofp/libcr_c.a(strlen.o)
                0x000000000000219c                strlen
 .text._fdopen  0x00000000000021f8       0x74 /usr/local/mcuxpressoide-11.8.0_1165/ide/plugins/com.nxp.mcuxpresso.tools.linux_11.8.0.202306131047/tools/bin/../lib/gcc/arm-none-eabi/12.2.1/../../../../arm-none-eabi/lib/thumb/v6-m/nofp/libcr_c.a(_fdopen.o)
                0x00000000000021f8                _fdopen
 .text.fclose   0x000000000000226c       0x5c /usr/local/mcuxpressoide-11.8.0_1165/ide/plugins/com.nxp.mcuxpresso.tools.linux_11.8.0.202306131047/tools/bin/../lib/gcc/arm-none-eabi/12.2.1/../../../../arm-none-eabi/lib/thumb/v6-m/nofp/libcr_c.a(fclose.o)
                0x000000000000226c                fclose
 .text.fflush   0x00000000000022c8       0x40 /usr/local/mcuxpressoide-11.8.0_1165/ide/plugins/com.nxp.mcuxpresso.tools.linux_11.8.0.202306131047/tools/bin/../lib/gcc/arm-none-eabi/12.2.1/../../../../arm-none-eabi/lib/thumb/v6-m/nofp/libcr_c.a(fflush.o)
                0x00000000000022c8                fflush
 .text.fseek    0x0000000000002308       0xec /usr/local/mcuxpressoide-11.8.0_1165/ide/plugins/com.nxp.mcuxpresso.tools.linux_11.8.0.202306131047/tools/bin/../lib/gcc/arm-none-eabi/12.2.1/../../../../arm-none-eabi/lib/thumb/v6-m/nofp/libcr_c.a(fseek.o)
                0x0000000000002308                fseek
 .text.ftell    0x00000000000023f4       0x4c /usr/local/mcuxpressoide-11.8.0_1165/ide/plugins/com.nxp.mcuxpresso.tools.linux_11.8.0.202306131047/tools/bin/../lib/gcc/arm-none-eabi/12.2.1/../../../../arm-none-eabi/lib/thumb/v6-m/nofp/libcr_c.a(ftell.o)
                0x00000000000023f4                ftell
 .text._do_fflush
                0x0000000000002440       0x48 /usr/local/mcuxpressoide-11.8.0_1165/ide/plugins/com.nxp.mcuxpresso.tools.linux_11.8.0.202306131047/tools/bin/../lib/gcc/arm-none-eabi/12.2.1/../../../../arm-none-eabi/lib/thumb/v6-m/nofp/libcr_c.a(_do_fflush.o)
                0x0000000000002440                _do_fflush
 .text._fflush  0x0000000000002488       0x5c /usr/local/mcuxpressoide-11.8.0_1165/ide/plugins/com.nxp.mcuxpresso.tools.linux_11.8.0.202306131047/tools/bin/../lib/gcc/arm-none-eabi/12.2.1/../../../../arm-none-eabi/lib/thumb/v6-m/nofp/libcr_c.a(_fflush.o)
                0x0000000000002488                _fflush
 .text._Cwritebuf
                0x00000000000024e4       0x68 /usr/local/mcuxpressoide-11.8.0_1165/ide/plugins/com.nxp.mcuxpresso.tools.linux_11.8.0.202306131047/tools/bin/../lib/gcc/arm-none-eabi/12.2.1/../../../../arm-none-eabi/lib/thumb/v6-m/nofp/libcr_c.a(_writebuf.o)
                0x00000000000024e4                _Cwritebuf
 .text._deferredlazyseek
                0x000000000000254c       0x40 /usr/local/mcuxpressoide-11.8.0_1165/ide/plugins/com.nxp.mcuxpresso.tools.linux_11.8.0.202306131047/tools/bin/../lib/gcc/arm-none-eabi/12.2.1/../../../../arm-none-eabi/lib/thumb/v6-m/nofp/libcr_c.a(_deferredlazyseek.o)
                0x000000000000254c                _deferredlazyseek
 .text.__aeabi_dsub
                0x000000000000258c      0x1d4 /usr/local/mcuxpressoide-11.8.0_1165/ide/plugins/com.nxp.mcuxpresso.tools.linux_11.8.0.202306131047/tools/bin/../lib/gcc/arm-none-eabi/12.2.1/thumb/v6-m/nofp/libcr_eabihelpers.a(double.o)
                0x000000000000258c                __aeabi_dsub
 .text.__aeabi_dadd
                0x0000000000002760      0x150 /usr/local/mcuxpressoide-11.8.0_1165/ide/plugins/com.nxp.mcuxpresso.tools.linux_11.8.0.202306131047/tools/bin/../lib/gcc/arm-none-eabi/12.2.1/thumb/v6-m/nofp/libcr_eabihelpers.a(double.o)
                0x0000000000002760                __aeabi_dadd
 .text.__aeabi_d2f
                0x00000000000028b0       0x64 /usr/local/mcuxpressoide-11.8.0_1165/ide/plugins/com.nxp.mcuxpresso.tools.linux_11.8.0.202306131047/tools/bin/../lib/gcc/arm-none-eabi/12.2.1/thumb/v6-m/nofp/libcr_eabihelpers.a(double.o)
                0x00000000000028b0                __aeabi_d2f
 .text.__aeabi_f2d
                0x0000000000002914       0x40 /usr/local/mcuxpressoide-11.8.0_1165/ide/plugins/com.nxp.mcuxpresso.tools.linux_11.8.0.202306131047/tools/bin/../lib/gcc/arm-none-eabi/12.2.1/thumb/v6-m/nofp/libcr_eabihelpers.a(float.o)
                0x0000000000002914                __aeabi_f2d
 .text.UART_EnableTx
                0x0000000000002954       0x40 ./utilities/fsl_debug_console.o
 .text.UART_EnableRx
                0x0000000000002994       0x40 ./utilities/fsl_debug_console.o
 .text.LPSCI_EnableTx
                0x00000000000029d4       0x40 ./utilities/fsl_debug_console.o
 .text.LPSCI_EnableRx
                0x0000000000002a14       0x40 ./utilities/fsl_debug_console.o
 .text.DbgConsole_PrintfPaddingCharacter
                0x0000000000002a54       0x48 ./utilities/fsl_debug_console.o
 .text.DbgConsole_ConvertRadixNumToString
                0x0000000000002a9c      0x114 ./utilities/fsl_debug_console.o
 .text.DbgConsole_PrintfFormattedData
                0x0000000000002bb0      0x33a ./utilities/fsl_debug_console.o
 .text.writeMultRegisterI2C
                0x0000000000002eea       0x94 ./source/i2c.o
                0x0000000000002eea                writeMultRegisterI2C
 .text.delay    0x0000000000002f7e       0x2c ./source/i2c.o
                0x0000000000002f7e                delay
 .text.init_MPU
                0x0000000000002faa       0x22 ./source/mpu6050.o
                0x0000000000002faa                init_MPU
 .text.read_full_xyz
                0x0000000000002fcc       0xd8 ./source/mpu6050.o
                0x0000000000002fcc                read_full_xyz
 .text.MPU_accelXraw
                0x00000000000030a4       0x2e ./source/mpu6050.o
                0x00000000000030a4                MPU_accelXraw
 .text.MPU_accelYraw
                0x00000000000030d2       0x2e ./source/mpu6050.o
                0x00000000000030d2                MPU_accelYraw
 .text.MPU_accelZraw
                0x0000000000003100       0x2e ./source/mpu6050.o
                0x0000000000003100                MPU_accelZraw
 .text.MPU_gyroXraw
                0x000000000000312e       0x2e ./source/mpu6050.o
                0x000000000000312e                MPU_gyroXraw
 .text.MPU_gyroYraw
                0x000000000000315c       0x2e ./source/mpu6050.o
                0x000000000000315c                MPU_gyroYraw
 .text.MPU_gyroZraw
                0x000000000000318a       0x2e ./source/mpu6050.o
                0x000000000000318a                MPU_gyroZraw
 .text.delay_mpu
                0x00000000000031b8       0x2c ./source/mpu6050.o
                0x00000000000031b8                delay_mpu
 .text.OSC_SetExtRefClkConfig
                0x00000000000031e4       0x3e ./drivers/fsl_clock.o
 .text.OSC_SetCapLoad
                0x0000000000003222       0x42 ./drivers/fsl_clock.o
 .text.CLOCK_GetPll0RefFreq
                0x0000000000003264       0x10 ./drivers/fsl_clock.o
 .text.CLOCK_SetExternalRefClkConfig
                0x0000000000003274       0x16 ./drivers/fsl_clock.o
                0x0000000000003274                CLOCK_SetExternalRefClkConfig
 .text.LPSCI_GetStatusFlags
                0x000000000000328a       0x26 ./drivers/fsl_lpsci.o
                0x000000000000328a                LPSCI_GetStatusFlags
 .text.UART_GetStatusFlags
                0x00000000000032b0       0x26 ./drivers/fsl_uart.o
                0x00000000000032b0                UART_GetStatusFlags
 .text.UART_WriteBlocking
                0x00000000000032d6       0x3c ./drivers/fsl_uart.o
                0x00000000000032d6                UART_WriteBlocking
 .text.BOARD_InitBootClocks
                0x0000000000003312        0xe ./board/clock_config.o
                0x0000000000003312                BOARD_InitBootClocks
 .text.BOARD_InitBootPeripherals
                0x0000000000003320        0xa ./board/peripherals.o
                0x0000000000003320                BOARD_InitBootPeripherals
 .text.BOARD_InitBootPins
                0x000000000000332a        0xe ./board/pin_mux.o
                0x000000000000332a                BOARD_InitBootPins
 .text.__main   0x0000000000003338        0xc /usr/local/mcuxpressoide-11.8.0_1165/ide/plugins/com.nxp.mcuxpresso.tools.linux_11.8.0.202306131047/tools/bin/../lib/gcc/arm-none-eabi/12.2.1/../../../../arm-none-eabi/lib/thumb/v6-m/nofp/libcr_nohost_nf.a(_cr__main.o)
                0x0000000000003338                __main
 .text.memset   0x0000000000003344        0x8 /usr/local/mcuxpressoide-11.8.0_1165/ide/plugins/com.nxp.mcuxpresso.tools.linux_11.8.0.202306131047/tools/bin/../lib/gcc/arm-none-eabi/12.2.1/../../../../arm-none-eabi/lib/thumb/v6-m/nofp/libcr_c.a(memset.o)
                0x0000000000003344                memset
 .text.remove   0x000000000000334c       0x12 /usr/local/mcuxpressoide-11.8.0_1165/ide/plugins/com.nxp.mcuxpresso.tools.linux_11.8.0.202306131047/tools/bin/../lib/gcc/arm-none-eabi/12.2.1/../../../../arm-none-eabi/lib/thumb/v6-m/nofp/libcr_c.a(remove.o)
                0x000000000000334c                remove
 .text.free     0x000000000000335e       0x2c /usr/local/mcuxpressoide-11.8.0_1165/ide/plugins/com.nxp.mcuxpresso.tools.linux_11.8.0.202306131047/tools/bin/../lib/gcc/arm-none-eabi/12.2.1/../../../../arm-none-eabi/lib/thumb/v6-m/nofp/libcr_c.a(alloc.o)
                0x000000000000335e                free
 .text.__aeabi_division_idivmod
                0x000000000000338a       0x78 /usr/local/mcuxpressoide-11.8.0_1165/ide/plugins/com.nxp.mcuxpresso.tools.linux_11.8.0.202306131047/tools/bin/../lib/gcc/arm-none-eabi/12.2.1/thumb/v6-m/nofp/libcr_eabihelpers.a(division_32.o)
                0x000000000000338a                __aeabi_idiv
                0x000000000000338a                __aeabi_idivmod
                0x0000000000003390                __aeabi_uidiv
                0x0000000000003390                __aeabi_uidivmod
 .text.__aeabi_division_idiv0
                0x0000000000003402        0x2 /usr/local/mcuxpressoide-11.8.0_1165/ide/plugins/com.nxp.mcuxpresso.tools.linux_11.8.0.202306131047/tools/bin/../lib/gcc/arm-none-eabi/12.2.1/thumb/v6-m/nofp/libcr_eabihelpers.a(division_idiv0.o)
                0x0000000000003402                __aeabi_idiv0
 .text.__bhs_ui2d
                0x0000000000003404       0x5e /usr/local/mcuxpressoide-11.8.0_1165/ide/plugins/com.nxp.mcuxpresso.tools.linux_11.8.0.202306131047/tools/bin/../lib/gcc/arm-none-eabi/12.2.1/thumb/v6-m/nofp/libcr_eabihelpers.a(double.o)
                0x0000000000003404                __bhs_ui2d
 .text.__aeabi_i2d
                0x0000000000003462       0x18 /usr/local/mcuxpressoide-11.8.0_1165/ide/plugins/com.nxp.mcuxpresso.tools.linux_11.8.0.202306131047/tools/bin/../lib/gcc/arm-none-eabi/12.2.1/thumb/v6-m/nofp/libcr_eabihelpers.a(double.o)
                0x0000000000003462                __aeabi_i2d
 .text.__bhs_ui2f
                0x000000000000347a       0x60 /usr/local/mcuxpressoide-11.8.0_1165/ide/plugins/com.nxp.mcuxpresso.tools.linux_11.8.0.202306131047/tools/bin/../lib/gcc/arm-none-eabi/12.2.1/thumb/v6-m/nofp/libcr_eabihelpers.a(float.o)
                0x000000000000347a                __bhs_ui2f
 .text.__aeabi_i2f
                0x00000000000034da       0x18 /usr/local/mcuxpressoide-11.8.0_1165/ide/plugins/com.nxp.mcuxpresso.tools.linux_11.8.0.202306131047/tools/bin/../lib/gcc/arm-none-eabi/12.2.1/thumb/v6-m/nofp/libcr_eabihelpers.a(float.o)
                0x00000000000034da                __aeabi_i2f
 .text.__aeabi_memset_lowlevel
                0x00000000000034f2       0x2a /usr/local/mcuxpressoide-11.8.0_1165/ide/plugins/com.nxp.mcuxpresso.tools.linux_11.8.0.202306131047/tools/bin/../lib/gcc/arm-none-eabi/12.2.1/thumb/v6-m/nofp/libcr_eabihelpers.a(memcpy.o)
                0x00000000000034f2                __aeabi_lowlevel_memset
 .text.__sys_close
                0x000000000000351c        0x6 /usr/local/mcuxpressoide-11.8.0_1165/ide/plugins/com.nxp.mcuxpresso.tools.linux_11.8.0.202306131047/tools/bin/../lib/gcc/arm-none-eabi/12.2.1/../../../../arm-none-eabi/lib/thumb/v6-m/nofp/libcr_nohost_nf.a(__sys_close.o)
                0x000000000000351c                __sys_close
 .text.__sys_flen
                0x0000000000003522        0x6 /usr/local/mcuxpressoide-11.8.0_1165/ide/plugins/com.nxp.mcuxpresso.tools.linux_11.8.0.202306131047/tools/bin/../lib/gcc/arm-none-eabi/12.2.1/../../../../arm-none-eabi/lib/thumb/v6-m/nofp/libcr_nohost_nf.a(__sys_flen.o)
                0x0000000000003522                __sys_flen
 .text.__sys_istty
                0x0000000000003528        0x6 /usr/local/mcuxpressoide-11.8.0_1165/ide/plugins/com.nxp.mcuxpresso.tools.linux_11.8.0.202306131047/tools/bin/../lib/gcc/arm-none-eabi/12.2.1/../../../../arm-none-eabi/lib/thumb/v6-m/nofp/libcr_nohost_nf.a(__sys_istty.o)
                0x0000000000003528                __sys_istty
 .text.__sys_remove
                0x000000000000352e        0x6 /usr/local/mcuxpressoide-11.8.0_1165/ide/plugins/com.nxp.mcuxpresso.tools.linux_11.8.0.202306131047/tools/bin/../lib/gcc/arm-none-eabi/12.2.1/../../../../arm-none-eabi/lib/thumb/v6-m/nofp/libcr_nohost_nf.a(__sys_remove.o)
                0x000000000000352e                __sys_remove
 .text.__sys_seek
                0x0000000000003534        0x6 /usr/local/mcuxpressoide-11.8.0_1165/ide/plugins/com.nxp.mcuxpresso.tools.linux_11.8.0.202306131047/tools/bin/../lib/gcc/arm-none-eabi/12.2.1/../../../../arm-none-eabi/lib/thumb/v6-m/nofp/libcr_nohost_nf.a(__sys_seek.o)
                0x0000000000003534                __sys_seek
 .text.__sys_tmpnam
                0x000000000000353a        0x6 /usr/local/mcuxpressoide-11.8.0_1165/ide/plugins/com.nxp.mcuxpresso.tools.linux_11.8.0.202306131047/tools/bin/../lib/gcc/arm-none-eabi/12.2.1/../../../../arm-none-eabi/lib/thumb/v6-m/nofp/libcr_nohost_nf.a(__sys_tmpnam.o)
                0x000000000000353a                __sys_tmpnam
 .text.__sys_write
                0x0000000000003540        0x4 /usr/local/mcuxpressoide-11.8.0_1165/ide/plugins/com.nxp.mcuxpresso.tools.linux_11.8.0.202306131047/tools/bin/../lib/gcc/arm-none-eabi/12.2.1/../../../../arm-none-eabi/lib/thumb/v6-m/nofp/libcr_nohost_nf.a(__sys_write.o)
                0x0000000000003540                __sys_write
 *(SORT_BY_ALIGNMENT(.rodata) SORT_BY_ALIGNMENT(.rodata.*) SORT_BY_ALIGNMENT(.constdata) SORT_BY_ALIGNMENT(.constdata.*))
 .rodata.main.str1.4
                0x0000000000003544       0x59 ./source/PES_Project.o
 *fill*         0x000000000000359d        0x3 ff
 .rodata.MPU_calibrate.str1.4
                0x00000000000035a0       0x38 ./source/mpu6050.o
 .rodata.CLOCK_GetMcgExtClkFreq.str1.4
                0x00000000000035d8       0x1e ./drivers/fsl_clock.o
 *fill*         0x00000000000035f6        0x2 ff
 .rodata.CLOCK_GetPll0Freq.str1.4
                0x00000000000035f8       0x1d ./drivers/fsl_clock.o
 *fill*         0x0000000000003615        0x3 ff
 .rodata.CLOCK_EnablePll0.str1.4
                0x0000000000003618       0x19 ./drivers/fsl_clock.o
 *fill*         0x0000000000003631        0x3 ff
 .rodata.CLOCK_SetPbeMode.str1.4
                0x0000000000003634       0x1a ./drivers/fsl_clock.o
 *fill*         0x000000000000364e        0x2 ff
 .rodata.CLOCK_BootToPeeMode.str1.4
                0x0000000000003650       0x1a ./drivers/fsl_clock.o
 *fill*         0x000000000000366a        0x2 ff
 .rodata.fllFactorTable.1
                0x000000000000366c       0x10 ./drivers/fsl_clock.o
 .rodata.__assertion_failed.str1.4
                0x000000000000367c        0x4 ./drivers/fsl_common.o
 .rodata.LPSCI_GetInstance.str1.4
                0x0000000000003680       0x36 ./drivers/fsl_lpsci.o
 *fill*         0x00000000000036b6        0x2 ff
 .rodata.LPSCI_Init.str1.4
                0x00000000000036b8       0x43 ./drivers/fsl_lpsci.o
 *fill*         0x00000000000036fb        0x1 ff
 .rodata.LPSCI_GetDefaultConfig.str1.4
                0x00000000000036fc       0x19 ./drivers/fsl_lpsci.o
 *fill*         0x0000000000003715        0x3 ff
 .rodata.LPSCI_WriteBlocking.str1.4
                0x0000000000003718       0x17 ./drivers/fsl_lpsci.o
 *fill*         0x000000000000372f        0x1 ff
 .rodata.LPSCI_ReadBlocking.str1.4
                0x0000000000003730       0x17 ./drivers/fsl_lpsci.o
 *fill*         0x0000000000003747        0x1 ff
 .rodata.s_uartBases
                0x0000000000003748        0xc ./drivers/fsl_uart.o
 .rodata.s_uartClock
                0x0000000000003754        0xc ./drivers/fsl_uart.o
 .rodata.UART_GetInstance.str1.4
                0x0000000000003760       0x2b ./drivers/fsl_uart.o
 *fill*         0x000000000000378b        0x1 ff
 .rodata.UART_Init.str1.4
                0x000000000000378c       0x3e ./drivers/fsl_uart.o
 *fill*         0x00000000000037ca        0x2 ff
 .rodata.UART_GetDefaultConfig.str1.4
                0x00000000000037cc       0x18 ./drivers/fsl_uart.o
 .rodata.UART_ReadBlocking.str1.4
                0x00000000000037e4       0x16 ./drivers/fsl_uart.o
 *fill*         0x00000000000037fa        0x2 ff
 .rodata.mcgConfig_BOARD_BootClockRUN
                0x00000000000037fc        0xa ./board/clock_config.o
                0x00000000000037fc                mcgConfig_BOARD_BootClockRUN
 *fill*         0x0000000000003806        0x2 ff
 .rodata.simConfig_BOARD_BootClockRUN
                0x0000000000003808        0x8 ./board/clock_config.o
                0x0000000000003808                simConfig_BOARD_BootClockRUN
 .rodata.oscConfig_BOARD_BootClockRUN
                0x0000000000003810        0x8 ./board/clock_config.o
                0x0000000000003810                oscConfig_BOARD_BootClockRUN
 .rodata.__num_Ciob_streams
                0x0000000000003818        0x4 /usr/local/mcuxpressoide-11.8.0_1165/ide/plugins/com.nxp.mcuxpresso.tools.linux_11.8.0.202306131047/tools/bin/../lib/gcc/arm-none-eabi/12.2.1/../../../../arm-none-eabi/lib/thumb/v6-m/nofp/libcr_nohost_nf.a(__ciob.o)
                0x0000000000003818                __num_Ciob_streams
 .rodata._initio.str1.1
                0x000000000000381c        0x4 /usr/local/mcuxpressoide-11.8.0_1165/ide/plugins/com.nxp.mcuxpresso.tools.linux_11.8.0.202306131047/tools/bin/../lib/gcc/arm-none-eabi/12.2.1/../../../../arm-none-eabi/lib/thumb/v6-m/nofp/libcr_c.a(initio.o)
                0x0000000000003820                . = ALIGN (0x4)

.glue_7         0x0000000000003820        0x0
 .glue_7        0x0000000000003820        0x0 linker stubs

.glue_7t        0x0000000000003820        0x0
 .glue_7t       0x0000000000003820        0x0 linker stubs

.vfp11_veneer   0x0000000000003820        0x0
 .vfp11_veneer  0x0000000000003820        0x0 linker stubs

.v4_bx          0x0000000000003820        0x0
 .v4_bx         0x0000000000003820        0x0 linker stubs

.iplt           0x0000000000003820        0x0
 .iplt          0x0000000000003820        0x0 ./utilities/fsl_debug_console.o

.rel.dyn        0x0000000000003820        0x0
 .rel.iplt      0x0000000000003820        0x0 ./utilities/fsl_debug_console.o

.ARM.extab
 *(SORT_BY_ALIGNMENT(.ARM.extab*) SORT_BY_ALIGNMENT(.gnu.linkonce.armextab.*))

.ARM.exidx      0x0000000000003820        0x0
                0x0000000000003820                __exidx_start = .
 *(SORT_BY_ALIGNMENT(.ARM.exidx*) SORT_BY_ALIGNMENT(.gnu.linkonce.armexidx.*))
                0x0000000000003820                __exidx_end = .
                0x0000000000003820                _etext = .

.m_usb_data
 *(SORT_BY_ALIGNMENT(m_usb_bdt))

.mtb_buffer_default
                0x000000001ffff000       0x80
 *(SORT_BY_ALIGNMENT(.mtb*))
 .mtb.$RAM1     0x000000001ffff000       0x80 ./source/mtb.o
                0x000000001ffff000                __mtb_buffer__

.uninit_RESERVED
                0x000000001ffff080        0x0
                0x000000001ffff080                _start_uninit_RESERVED = .
 *(SORT_BY_ALIGNMENT(.bss.$RESERVED*))
                0x000000001ffff080                . = ALIGN (0x4)
                0x000000001ffff080                _end_uninit_RESERVED = .

.data           0x000000001ffff080        0x8 load address 0x0000000000003820
 FILL mask 0xff
                0x000000001ffff080                _data = .
                [!provide]                        PROVIDE (__start_data_RAM = .)
                [!provide]                        PROVIDE (__start_data_SRAM = .)
 *(SORT_BY_ALIGNMENT(vtable))
 *(SORT_BY_ALIGNMENT(.ramfunc*))
 *(SORT_BY_ALIGNMENT(CodeQuickAccess))
 *(SORT_BY_ALIGNMENT(DataQuickAccess))
 *(SORT_BY_ALIGNMENT(RamFunction))
 *(SORT_BY_ALIGNMENT(.data*))
 .data.s_slowIrcFreq
                0x000000001ffff080        0x4 ./drivers/fsl_clock.o
 .data.SystemCoreClock
                0x000000001ffff084        0x4 ./CMSIS/system_MKL25Z4.o
                0x000000001ffff084                SystemCoreClock
                0x000000001ffff088                . = ALIGN (0x4)
                0x000000001ffff088                _edata = .
                [!provide]                        PROVIDE (__end_data_RAM = .)
                [!provide]                        PROVIDE (__end_data_SRAM = .)

.igot.plt       0x000000001ffff088        0x0 load address 0x0000000000003828
 .igot.plt      0x000000001ffff088        0x0 ./utilities/fsl_debug_console.o

.bss            0x000000001ffff088      0x50c
                0x000000001ffff088                _bss = .
                [!provide]                        PROVIDE (__start_bss_RAM = .)
                [!provide]                        PROVIDE (__start_bss_SRAM = .)
 *(SORT_BY_ALIGNMENT(.bss*))
 .bss.s_debugConsole
                0x000000001ffff088       0x10 ./utilities/fsl_debug_console.o
 .bss.lock_detect
                0x000000001ffff098        0x4 ./source/i2c.o
                0x000000001ffff098                lock_detect
 .bss.MPU_accel_offset
                0x000000001ffff09c        0xc ./source/mpu6050.o
                0x000000001ffff09c                MPU_accel_offset
 .bss.MPU_gyro_offset
                0x000000001ffff0a8        0xc ./source/mpu6050.o
                0x000000001ffff0a8                MPU_gyro_offset
 .bss.SSD1306_Buffer
                0x000000001ffff0b4      0x400 ./source/oled.o
 .bss.SSD1306   0x000000001ffff4b4        0x6 ./source/oled.o
 *fill*         0x000000001ffff4ba        0x2 
 .bss.g_xtal0Freq
                0x000000001ffff4bc        0x4 ./drivers/fsl_clock.o
                0x000000001ffff4bc                g_xtal0Freq
 .bss.s_lpsciHandle
                0x000000001ffff4c0        0x4 ./drivers/fsl_lpsci.o
 .bss.s_lpsciIsr
                0x000000001ffff4c4        0x4 ./drivers/fsl_lpsci.o
 .bss.s_uartHandle
                0x000000001ffff4c8        0xc ./drivers/fsl_uart.o
 .bss.s_uartIsr
                0x000000001ffff4d4        0x4 ./drivers/fsl_uart.o
 .bss.errno     0x000000001ffff4d8        0x4 /usr/local/mcuxpressoide-11.8.0_1165/ide/plugins/com.nxp.mcuxpresso.tools.linux_11.8.0.202306131047/tools/bin/../lib/gcc/arm-none-eabi/12.2.1/../../../../arm-none-eabi/lib/thumb/v6-m/nofp/libcr_c.a(errno.o)
                0x000000001ffff4d8                errno
 .bss.__Ciob    0x000000001ffff4dc       0xb4 /usr/local/mcuxpressoide-11.8.0_1165/ide/plugins/com.nxp.mcuxpresso.tools.linux_11.8.0.202306131047/tools/bin/../lib/gcc/arm-none-eabi/12.2.1/../../../../arm-none-eabi/lib/thumb/v6-m/nofp/libcr_nohost_nf.a(__ciob.o)
                0x000000001ffff4dc                __Ciob
 .bss.gyroRange
                0x000000001ffff590        0x1 ./source/mpu6050.o
 .bss.accelRange
                0x000000001ffff591        0x1 ./source/mpu6050.o
 *(SORT_BY_ALIGNMENT(COMMON))
                0x000000001ffff594                . = ALIGN (0x4)
 *fill*         0x000000001ffff592        0x2 
                0x000000001ffff594                _ebss = .
                [!provide]                        PROVIDE (__end_bss_RAM = .)
                [!provide]                        PROVIDE (__end_bss_SRAM = .)
                [!provide]                        PROVIDE (end = .)

.noinit         0x000000001ffff594        0x0
                0x000000001ffff594                _noinit = .
                [!provide]                        PROVIDE (__start_noinit_RAM = .)
                [!provide]                        PROVIDE (__start_noinit_SRAM = .)
 *(SORT_BY_ALIGNMENT(.noinit*))
                0x000000001ffff594                . = ALIGN (0x4)
                0x000000001ffff594                _end_noinit = .
                [!provide]                        PROVIDE (__end_noinit_RAM = .)
                [!provide]                        PROVIDE (__end_noinit_SRAM = .)
                0x0000000000000400                _HeapSize = 0x400

.heap           0x000000001ffff594      0x400
                0x000000001ffff594                _pvHeapStart = .
                0x000000001ffff994                . = (. + _HeapSize)
 *fill*         0x000000001ffff594      0x400 
                0x000000001ffff994                . = ALIGN (0x4)
                0x000000001ffff994                _pvHeapLimit = .
                0x0000000000000400                _StackSize = 0x400

.heap2stackfill
                0x000000001ffff994      0x400
                0x000000001ffffd94                . = (. + _StackSize)
 *fill*         0x000000001ffff994      0x400 

.stack          0x0000000020002c00        0x0
                0x0000000020002c00                _vStackBase = .
                0x0000000020002c00                . = ALIGN (0x4)
                0x0000000020003000                _vStackTop = (. + _StackSize)
                0x0000000000000000                _image_start = LOADADDR (.text)
                0x0000000000003828                _image_end = (LOADADDR (.data) + SIZEOF (.data))
                0x0000000000003828                _image_size = (_image_end - _image_start)
OUTPUT(PES_Project.axf elf32-littlearm)
LOAD linker stubs

.debug_info     0x0000000000000000     0x84e5
 .debug_info    0x0000000000000000      0xea7 ./utilities/fsl_debug_console.o
 .debug_info    0x0000000000000ea7      0x63a ./startup/startup_mkl25z4.o
 .debug_info    0x00000000000014e1      0x206 ./source/PES_Project.o
 .debug_info    0x00000000000016e7      0x5f2 ./source/i2c.o
 .debug_info    0x0000000000001cd9      0x75a ./source/mpu6050.o
 .debug_info    0x0000000000002433       0x54 ./source/mtb.o
 .debug_info    0x0000000000002487      0x381 ./source/oled.o
 .debug_info    0x0000000000002808       0x3d ./source/semihost_hardfault.o
 .debug_info    0x0000000000002845     0x19b4 ./drivers/fsl_clock.o
 .debug_info    0x00000000000041f9      0x3e7 ./drivers/fsl_common.o
 .debug_info    0x00000000000045e0     0x13b6 ./drivers/fsl_lpsci.o
 .debug_info    0x0000000000005996     0x1356 ./drivers/fsl_uart.o
 .debug_info    0x0000000000006cec      0x3a8 ./board/board.o
 .debug_info    0x0000000000007094      0xb38 ./board/clock_config.o
 .debug_info    0x0000000000007bcc       0x3d ./board/peripherals.o
 .debug_info    0x0000000000007c09      0x51c ./board/pin_mux.o
 .debug_info    0x0000000000008125      0x3c0 ./CMSIS/system_MKL25Z4.o

.debug_abbrev   0x0000000000000000     0x1ed5
 .debug_abbrev  0x0000000000000000      0x30e ./utilities/fsl_debug_console.o
 .debug_abbrev  0x000000000000030e      0x17f ./startup/startup_mkl25z4.o
 .debug_abbrev  0x000000000000048d      0x110 ./source/PES_Project.o
 .debug_abbrev  0x000000000000059d      0x217 ./source/i2c.o
 .debug_abbrev  0x00000000000007b4      0x232 ./source/mpu6050.o
 .debug_abbrev  0x00000000000009e6       0x45 ./source/mtb.o
 .debug_abbrev  0x0000000000000a2b      0x1ab ./source/oled.o
 .debug_abbrev  0x0000000000000bd6       0x2f ./source/semihost_hardfault.o
 .debug_abbrev  0x0000000000000c05      0x385 ./drivers/fsl_clock.o
 .debug_abbrev  0x0000000000000f8a      0x285 ./drivers/fsl_common.o
 .debug_abbrev  0x000000000000120f      0x314 ./drivers/fsl_lpsci.o
 .debug_abbrev  0x0000000000001523      0x330 ./drivers/fsl_uart.o
 .debug_abbrev  0x0000000000001853      0x151 ./board/board.o
 .debug_abbrev  0x00000000000019a4      0x241 ./board/clock_config.o
 .debug_abbrev  0x0000000000001be5       0x2f ./board/peripherals.o
 .debug_abbrev  0x0000000000001c14      0x18d ./board/pin_mux.o
 .debug_abbrev  0x0000000000001da1      0x134 ./CMSIS/system_MKL25Z4.o

.debug_aranges  0x0000000000000000      0x948
 .debug_aranges
                0x0000000000000000       0x90 ./utilities/fsl_debug_console.o
 .debug_aranges
                0x0000000000000090      0x160 ./startup/startup_mkl25z4.o
 .debug_aranges
                0x00000000000001f0       0x20 ./source/PES_Project.o
 .debug_aranges
                0x0000000000000210       0x98 ./source/i2c.o
 .debug_aranges
                0x00000000000002a8       0xc0 ./source/mpu6050.o
 .debug_aranges
                0x0000000000000368       0x18 ./source/mtb.o
 .debug_aranges
                0x0000000000000380       0x50 ./source/oled.o
 .debug_aranges
                0x00000000000003d0       0x20 ./source/semihost_hardfault.o
 .debug_aranges
                0x00000000000003f0      0x1d8 ./drivers/fsl_clock.o
 .debug_aranges
                0x00000000000005c8       0x38 ./drivers/fsl_common.o
 .debug_aranges
                0x0000000000000600      0x118 ./drivers/fsl_lpsci.o
 .debug_aranges
                0x0000000000000718      0x130 ./drivers/fsl_uart.o
 .debug_aranges
                0x0000000000000848       0x28 ./board/board.o
 .debug_aranges
                0x0000000000000870       0x58 ./board/clock_config.o
 .debug_aranges
                0x00000000000008c8       0x20 ./board/peripherals.o
 .debug_aranges
                0x00000000000008e8       0x38 ./board/pin_mux.o
 .debug_aranges
                0x0000000000000920       0x28 ./CMSIS/system_MKL25Z4.o

.debug_rnglists
                0x0000000000000000      0x6cb
 .debug_rnglists
                0x0000000000000000       0x6d ./utilities/fsl_debug_console.o
 .debug_rnglists
                0x000000000000006d      0x103 ./startup/startup_mkl25z4.o
 .debug_rnglists
                0x0000000000000170       0x14 ./source/PES_Project.o
 .debug_rnglists
                0x0000000000000184       0x73 ./source/i2c.o
 .debug_rnglists
                0x00000000000001f7       0x8d ./source/mpu6050.o
 .debug_rnglists
                0x0000000000000284       0x3a ./source/oled.o
 .debug_rnglists
                0x00000000000002be       0x13 ./source/semihost_hardfault.o
 .debug_rnglists
                0x00000000000002d1      0x16f ./drivers/fsl_clock.o
 .debug_rnglists
                0x0000000000000440       0x26 ./drivers/fsl_common.o
 .debug_rnglists
                0x0000000000000466       0xd6 ./drivers/fsl_lpsci.o
 .debug_rnglists
                0x000000000000053c       0xe7 ./drivers/fsl_uart.o
 .debug_rnglists
                0x0000000000000623       0x19 ./board/board.o
 .debug_rnglists
                0x000000000000063c       0x3d ./board/clock_config.o
 .debug_rnglists
                0x0000000000000679       0x13 ./board/peripherals.o
 .debug_rnglists
                0x000000000000068c       0x25 ./board/pin_mux.o
 .debug_rnglists
                0x00000000000006b1       0x1a ./CMSIS/system_MKL25Z4.o

.debug_macro    0x0000000000000000     0x8fb0
 .debug_macro   0x0000000000000000      0x127 ./utilities/fsl_debug_console.o
 .debug_macro   0x0000000000000127      0xac0 ./utilities/fsl_debug_console.o
 .debug_macro   0x0000000000000be7       0x10 ./utilities/fsl_debug_console.o
 .debug_macro   0x0000000000000bf7       0x16 ./utilities/fsl_debug_console.o
 .debug_macro   0x0000000000000c0d       0x10 ./utilities/fsl_debug_console.o
 .debug_macro   0x0000000000000c1d      0x12e ./utilities/fsl_debug_console.o
 .debug_macro   0x0000000000000d4b       0x28 ./utilities/fsl_debug_console.o
 .debug_macro   0x0000000000000d73       0xc4 ./utilities/fsl_debug_console.o
 .debug_macro   0x0000000000000e37       0x16 ./utilities/fsl_debug_console.o
 .debug_macro   0x0000000000000e4d       0x22 ./utilities/fsl_debug_console.o
 .debug_macro   0x0000000000000e6f      0x5b3 ./utilities/fsl_debug_console.o
 .debug_macro   0x0000000000001422       0x10 ./utilities/fsl_debug_console.o
 .debug_macro   0x0000000000001432       0x3f ./utilities/fsl_debug_console.o
 .debug_macro   0x0000000000001471       0x3a ./utilities/fsl_debug_console.o
 .debug_macro   0x00000000000014ab       0x26 ./utilities/fsl_debug_console.o
 .debug_macro   0x00000000000014d1      0x329 ./utilities/fsl_debug_console.o
 .debug_macro   0x00000000000017fa       0x30 ./utilities/fsl_debug_console.o
 .debug_macro   0x000000000000182a     0x51e2 ./utilities/fsl_debug_console.o
 .debug_macro   0x0000000000006a0c     0x1352 ./utilities/fsl_debug_console.o
 .debug_macro   0x0000000000007d5e       0x3a ./utilities/fsl_debug_console.o
 .debug_macro   0x0000000000007d98       0xf4 ./utilities/fsl_debug_console.o
 .debug_macro   0x0000000000007e8c       0x35 ./utilities/fsl_debug_console.o
 .debug_macro   0x0000000000007ec1       0x2e ./utilities/fsl_debug_console.o
 .debug_macro   0x0000000000007eef       0x10 ./utilities/fsl_debug_console.o
 .debug_macro   0x0000000000007eff       0x10 ./utilities/fsl_debug_console.o
 .debug_macro   0x0000000000007f0f       0x29 ./startup/startup_mkl25z4.o
 .debug_macro   0x0000000000007f38      0x163 ./source/PES_Project.o
 .debug_macro   0x000000000000809b       0xd8 ./source/PES_Project.o
 .debug_macro   0x0000000000008173       0x16 ./source/PES_Project.o
 .debug_macro   0x0000000000008189       0x10 ./source/PES_Project.o
 .debug_macro   0x0000000000008199      0x112 ./source/PES_Project.o
 .debug_macro   0x00000000000082ab       0x34 ./source/PES_Project.o
 .debug_macro   0x00000000000082df       0xe0 ./source/i2c.o
 .debug_macro   0x00000000000083bf       0x34 ./source/i2c.o
 .debug_macro   0x00000000000083f3      0x163 ./source/mpu6050.o
 .debug_macro   0x0000000000008556       0x2f ./source/mtb.o
 .debug_macro   0x0000000000008585       0x82 ./source/mtb.o
 .debug_macro   0x0000000000008607       0x10 ./source/mtb.o
 .debug_macro   0x0000000000008617      0x10e ./source/oled.o
 .debug_macro   0x0000000000008725       0x11 ./source/semihost_hardfault.o
 .debug_macro   0x0000000000008736      0x196 ./drivers/fsl_clock.o
 .debug_macro   0x00000000000088cc       0x1c ./drivers/fsl_clock.o
 .debug_macro   0x00000000000088e8       0xef ./drivers/fsl_common.o
 .debug_macro   0x00000000000089d7       0xec ./drivers/fsl_lpsci.o
 .debug_macro   0x0000000000008ac3       0xf2 ./drivers/fsl_uart.o
 .debug_macro   0x0000000000008bb5      0x112 ./board/board.o
 .debug_macro   0x0000000000008cc7      0x123 ./board/clock_config.o
 .debug_macro   0x0000000000008dea       0x1b ./board/peripherals.o
 .debug_macro   0x0000000000008e05      0x107 ./board/pin_mux.o
 .debug_macro   0x0000000000008f0c       0x10 ./board/pin_mux.o
 .debug_macro   0x0000000000008f1c       0x94 ./CMSIS/system_MKL25Z4.o

.debug_line     0x0000000000000000     0x6695
 .debug_line    0x0000000000000000      0xc70 ./utilities/fsl_debug_console.o
 .debug_line    0x0000000000000c70      0x310 ./startup/startup_mkl25z4.o
 .debug_line    0x0000000000000f80      0x41d ./source/PES_Project.o
 .debug_line    0x000000000000139d      0x5ed ./source/i2c.o
 .debug_line    0x000000000000198a      0x7c1 ./source/mpu6050.o
 .debug_line    0x000000000000214b       0xd5 ./source/mtb.o
 .debug_line    0x0000000000002220      0x438 ./source/oled.o
 .debug_line    0x0000000000002658       0x59 ./source/semihost_hardfault.o
 .debug_line    0x00000000000026b1     0x130d ./drivers/fsl_clock.o
 .debug_line    0x00000000000039be      0x3f8 ./drivers/fsl_common.o
 .debug_line    0x0000000000003db6      0xd61 ./drivers/fsl_lpsci.o
 .debug_line    0x0000000000004b17      0xd3d ./drivers/fsl_uart.o
 .debug_line    0x0000000000005854      0x36c ./board/board.o
 .debug_line    0x0000000000005bc0      0x3e5 ./board/clock_config.o
 .debug_line    0x0000000000005fa5       0x5c ./board/peripherals.o
 .debug_line    0x0000000000006001      0x359 ./board/pin_mux.o
 .debug_line    0x000000000000635a      0x33b ./CMSIS/system_MKL25Z4.o

.debug_str      0x0000000000000000    0x3688d
 .debug_str     0x0000000000000000    0x31535 ./utilities/fsl_debug_console.o
                                      0x317d4 (size before relaxing)
 .debug_str     0x0000000000031535      0x3ea ./startup/startup_mkl25z4.o
                                       0x31e1 (size before relaxing)
 .debug_str     0x000000000003191f      0xe88 ./source/PES_Project.o
                                      0x31417 (size before relaxing)
 .debug_str     0x00000000000327a7      0x3c1 ./source/i2c.o
                                      0x290c7 (size before relaxing)
 .debug_str     0x0000000000032b68      0x2ca ./source/mpu6050.o
                                      0x30eac (size before relaxing)
 .debug_str     0x0000000000032e32      0x532 ./source/mtb.o
                                       0x32e4 (size before relaxing)
 .debug_str     0x0000000000033364      0x33e ./source/oled.o
                                      0x290d2 (size before relaxing)
 .debug_str     0x00000000000336a2       0x1f ./source/semihost_hardfault.o
                                       0x2dd1 (size before relaxing)
 .debug_str     0x00000000000336c1     0x1796 ./drivers/fsl_clock.o
                                      0x322b1 (size before relaxing)
 .debug_str     0x0000000000034e57      0x2c3 ./drivers/fsl_common.o
                                      0x30879 (size before relaxing)
 .debug_str     0x000000000003511a      0x973 ./drivers/fsl_lpsci.o
                                      0x318a7 (size before relaxing)
 .debug_str     0x0000000000035a8d      0x7e1 ./drivers/fsl_uart.o
                                      0x318ca (size before relaxing)
 .debug_str     0x000000000003626e       0x35 ./board/board.o
                                      0x3109b (size before relaxing)
 .debug_str     0x00000000000362a3      0x3c1 ./board/clock_config.o
                                      0x3127b (size before relaxing)
 .debug_str     0x0000000000036664       0x17 ./board/peripherals.o
                                       0x2de2 (size before relaxing)
 .debug_str     0x000000000003667b      0x1ce ./board/pin_mux.o
                                      0x30911 (size before relaxing)
 .debug_str     0x0000000000036849       0x44 ./CMSIS/system_MKL25Z4.o
                                      0x2fc13 (size before relaxing)

.comment        0x0000000000000000       0x45
 .comment       0x0000000000000000       0x45 ./utilities/fsl_debug_console.o
                                         0x46 (size before relaxing)
 .comment       0x0000000000000045       0x46 ./startup/startup_mkl25z4.o
 .comment       0x0000000000000045       0x46 ./source/PES_Project.o
 .comment       0x0000000000000045       0x46 ./source/i2c.o
 .comment       0x0000000000000045       0x46 ./source/mpu6050.o
 .comment       0x0000000000000045       0x46 ./source/mtb.o
 .comment       0x0000000000000045       0x46 ./source/oled.o
 .comment       0x0000000000000045       0x46 ./source/semihost_hardfault.o
 .comment       0x0000000000000045       0x46 ./drivers/fsl_clock.o
 .comment       0x0000000000000045       0x46 ./drivers/fsl_common.o
 .comment       0x0000000000000045       0x46 ./drivers/fsl_lpsci.o
 .comment       0x0000000000000045       0x46 ./drivers/fsl_uart.o
 .comment       0x0000000000000045       0x46 ./board/board.o
 .comment       0x0000000000000045       0x46 ./board/clock_config.o
 .comment       0x0000000000000045       0x46 ./board/peripherals.o
 .comment       0x0000000000000045       0x46 ./board/pin_mux.o
 .comment       0x0000000000000045       0x46 ./CMSIS/system_MKL25Z4.o
 .comment       0x0000000000000045       0x46 /usr/local/mcuxpressoide-11.8.0_1165/ide/plugins/com.nxp.mcuxpresso.tools.linux_11.8.0.202306131047/tools/bin/../lib/gcc/arm-none-eabi/12.2.1/../../../../arm-none-eabi/lib/thumb/v6-m/nofp/libcr_nohost_nf.a(_cr__main.o)
 .comment       0x0000000000000045       0x46 /usr/local/mcuxpressoide-11.8.0_1165/ide/plugins/com.nxp.mcuxpresso.tools.linux_11.8.0.202306131047/tools/bin/../lib/gcc/arm-none-eabi/12.2.1/../../../../arm-none-eabi/lib/thumb/v6-m/nofp/libcr_c.a(memset.o)
 .comment       0x0000000000000045       0x46 /usr/local/mcuxpressoide-11.8.0_1165/ide/plugins/com.nxp.mcuxpresso.tools.linux_11.8.0.202306131047/tools/bin/../lib/gcc/arm-none-eabi/12.2.1/../../../../arm-none-eabi/lib/thumb/v6-m/nofp/libcr_c.a(initio.o)
 .comment       0x0000000000000045       0x46 /usr/local/mcuxpressoide-11.8.0_1165/ide/plugins/com.nxp.mcuxpresso.tools.linux_11.8.0.202306131047/tools/bin/../lib/gcc/arm-none-eabi/12.2.1/../../../../arm-none-eabi/lib/thumb/v6-m/nofp/libcr_c.a(setvbuf.o)
 .comment       0x0000000000000045       0x46 /usr/local/mcuxpressoide-11.8.0_1165/ide/plugins/com.nxp.mcuxpresso.tools.linux_11.8.0.202306131047/tools/bin/../lib/gcc/arm-none-eabi/12.2.1/../../../../arm-none-eabi/lib/thumb/v6-m/nofp/libcr_c.a(strlen.o)
 .comment       0x0000000000000045       0x46 /usr/local/mcuxpressoide-11.8.0_1165/ide/plugins/com.nxp.mcuxpresso.tools.linux_11.8.0.202306131047/tools/bin/../lib/gcc/arm-none-eabi/12.2.1/../../../../arm-none-eabi/lib/thumb/v6-m/nofp/libcr_c.a(_fdopen.o)
 .comment       0x0000000000000045       0x46 /usr/local/mcuxpressoide-11.8.0_1165/ide/plugins/com.nxp.mcuxpresso.tools.linux_11.8.0.202306131047/tools/bin/../lib/gcc/arm-none-eabi/12.2.1/../../../../arm-none-eabi/lib/thumb/v6-m/nofp/libcr_c.a(fclose.o)
 .comment       0x0000000000000045       0x46 /usr/local/mcuxpressoide-11.8.0_1165/ide/plugins/com.nxp.mcuxpresso.tools.linux_11.8.0.202306131047/tools/bin/../lib/gcc/arm-none-eabi/12.2.1/../../../../arm-none-eabi/lib/thumb/v6-m/nofp/libcr_c.a(fflush.o)
 .comment       0x0000000000000045       0x46 /usr/local/mcuxpressoide-11.8.0_1165/ide/plugins/com.nxp.mcuxpresso.tools.linux_11.8.0.202306131047/tools/bin/../lib/gcc/arm-none-eabi/12.2.1/../../../../arm-none-eabi/lib/thumb/v6-m/nofp/libcr_c.a(fseek.o)
 .comment       0x0000000000000045       0x46 /usr/local/mcuxpressoide-11.8.0_1165/ide/plugins/com.nxp.mcuxpresso.tools.linux_11.8.0.202306131047/tools/bin/../lib/gcc/arm-none-eabi/12.2.1/../../../../arm-none-eabi/lib/thumb/v6-m/nofp/libcr_c.a(ftell.o)
 .comment       0x0000000000000045       0x46 /usr/local/mcuxpressoide-11.8.0_1165/ide/plugins/com.nxp.mcuxpresso.tools.linux_11.8.0.202306131047/tools/bin/../lib/gcc/arm-none-eabi/12.2.1/../../../../arm-none-eabi/lib/thumb/v6-m/nofp/libcr_c.a(remove.o)
 .comment       0x0000000000000045       0x46 /usr/local/mcuxpressoide-11.8.0_1165/ide/plugins/com.nxp.mcuxpresso.tools.linux_11.8.0.202306131047/tools/bin/../lib/gcc/arm-none-eabi/12.2.1/../../../../arm-none-eabi/lib/thumb/v6-m/nofp/libcr_c.a(_do_fflush.o)
 .comment       0x0000000000000045       0x46 /usr/local/mcuxpressoide-11.8.0_1165/ide/plugins/com.nxp.mcuxpresso.tools.linux_11.8.0.202306131047/tools/bin/../lib/gcc/arm-none-eabi/12.2.1/../../../../arm-none-eabi/lib/thumb/v6-m/nofp/libcr_c.a(_fflush.o)
 .comment       0x0000000000000045       0x46 /usr/local/mcuxpressoide-11.8.0_1165/ide/plugins/com.nxp.mcuxpresso.tools.linux_11.8.0.202306131047/tools/bin/../lib/gcc/arm-none-eabi/12.2.1/../../../../arm-none-eabi/lib/thumb/v6-m/nofp/libcr_c.a(_writebuf.o)
 .comment       0x0000000000000045       0x46 /usr/local/mcuxpressoide-11.8.0_1165/ide/plugins/com.nxp.mcuxpresso.tools.linux_11.8.0.202306131047/tools/bin/../lib/gcc/arm-none-eabi/12.2.1/../../../../arm-none-eabi/lib/thumb/v6-m/nofp/libcr_c.a(alloc.o)
 .comment       0x0000000000000045       0x46 /usr/local/mcuxpressoide-11.8.0_1165/ide/plugins/com.nxp.mcuxpresso.tools.linux_11.8.0.202306131047/tools/bin/../lib/gcc/arm-none-eabi/12.2.1/../../../../arm-none-eabi/lib/thumb/v6-m/nofp/libcr_c.a(errno.o)
 .comment       0x0000000000000045       0x46 /usr/local/mcuxpressoide-11.8.0_1165/ide/plugins/com.nxp.mcuxpresso.tools.linux_11.8.0.202306131047/tools/bin/../lib/gcc/arm-none-eabi/12.2.1/../../../../arm-none-eabi/lib/thumb/v6-m/nofp/libcr_c.a(_deferredlazyseek.o)
 .comment       0x0000000000000045       0x46 /usr/local/mcuxpressoide-11.8.0_1165/ide/plugins/com.nxp.mcuxpresso.tools.linux_11.8.0.202306131047/tools/bin/../lib/gcc/arm-none-eabi/12.2.1/thumb/v6-m/nofp/libcr_eabihelpers.a(double.o)
 .comment       0x0000000000000045       0x46 /usr/local/mcuxpressoide-11.8.0_1165/ide/plugins/com.nxp.mcuxpresso.tools.linux_11.8.0.202306131047/tools/bin/../lib/gcc/arm-none-eabi/12.2.1/thumb/v6-m/nofp/libcr_eabihelpers.a(float.o)
 .comment       0x0000000000000045       0x46 /usr/local/mcuxpressoide-11.8.0_1165/ide/plugins/com.nxp.mcuxpresso.tools.linux_11.8.0.202306131047/tools/bin/../lib/gcc/arm-none-eabi/12.2.1/../../../../arm-none-eabi/lib/thumb/v6-m/nofp/libcr_nohost_nf.a(__ciob.o)
 .comment       0x0000000000000045       0x46 /usr/local/mcuxpressoide-11.8.0_1165/ide/plugins/com.nxp.mcuxpresso.tools.linux_11.8.0.202306131047/tools/bin/../lib/gcc/arm-none-eabi/12.2.1/../../../../arm-none-eabi/lib/thumb/v6-m/nofp/libcr_nohost_nf.a(__sys_close.o)
 .comment       0x0000000000000045       0x46 /usr/local/mcuxpressoide-11.8.0_1165/ide/plugins/com.nxp.mcuxpresso.tools.linux_11.8.0.202306131047/tools/bin/../lib/gcc/arm-none-eabi/12.2.1/../../../../arm-none-eabi/lib/thumb/v6-m/nofp/libcr_nohost_nf.a(__sys_flen.o)
 .comment       0x0000000000000045       0x46 /usr/local/mcuxpressoide-11.8.0_1165/ide/plugins/com.nxp.mcuxpresso.tools.linux_11.8.0.202306131047/tools/bin/../lib/gcc/arm-none-eabi/12.2.1/../../../../arm-none-eabi/lib/thumb/v6-m/nofp/libcr_nohost_nf.a(__sys_istty.o)
 .comment       0x0000000000000045       0x46 /usr/local/mcuxpressoide-11.8.0_1165/ide/plugins/com.nxp.mcuxpresso.tools.linux_11.8.0.202306131047/tools/bin/../lib/gcc/arm-none-eabi/12.2.1/../../../../arm-none-eabi/lib/thumb/v6-m/nofp/libcr_nohost_nf.a(__sys_remove.o)
 .comment       0x0000000000000045       0x46 /usr/local/mcuxpressoide-11.8.0_1165/ide/plugins/com.nxp.mcuxpresso.tools.linux_11.8.0.202306131047/tools/bin/../lib/gcc/arm-none-eabi/12.2.1/../../../../arm-none-eabi/lib/thumb/v6-m/nofp/libcr_nohost_nf.a(__sys_seek.o)
 .comment       0x0000000000000045       0x46 /usr/local/mcuxpressoide-11.8.0_1165/ide/plugins/com.nxp.mcuxpresso.tools.linux_11.8.0.202306131047/tools/bin/../lib/gcc/arm-none-eabi/12.2.1/../../../../arm-none-eabi/lib/thumb/v6-m/nofp/libcr_nohost_nf.a(__sys_tmpnam.o)
 .comment       0x0000000000000045       0x46 /usr/local/mcuxpressoide-11.8.0_1165/ide/plugins/com.nxp.mcuxpresso.tools.linux_11.8.0.202306131047/tools/bin/../lib/gcc/arm-none-eabi/12.2.1/../../../../arm-none-eabi/lib/thumb/v6-m/nofp/libcr_nohost_nf.a(__sys_write.o)

.ARM.attributes
                0x0000000000000000       0x2a
 .ARM.attributes
                0x0000000000000000       0x2c ./utilities/fsl_debug_console.o
 .ARM.attributes
                0x000000000000002c       0x2c ./startup/startup_mkl25z4.o
 .ARM.attributes
                0x0000000000000058       0x2c ./source/PES_Project.o
 .ARM.attributes
                0x0000000000000084       0x2c ./source/i2c.o
 .ARM.attributes
                0x00000000000000b0       0x2c ./source/mpu6050.o
 .ARM.attributes
                0x00000000000000dc       0x2c ./source/mtb.o
 .ARM.attributes
                0x0000000000000108       0x2c ./source/oled.o
 .ARM.attributes
                0x0000000000000134       0x2c ./source/semihost_hardfault.o
 .ARM.attributes
                0x0000000000000160       0x2c ./drivers/fsl_clock.o
 .ARM.attributes
                0x000000000000018c       0x2c ./drivers/fsl_common.o
 .ARM.attributes
                0x00000000000001b8       0x2c ./drivers/fsl_lpsci.o
 .ARM.attributes
                0x00000000000001e4       0x2c ./drivers/fsl_uart.o
 .ARM.attributes
                0x0000000000000210       0x2c ./board/board.o
 .ARM.attributes
                0x000000000000023c       0x2c ./board/clock_config.o
 .ARM.attributes
                0x0000000000000268       0x2c ./board/peripherals.o
 .ARM.attributes
                0x0000000000000294       0x2c ./board/pin_mux.o
 .ARM.attributes
                0x00000000000002c0       0x2c ./CMSIS/system_MKL25Z4.o
 .ARM.attributes
                0x00000000000002ec       0x2c /usr/local/mcuxpressoide-11.8.0_1165/ide/plugins/com.nxp.mcuxpresso.tools.linux_11.8.0.202306131047/tools/bin/../lib/gcc/arm-none-eabi/12.2.1/../../../../arm-none-eabi/lib/thumb/v6-m/nofp/libcr_nohost_nf.a(_cr__main.o)
 .ARM.attributes
                0x0000000000000318       0x2c /usr/local/mcuxpressoide-11.8.0_1165/ide/plugins/com.nxp.mcuxpresso.tools.linux_11.8.0.202306131047/tools/bin/../lib/gcc/arm-none-eabi/12.2.1/../../../../arm-none-eabi/lib/thumb/v6-m/nofp/libcr_c.a(memset.o)
 .ARM.attributes
                0x0000000000000344       0x2c /usr/local/mcuxpressoide-11.8.0_1165/ide/plugins/com.nxp.mcuxpresso.tools.linux_11.8.0.202306131047/tools/bin/../lib/gcc/arm-none-eabi/12.2.1/../../../../arm-none-eabi/lib/thumb/v6-m/nofp/libcr_c.a(initio.o)
 .ARM.attributes
                0x0000000000000370       0x2c /usr/local/mcuxpressoide-11.8.0_1165/ide/plugins/com.nxp.mcuxpresso.tools.linux_11.8.0.202306131047/tools/bin/../lib/gcc/arm-none-eabi/12.2.1/../../../../arm-none-eabi/lib/thumb/v6-m/nofp/libcr_c.a(setvbuf.o)
 .ARM.attributes
                0x000000000000039c       0x2c /usr/local/mcuxpressoide-11.8.0_1165/ide/plugins/com.nxp.mcuxpresso.tools.linux_11.8.0.202306131047/tools/bin/../lib/gcc/arm-none-eabi/12.2.1/../../../../arm-none-eabi/lib/thumb/v6-m/nofp/libcr_c.a(strlen.o)
 .ARM.attributes
                0x00000000000003c8       0x2c /usr/local/mcuxpressoide-11.8.0_1165/ide/plugins/com.nxp.mcuxpresso.tools.linux_11.8.0.202306131047/tools/bin/../lib/gcc/arm-none-eabi/12.2.1/../../../../arm-none-eabi/lib/thumb/v6-m/nofp/libcr_c.a(_fdopen.o)
 .ARM.attributes
                0x00000000000003f4       0x2c /usr/local/mcuxpressoide-11.8.0_1165/ide/plugins/com.nxp.mcuxpresso.tools.linux_11.8.0.202306131047/tools/bin/../lib/gcc/arm-none-eabi/12.2.1/../../../../arm-none-eabi/lib/thumb/v6-m/nofp/libcr_c.a(fclose.o)
 .ARM.attributes
                0x0000000000000420       0x2c /usr/local/mcuxpressoide-11.8.0_1165/ide/plugins/com.nxp.mcuxpresso.tools.linux_11.8.0.202306131047/tools/bin/../lib/gcc/arm-none-eabi/12.2.1/../../../../arm-none-eabi/lib/thumb/v6-m/nofp/libcr_c.a(fflush.o)
 .ARM.attributes
                0x000000000000044c       0x2c /usr/local/mcuxpressoide-11.8.0_1165/ide/plugins/com.nxp.mcuxpresso.tools.linux_11.8.0.202306131047/tools/bin/../lib/gcc/arm-none-eabi/12.2.1/../../../../arm-none-eabi/lib/thumb/v6-m/nofp/libcr_c.a(fseek.o)
 .ARM.attributes
                0x0000000000000478       0x2c /usr/local/mcuxpressoide-11.8.0_1165/ide/plugins/com.nxp.mcuxpresso.tools.linux_11.8.0.202306131047/tools/bin/../lib/gcc/arm-none-eabi/12.2.1/../../../../arm-none-eabi/lib/thumb/v6-m/nofp/libcr_c.a(ftell.o)
 .ARM.attributes
                0x00000000000004a4       0x2c /usr/local/mcuxpressoide-11.8.0_1165/ide/plugins/com.nxp.mcuxpresso.tools.linux_11.8.0.202306131047/tools/bin/../lib/gcc/arm-none-eabi/12.2.1/../../../../arm-none-eabi/lib/thumb/v6-m/nofp/libcr_c.a(remove.o)
 .ARM.attributes
                0x00000000000004d0       0x2c /usr/local/mcuxpressoide-11.8.0_1165/ide/plugins/com.nxp.mcuxpresso.tools.linux_11.8.0.202306131047/tools/bin/../lib/gcc/arm-none-eabi/12.2.1/../../../../arm-none-eabi/lib/thumb/v6-m/nofp/libcr_c.a(_do_fflush.o)
 .ARM.attributes
                0x00000000000004fc       0x2c /usr/local/mcuxpressoide-11.8.0_1165/ide/plugins/com.nxp.mcuxpresso.tools.linux_11.8.0.202306131047/tools/bin/../lib/gcc/arm-none-eabi/12.2.1/../../../../arm-none-eabi/lib/thumb/v6-m/nofp/libcr_c.a(_fflush.o)
 .ARM.attributes
                0x0000000000000528       0x2c /usr/local/mcuxpressoide-11.8.0_1165/ide/plugins/com.nxp.mcuxpresso.tools.linux_11.8.0.202306131047/tools/bin/../lib/gcc/arm-none-eabi/12.2.1/../../../../arm-none-eabi/lib/thumb/v6-m/nofp/libcr_c.a(_writebuf.o)
 .ARM.attributes
                0x0000000000000554       0x2c /usr/local/mcuxpressoide-11.8.0_1165/ide/plugins/com.nxp.mcuxpresso.tools.linux_11.8.0.202306131047/tools/bin/../lib/gcc/arm-none-eabi/12.2.1/../../../../arm-none-eabi/lib/thumb/v6-m/nofp/libcr_c.a(alloc.o)
 .ARM.attributes
                0x0000000000000580       0x2c /usr/local/mcuxpressoide-11.8.0_1165/ide/plugins/com.nxp.mcuxpresso.tools.linux_11.8.0.202306131047/tools/bin/../lib/gcc/arm-none-eabi/12.2.1/../../../../arm-none-eabi/lib/thumb/v6-m/nofp/libcr_c.a(errno.o)
 .ARM.attributes
                0x00000000000005ac       0x2c /usr/local/mcuxpressoide-11.8.0_1165/ide/plugins/com.nxp.mcuxpresso.tools.linux_11.8.0.202306131047/tools/bin/../lib/gcc/arm-none-eabi/12.2.1/../../../../arm-none-eabi/lib/thumb/v6-m/nofp/libcr_c.a(_deferredlazyseek.o)
 .ARM.attributes
                0x00000000000005d8       0x1c /usr/local/mcuxpressoide-11.8.0_1165/ide/plugins/com.nxp.mcuxpresso.tools.linux_11.8.0.202306131047/tools/bin/../lib/gcc/arm-none-eabi/12.2.1/thumb/v6-m/nofp/libcr_eabihelpers.a(division_32.o)
 .ARM.attributes
                0x00000000000005f4       0x1c /usr/local/mcuxpressoide-11.8.0_1165/ide/plugins/com.nxp.mcuxpresso.tools.linux_11.8.0.202306131047/tools/bin/../lib/gcc/arm-none-eabi/12.2.1/thumb/v6-m/nofp/libcr_eabihelpers.a(division_idiv0.o)
 .ARM.attributes
                0x0000000000000610       0x2c /usr/local/mcuxpressoide-11.8.0_1165/ide/plugins/com.nxp.mcuxpresso.tools.linux_11.8.0.202306131047/tools/bin/../lib/gcc/arm-none-eabi/12.2.1/thumb/v6-m/nofp/libcr_eabihelpers.a(double.o)
 .ARM.attributes
                0x000000000000063c       0x2c /usr/local/mcuxpressoide-11.8.0_1165/ide/plugins/com.nxp.mcuxpresso.tools.linux_11.8.0.202306131047/tools/bin/../lib/gcc/arm-none-eabi/12.2.1/thumb/v6-m/nofp/libcr_eabihelpers.a(float.o)
 .ARM.attributes
                0x0000000000000668       0x1c /usr/local/mcuxpressoide-11.8.0_1165/ide/plugins/com.nxp.mcuxpresso.tools.linux_11.8.0.202306131047/tools/bin/../lib/gcc/arm-none-eabi/12.2.1/thumb/v6-m/nofp/libcr_eabihelpers.a(memcpy.o)
 .ARM.attributes
                0x0000000000000684       0x2c /usr/local/mcuxpressoide-11.8.0_1165/ide/plugins/com.nxp.mcuxpresso.tools.linux_11.8.0.202306131047/tools/bin/../lib/gcc/arm-none-eabi/12.2.1/../../../../arm-none-eabi/lib/thumb/v6-m/nofp/libcr_nohost_nf.a(__ciob.o)
 .ARM.attributes
                0x00000000000006b0       0x2c /usr/local/mcuxpressoide-11.8.0_1165/ide/plugins/com.nxp.mcuxpresso.tools.linux_11.8.0.202306131047/tools/bin/../lib/gcc/arm-none-eabi/12.2.1/../../../../arm-none-eabi/lib/thumb/v6-m/nofp/libcr_nohost_nf.a(__sys_close.o)
 .ARM.attributes
                0x00000000000006dc       0x2c /usr/local/mcuxpressoide-11.8.0_1165/ide/plugins/com.nxp.mcuxpresso.tools.linux_11.8.0.202306131047/tools/bin/../lib/gcc/arm-none-eabi/12.2.1/../../../../arm-none-eabi/lib/thumb/v6-m/nofp/libcr_nohost_nf.a(__sys_flen.o)
 .ARM.attributes
                0x0000000000000708       0x2c /usr/local/mcuxpressoide-11.8.0_1165/ide/plugins/com.nxp.mcuxpresso.tools.linux_11.8.0.202306131047/tools/bin/../lib/gcc/arm-none-eabi/12.2.1/../../../../arm-none-eabi/lib/thumb/v6-m/nofp/libcr_nohost_nf.a(__sys_istty.o)
 .ARM.attributes
                0x0000000000000734       0x2c /usr/local/mcuxpressoide-11.8.0_1165/ide/plugins/com.nxp.mcuxpresso.tools.linux_11.8.0.202306131047/tools/bin/../lib/gcc/arm-none-eabi/12.2.1/../../../../arm-none-eabi/lib/thumb/v6-m/nofp/libcr_nohost_nf.a(__sys_remove.o)
 .ARM.attributes
                0x0000000000000760       0x2c /usr/local/mcuxpressoide-11.8.0_1165/ide/plugins/com.nxp.mcuxpresso.tools.linux_11.8.0.202306131047/tools/bin/../lib/gcc/arm-none-eabi/12.2.1/../../../../arm-none-eabi/lib/thumb/v6-m/nofp/libcr_nohost_nf.a(__sys_seek.o)
 .ARM.attributes
                0x000000000000078c       0x2c /usr/local/mcuxpressoide-11.8.0_1165/ide/plugins/com.nxp.mcuxpresso.tools.linux_11.8.0.202306131047/tools/bin/../lib/gcc/arm-none-eabi/12.2.1/../../../../arm-none-eabi/lib/thumb/v6-m/nofp/libcr_nohost_nf.a(__sys_tmpnam.o)
 .ARM.attributes
                0x00000000000007b8       0x2c /usr/local/mcuxpressoide-11.8.0_1165/ide/plugins/com.nxp.mcuxpresso.tools.linux_11.8.0.202306131047/tools/bin/../lib/gcc/arm-none-eabi/12.2.1/../../../../arm-none-eabi/lib/thumb/v6-m/nofp/libcr_nohost_nf.a(__sys_write.o)

.debug_frame    0x0000000000000000     0x1dc0
 .debug_frame   0x0000000000000000      0x1f0 ./utilities/fsl_debug_console.o
 .debug_frame   0x00000000000001f0      0x3b0 ./startup/startup_mkl25z4.o
 .debug_frame   0x00000000000005a0       0x40 ./source/PES_Project.o
 .debug_frame   0x00000000000005e0      0x1f4 ./source/i2c.o
 .debug_frame   0x00000000000007d4      0x2a4 ./source/mpu6050.o
 .debug_frame   0x0000000000000a78       0xf0 ./source/oled.o
 .debug_frame   0x0000000000000b68       0x20 ./source/semihost_hardfault.o
 .debug_frame   0x0000000000000b88      0x6e0 ./drivers/fsl_clock.o
 .debug_frame   0x0000000000001268       0x90 ./drivers/fsl_common.o
 .debug_frame   0x00000000000012f8      0x414 ./drivers/fsl_lpsci.o
 .debug_frame   0x000000000000170c      0x464 ./drivers/fsl_uart.o
 .debug_frame   0x0000000000001b70       0x50 ./board/board.o
 .debug_frame   0x0000000000001bc0      0x100 ./board/clock_config.o
 .debug_frame   0x0000000000001cc0       0x2c ./board/peripherals.o
 .debug_frame   0x0000000000001cec       0x88 ./board/pin_mux.o
 .debug_frame   0x0000000000001d74       0x4c ./CMSIS/system_MKL25Z4.o

.debug_loclists
                0x0000000000000000      0x104
 .debug_loclists
                0x0000000000000000      0x104 ./startup/startup_mkl25z4.o

Cross Reference Table

Symbol                                            File
ADC0_DriverIRQHandler                             ./startup/startup_mkl25z4.o
ADC0_IRQHandler                                   ./startup/startup_mkl25z4.o
BOARD_BootClockRUN                                ./board/clock_config.o
BOARD_BootClockVLPR                               ./board/clock_config.o
BOARD_InitBootClocks                              ./board/clock_config.o
                                                  ./source/PES_Project.o
BOARD_InitBootPeripherals                         ./board/peripherals.o
                                                  ./source/PES_Project.o
BOARD_InitBootPins                                ./board/pin_mux.o
                                                  ./source/PES_Project.o
BOARD_InitDebugConsole                            ./board/board.o
                                                  ./source/PES_Project.o
BOARD_InitPins                                    ./board/pin_mux.o
CLOCK_BootToBlpeMode                              ./drivers/fsl_clock.o
CLOCK_BootToBlpiMode                              ./drivers/fsl_clock.o
                                                  ./board/clock_config.o
CLOCK_BootToFeeMode                               ./drivers/fsl_clock.o
CLOCK_BootToFeiMode                               ./drivers/fsl_clock.o
CLOCK_BootToPeeMode                               ./drivers/fsl_clock.o
                                                  ./board/clock_config.o
CLOCK_CalcPllDiv                                  ./drivers/fsl_clock.o
CLOCK_ClearStatusFlags                            ./drivers/fsl_clock.o
CLOCK_DeinitOsc0                                  ./drivers/fsl_clock.o
CLOCK_EnablePll0                                  ./drivers/fsl_clock.o
CLOCK_EnableUsbfs0Clock                           ./drivers/fsl_clock.o
CLOCK_ExternalModeToFbeModeQuick                  ./drivers/fsl_clock.o
CLOCK_FllStableDelay                              ./drivers/fsl_clock.o
CLOCK_GetBusClkFreq                               ./drivers/fsl_clock.o
CLOCK_GetCoreSysClkFreq                           ./drivers/fsl_clock.o
CLOCK_GetEr32kClkFreq                             ./drivers/fsl_clock.o
CLOCK_GetFixedFreqClkFreq                         ./drivers/fsl_clock.o
CLOCK_GetFlashClkFreq                             ./drivers/fsl_clock.o
CLOCK_GetFllFreq                                  ./drivers/fsl_clock.o
CLOCK_GetFreq                                     ./drivers/fsl_clock.o
CLOCK_GetInternalRefClkFreq                       ./drivers/fsl_clock.o
CLOCK_GetMode                                     ./drivers/fsl_clock.o
CLOCK_GetOsc0ErClkFreq                            ./drivers/fsl_clock.o
CLOCK_GetOutClkFreq                               ./drivers/fsl_clock.o
CLOCK_GetPlatClkFreq                              ./drivers/fsl_clock.o
CLOCK_GetPll0Freq                                 ./drivers/fsl_clock.o
CLOCK_GetPllFllSelClkFreq                         ./drivers/fsl_clock.o
                                                  ./board/board.o
CLOCK_GetStatusFlags                              ./drivers/fsl_clock.o
CLOCK_InitOsc0                                    ./drivers/fsl_clock.o
                                                  ./board/clock_config.o
CLOCK_InternalModeToFbiModeQuick                  ./drivers/fsl_clock.o
CLOCK_SetBlpeMode                                 ./drivers/fsl_clock.o
CLOCK_SetBlpiMode                                 ./drivers/fsl_clock.o
CLOCK_SetExternalRefClkConfig                     ./drivers/fsl_clock.o
CLOCK_SetFbeMode                                  ./drivers/fsl_clock.o
CLOCK_SetFbiMode                                  ./drivers/fsl_clock.o
CLOCK_SetFeeMode                                  ./drivers/fsl_clock.o
CLOCK_SetFeiMode                                  ./drivers/fsl_clock.o
CLOCK_SetInternalRefClkConfig                     ./drivers/fsl_clock.o
                                                  ./board/clock_config.o
CLOCK_SetMcgConfig                                ./drivers/fsl_clock.o
CLOCK_SetOsc0MonitorMode                          ./drivers/fsl_clock.o
CLOCK_SetPbeMode                                  ./drivers/fsl_clock.o
CLOCK_SetPeeMode                                  ./drivers/fsl_clock.o
CLOCK_SetPll0MonitorMode                          ./drivers/fsl_clock.o
CLOCK_SetSimConfig                                ./drivers/fsl_clock.o
                                                  ./board/clock_config.o
CLOCK_TrimInternalRefClk                          ./drivers/fsl_clock.o
CMP0_DriverIRQHandler                             ./startup/startup_mkl25z4.o
CMP0_IRQHandler                                   ./startup/startup_mkl25z4.o
DAC0_DriverIRQHandler                             ./startup/startup_mkl25z4.o
DAC0_IRQHandler                                   ./startup/startup_mkl25z4.o
DMA0_DriverIRQHandler                             ./startup/startup_mkl25z4.o
DMA0_IRQHandler                                   ./startup/startup_mkl25z4.o
DMA1_DriverIRQHandler                             ./startup/startup_mkl25z4.o
DMA1_IRQHandler                                   ./startup/startup_mkl25z4.o
DMA2_DriverIRQHandler                             ./startup/startup_mkl25z4.o
DMA2_IRQHandler                                   ./startup/startup_mkl25z4.o
DMA3_DriverIRQHandler                             ./startup/startup_mkl25z4.o
DMA3_IRQHandler                                   ./startup/startup_mkl25z4.o
DbgConsole_Deinit                                 ./utilities/fsl_debug_console.o
DbgConsole_Getchar                                ./utilities/fsl_debug_console.o
DbgConsole_Init                                   ./utilities/fsl_debug_console.o
                                                  ./board/board.o
DbgConsole_Printf                                 ./utilities/fsl_debug_console.o
                                                  ./drivers/fsl_common.o
                                                  ./source/mpu6050.o
                                                  ./source/PES_Project.o
DbgConsole_Putchar                                ./utilities/fsl_debug_console.o
DbgConsole_Scanf                                  ./utilities/fsl_debug_console.o
FLASH_Erase                                       ./drivers/fsl_flash.o
FLASH_EraseAll                                    ./drivers/fsl_flash.o
FLASH_EraseAllExecuteOnlySegments                 ./drivers/fsl_flash.o
FLASH_GetProperty                                 ./drivers/fsl_flash.o
FLASH_GetSecurityState                            ./drivers/fsl_flash.o
FLASH_Init                                        ./drivers/fsl_flash.o
FLASH_IsExecuteOnly                               ./drivers/fsl_flash.o
FLASH_IsProtected                                 ./drivers/fsl_flash.o
FLASH_PflashGetPrefetchSpeculation                ./drivers/fsl_flash.o
FLASH_PflashGetProtection                         ./drivers/fsl_flash.o
FLASH_PflashSetPrefetchSpeculation                ./drivers/fsl_flash.o
                                                  ./drivers/fsl_smc.o
FLASH_PflashSetProtection                         ./drivers/fsl_flash.o
FLASH_PrepareExecuteInRamFunctions                ./drivers/fsl_flash.o
FLASH_Program                                     ./drivers/fsl_flash.o
FLASH_ProgramOnce                                 ./drivers/fsl_flash.o
FLASH_ReadOnce                                    ./drivers/fsl_flash.o
FLASH_ReadResource                                ./drivers/fsl_flash.o
FLASH_SecurityBypass                              ./drivers/fsl_flash.o
FLASH_SetCallback                                 ./drivers/fsl_flash.o
FLASH_SetProperty                                 ./drivers/fsl_flash.o
FLASH_VerifyErase                                 ./drivers/fsl_flash.o
FLASH_VerifyEraseAll                              ./drivers/fsl_flash.o
FLASH_VerifyEraseAllExecuteOnlySegments           ./drivers/fsl_flash.o
FLASH_VerifyProgram                               ./drivers/fsl_flash.o
FONTS_GetStringSize                               ./source/fonts.o
FTFA_DriverIRQHandler                             ./startup/startup_mkl25z4.o
FTFA_IRQHandler                                   ./startup/startup_mkl25z4.o
Flash_Config                                      ./startup/startup_mkl25z4.o
Font11x18                                         ./source/fonts.o
Font16x26                                         ./source/fonts.o
Font7x10                                          ./source/fonts.o
Font_11x18                                        ./source/fonts.o
Font_16x26                                        ./source/fonts.o
Font_7x10                                         ./source/fonts.o
GPIO_ClearPinsInterruptFlags                      ./drivers/fsl_gpio.o
GPIO_GetPinsInterruptFlags                        ./drivers/fsl_gpio.o
GPIO_PinInit                                      ./drivers/fsl_gpio.o
HardFault_Handler                                 ./source/semihost_hardfault.o
                                                  ./startup/startup_mkl25z4.o
I2C0_DriverIRQHandler                             ./startup/startup_mkl25z4.o
I2C0_IRQHandler                                   ./startup/startup_mkl25z4.o
I2C1_DriverIRQHandler                             ./startup/startup_mkl25z4.o
I2C1_IRQHandler                                   ./startup/startup_mkl25z4.o
InstallIRQHandler                                 ./drivers/fsl_common.o
IntDefaultHandler                                 ./startup/startup_mkl25z4.o
LLWU_DriverIRQHandler                             ./startup/startup_mkl25z4.o
LLWU_IRQHandler                                   ./startup/startup_mkl25z4.o
LPSCI_ClearStatusFlags                            ./drivers/fsl_lpsci.o
LPSCI_Deinit                                      ./drivers/fsl_lpsci.o
                                                  ./utilities/fsl_debug_console.o
LPSCI_DisableInterrupts                           ./drivers/fsl_lpsci.o
LPSCI_EnableInterrupts                            ./drivers/fsl_lpsci.o
LPSCI_GetDefaultConfig                            ./drivers/fsl_lpsci.o
                                                  ./utilities/fsl_debug_console.o
LPSCI_GetEnabledInterrupts                        ./drivers/fsl_lpsci.o
LPSCI_GetInstance                                 ./drivers/fsl_lpsci.o
LPSCI_GetStatusFlags                              ./drivers/fsl_lpsci.o
LPSCI_Init                                        ./drivers/fsl_lpsci.o
                                                  ./utilities/fsl_debug_console.o
LPSCI_ReadBlocking                                ./drivers/fsl_lpsci.o
                                                  ./utilities/fsl_debug_console.o
LPSCI_SetBaudRate                                 ./drivers/fsl_lpsci.o
LPSCI_TransferAbortReceive                        ./drivers/fsl_lpsci.o
LPSCI_TransferAbortSend                           ./drivers/fsl_lpsci.o
LPSCI_TransferCreateHandle                        ./drivers/fsl_lpsci.o
LPSCI_TransferGetReceiveCount                     ./drivers/fsl_lpsci.o
LPSCI_TransferGetSendCount                        ./drivers/fsl_lpsci.o
LPSCI_TransferHandleErrorIRQ                      ./drivers/fsl_lpsci.o
LPSCI_TransferHandleIRQ                           ./drivers/fsl_lpsci.o
LPSCI_TransferReceiveNonBlocking                  ./drivers/fsl_lpsci.o
LPSCI_TransferSendNonBlocking                     ./drivers/fsl_lpsci.o
LPSCI_TransferStartRingBuffer                     ./drivers/fsl_lpsci.o
LPSCI_TransferStopRingBuffer                      ./drivers/fsl_lpsci.o
LPSCI_WriteBlocking                               ./drivers/fsl_lpsci.o
                                                  ./utilities/fsl_debug_console.o
LPTMR0_DriverIRQHandler                           ./startup/startup_mkl25z4.o
LPTMR0_IRQHandler                                 ./startup/startup_mkl25z4.o
LVD_LVW_DriverIRQHandler                          ./startup/startup_mkl25z4.o
LVD_LVW_IRQHandler                                ./startup/startup_mkl25z4.o
MCG_DriverIRQHandler                              ./startup/startup_mkl25z4.o
MCG_IRQHandler                                    ./startup/startup_mkl25z4.o
MPU_accelConfig                                   ./source/mpu6050.o
                                                  ./source/PES_Project.o
MPU_accelX                                        ./source/mpu6050.o
MPU_accelXraw                                     ./source/mpu6050.o
MPU_accelY                                        ./source/mpu6050.o
MPU_accelYraw                                     ./source/mpu6050.o
MPU_accelZ                                        ./source/mpu6050.o
MPU_accelZraw                                     ./source/mpu6050.o
MPU_accel_offset                                  ./source/mpu6050.o
MPU_calibrate                                     ./source/mpu6050.o
                                                  ./source/PES_Project.o
MPU_get_accelRange                                ./source/mpu6050.o
MPU_get_gyroRange                                 ./source/mpu6050.o
MPU_gyroConfig                                    ./source/mpu6050.o
                                                  ./source/PES_Project.o
MPU_gyroX                                         ./source/mpu6050.o
MPU_gyroXraw                                      ./source/mpu6050.o
                                                  ./source/PES_Project.o
MPU_gyroY                                         ./source/mpu6050.o
MPU_gyroYraw                                      ./source/mpu6050.o
                                                  ./source/PES_Project.o
MPU_gyroZ                                         ./source/mpu6050.o
MPU_gyroZraw                                      ./source/mpu6050.o
                                                  ./source/PES_Project.o
MPU_gyro_offset                                   ./source/mpu6050.o
MPU_tempC                                         ./source/mpu6050.o
                                                  ./source/PES_Project.o
NMI_Handler                                       ./startup/startup_mkl25z4.o
PIT_DriverIRQHandler                              ./startup/startup_mkl25z4.o
PIT_IRQHandler                                    ./startup/startup_mkl25z4.o
PORTA_DriverIRQHandler                            ./startup/startup_mkl25z4.o
PORTA_IRQHandler                                  ./startup/startup_mkl25z4.o
PORTD_DriverIRQHandler                            ./startup/startup_mkl25z4.o
PORTD_IRQHandler                                  ./startup/startup_mkl25z4.o
PendSV_Handler                                    ./startup/startup_mkl25z4.o
RTC_DriverIRQHandler                              ./startup/startup_mkl25z4.o
RTC_IRQHandler                                    ./startup/startup_mkl25z4.o
RTC_Seconds_DriverIRQHandler                      ./startup/startup_mkl25z4.o
RTC_Seconds_IRQHandler                            ./startup/startup_mkl25z4.o
Reserved20_DriverIRQHandler                       ./startup/startup_mkl25z4.o
Reserved20_IRQHandler                             ./startup/startup_mkl25z4.o
Reserved39_DriverIRQHandler                       ./startup/startup_mkl25z4.o
Reserved39_IRQHandler                             ./startup/startup_mkl25z4.o
Reserved45_DriverIRQHandler                       ./startup/startup_mkl25z4.o
Reserved45_IRQHandler                             ./startup/startup_mkl25z4.o
ResetISR                                          ./startup/startup_mkl25z4.o
SMC_PostExitStopModes                             ./drivers/fsl_smc.o
SMC_PreEnterStopModes                             ./drivers/fsl_smc.o
SMC_SetPowerModeLls                               ./drivers/fsl_smc.o
SMC_SetPowerModeRun                               ./drivers/fsl_smc.o
SMC_SetPowerModeStop                              ./drivers/fsl_smc.o
SMC_SetPowerModeVlls                              ./drivers/fsl_smc.o
SMC_SetPowerModeVlpr                              ./drivers/fsl_smc.o
                                                  ./board/clock_config.o
SMC_SetPowerModeVlps                              ./drivers/fsl_smc.o
SMC_SetPowerModeVlpw                              ./drivers/fsl_smc.o
SMC_SetPowerModeWait                              ./drivers/fsl_smc.o
SPI0_DriverIRQHandler                             ./startup/startup_mkl25z4.o
SPI0_IRQHandler                                   ./startup/startup_mkl25z4.o
SPI1_DriverIRQHandler                             ./startup/startup_mkl25z4.o
SPI1_IRQHandler                                   ./startup/startup_mkl25z4.o
SVC_Handler                                       ./startup/startup_mkl25z4.o
SysTick_Handler                                   ./startup/startup_mkl25z4.o
SystemCoreClock                                   ./CMSIS/system_MKL25Z4.o
                                                  ./board/clock_config.o
SystemCoreClockUpdate                             ./CMSIS/system_MKL25Z4.o
SystemInit                                        ./CMSIS/system_MKL25Z4.o
                                                  ./startup/startup_mkl25z4.o
TPM0_DriverIRQHandler                             ./startup/startup_mkl25z4.o
TPM0_IRQHandler                                   ./startup/startup_mkl25z4.o
TPM1_DriverIRQHandler                             ./startup/startup_mkl25z4.o
TPM1_IRQHandler                                   ./startup/startup_mkl25z4.o
TPM2_DriverIRQHandler                             ./startup/startup_mkl25z4.o
TPM2_IRQHandler                                   ./startup/startup_mkl25z4.o
TSI0_DriverIRQHandler                             ./startup/startup_mkl25z4.o
TSI0_IRQHandler                                   ./startup/startup_mkl25z4.o
UART0_DriverIRQHandler                            ./drivers/fsl_lpsci.o
                                                  ./startup/startup_mkl25z4.o