Archive member included to satisfy reference by file (symbol)

/usr/local/mcuxpressoide-11.8.0_1165/ide/plugins/com.nxp.mcuxpresso.tools.linux_11.8.0.202306131047/tools/bin/../lib/gcc/arm-none-eabi/12.2.1/../../../../arm-none-eabi/lib/thumb/v6-m/nofp/libcr_nohost_nf.a(_cr__main.o)
                              ./startup/startup_mkl25z4.o (__main)
/usr/local/mcuxpressoide-11.8.0_1165/ide/plugins/com.nxp.mcuxpresso.tools.linux_11.8.0.202306131047/tools/bin/../lib/gcc/arm-none-eabi/12.2.1/../../../../arm-none-eabi/lib/thumb/v6-m/nofp/libcr_c.a(memcpy.o)
                              ./drivers/fsl_flash.o (memcpy)
/usr/local/mcuxpressoide-11.8.0_1165/ide/plugins/com.nxp.mcuxpresso.tools.linux_11.8.0.202306131047/tools/bin/../lib/gcc/arm-none-eabi/12.2.1/../../../../arm-none-eabi/lib/thumb/v6-m/nofp/libcr_c.a(memset.o)
                              ./source/oled.o (memset)
/usr/local/mcuxpressoide-11.8.0_1165/ide/plugins/com.nxp.mcuxpresso.tools.linux_11.8.0.202306131047/tools/bin/../lib/gcc/arm-none-eabi/12.2.1/../../../../arm-none-eabi/lib/thumb/v6-m/nofp/libcr_c.a(initio.o)
                              /usr/local/mcuxpressoide-11.8.0_1165/ide/plugins/com.nxp.mcuxpresso.tools.linux_11.8.0.202306131047/tools/bin/../lib/gcc/arm-none-eabi/12.2.1/../../../../arm-none-eabi/lib/thumb/v6-m/nofp/libcr_nohost_nf.a(_cr__main.o) (_initio)
/usr/local/mcuxpressoide-11.8.0_1165/ide/plugins/com.nxp.mcuxpresso.tools.linux_11.8.0.202306131047/tools/bin/../lib/gcc/arm-none-eabi/12.2.1/../../../../arm-none-eabi/lib/thumb/v6-m/nofp/libcr_c.a(setvbuf.o)
                              /usr/local/mcuxpressoide-11.8.0_1165/ide/plugins/com.nxp.mcuxpresso.tools.linux_11.8.0.202306131047/tools/bin/../lib/gcc/arm-none-eabi/12.2.1/../../../../arm-none-eabi/lib/thumb/v6-m/nofp/libcr_c.a(initio.o) (setvbuf)
/usr/local/mcuxpressoide-11.8.0_1165/ide/plugins/com.nxp.mcuxpresso.tools.linux_11.8.0.202306131047/tools/bin/../lib/gcc/arm-none-eabi/12.2.1/../../../../arm-none-eabi/lib/thumb/v6-m/nofp/libcr_c.a(strlen.o)
                              ./utilities/fsl_debug_console.o (strlen)
/usr/local/mcuxpressoide-11.8.0_1165/ide/plugins/com.nxp.mcuxpresso.tools.linux_11.8.0.202306131047/tools/bin/../lib/gcc/arm-none-eabi/12.2.1/../../../../arm-none-eabi/lib/thumb/v6-m/nofp/libcr_c.a(_fdopen.o)
                              /usr/local/mcuxpressoide-11.8.0_1165/ide/plugins/com.nxp.mcuxpresso.tools.linux_11.8.0.202306131047/tools/bin/../lib/gcc/arm-none-eabi/12.2.1/../../../../arm-none-eabi/lib/thumb/v6-m/nofp/libcr_c.a(initio.o) (_fdopen)
/usr/local/mcuxpressoide-11.8.0_1165/ide/plugins/com.nxp.mcuxpresso.tools.linux_11.8.0.202306131047/tools/bin/../lib/gcc/arm-none-eabi/12.2.1/../../../../arm-none-eabi/lib/thumb/v6-m/nofp/libcr_c.a(fclose.o)
                              /usr/local/mcuxpressoide-11.8.0_1165/ide/plugins/com.nxp.mcuxpresso.tools.linux_11.8.0.202306131047/tools/bin/../lib/gcc/arm-none-eabi/12.2.1/../../../../arm-none-eabi/lib/thumb/v6-m/nofp/libcr_c.a(initio.o) (fclose)
/usr/local/mcuxpressoide-11.8.0_1165/ide/plugins/com.nxp.mcuxpresso.tools.linux_11.8.0.202306131047/tools/bin/../lib/gcc/arm-none-eabi/12.2.1/../../../../arm-none-eabi/lib/thumb/v6-m/nofp/libcr_c.a(fflush.o)
                              /usr/local/mcuxpressoide-11.8.0_1165/ide/plugins/com.nxp.mcuxpresso.tools.linux_11.8.0.202306131047/tools/bin/../lib/gcc/arm-none-eabi/12.2.1/../../../../arm-none-eabi/lib/thumb/v6-m/nofp/libcr_c.a(fclose.o) (fflush)
/usr/local/mcuxpressoide-11.8.0_1165/ide/plugins/com.nxp.mcuxpresso.tools.linux_11.8.0.202306131047/tools/bin/../lib/gcc/arm-none-eabi/12.2.1/../../../../arm-none-eabi/lib/thumb/v6-m/nofp/libcr_c.a(fseek.o)
                              /usr/local/mcuxpressoide-11.8.0_1165/ide/plugins/com.nxp.mcuxpresso.tools.linux_11.8.0.202306131047/tools/bin/../lib/gcc/arm-none-eabi/12.2.1/../../../../arm-none-eabi/lib/thumb/v6-m/nofp/libcr_c.a(_fdopen.o) (fseek)
/usr/local/mcuxpressoide-11.8.0_1165/ide/plugins/com.nxp.mcuxpresso.tools.linux_11.8.0.202306131047/tools/bin/../lib/gcc/arm-none-eabi/12.2.1/../../../../arm-none-eabi/lib/thumb/v6-m/nofp/libcr_c.a(ftell.o)
                              /usr/local/mcuxpressoide-11.8.0_1165/ide/plugins/com.nxp.mcuxpresso.tools.linux_11.8.0.202306131047/tools/bin/../lib/gcc/arm-none-eabi/12.2.1/../../../../arm-none-eabi/lib/thumb/v6-m/nofp/libcr_c.a(fseek.o) (ftell)
/usr/local/mcuxpressoide-11.8.0_1165/ide/plugins/com.nxp.mcuxpresso.tools.linux_11.8.0.202306131047/tools/bin/../lib/gcc/arm-none-eabi/12.2.1/../../../../arm-none-eabi/lib/thumb/v6-m/nofp/libcr_c.a(remove.o)
                              /usr/local/mcuxpressoide-11.8.0_1165/ide/plugins/com.nxp.mcuxpresso.tools.linux_11.8.0.202306131047/tools/bin/../lib/gcc/arm-none-eabi/12.2.1/../../../../arm-none-eabi/lib/thumb/v6-m/nofp/libcr_c.a(fclose.o) (remove)
[...]
Memory Configuration

Name             Origin             Length             Attributes
PROGRAM_FLASH    0x0000000000000000 0x0000000000020000 xr
SRAM             0x000000001ffff000 0x0000000000004000 xrw
*default*        0x0000000000000000 0xffffffffffffffff

Linker script and memory map

LOAD ./utilities/fsl_debug_console.o
LOAD ./startup/startup_mkl25z4.o
LOAD ./source/PES_Project.o
LOAD ./source/fonts.o
LOAD ./source/i2c.o
LOAD ./source/mtb.o
LOAD ./source/oled.o
LOAD ./source/semihost_hardfault.o
LOAD ./drivers/fsl_clock.o
LOAD ./drivers/fsl_common.o
LOAD ./drivers/fsl_flash.o
LOAD ./drivers/fsl_gpio.o
LOAD ./drivers/fsl_lpsci.o
LOAD ./drivers/fsl_smc.o
LOAD ./drivers/fsl_uart.o
LOAD ./board/board.o
LOAD ./board/clock_config.o
LOAD ./board/peripherals.o
LOAD ./board/pin_mux.o
LOAD ./CMSIS/system_MKL25Z4.o
START GROUP
LOAD /usr/local/mcuxpressoide-11.8.0_1165/ide/plugins/com.nxp.mcuxpresso.tools.linux_11.8.0.202306131047/tools/bin/../lib/gcc/arm-none-eabi/12.2.1/../../../../arm-none-eabi/lib/thumb/v6-m/nofp/libcr_nohost_nf.a
LOAD /usr/local/mcuxpressoide-11.8.0_1165/ide/plugins/com.nxp.mcuxpresso.tools.linux_11.8.0.202306131047/tools/bin/../lib/gcc/arm-none-eabi/12.2.1/../../../../arm-none-eabi/lib/thumb/v6-m/nofp/libcr_c.a
LOAD /usr/local/mcuxpressoide-11.8.0_1165/ide/plugins/com.nxp.mcuxpresso.tools.linux_11.8.0.202306131047/tools/bin/../lib/gcc/arm-none-eabi/12.2.1/thumb/v6-m/nofp/libcr_eabihelpers.a
LOAD /usr/local/mcuxpressoide-11.8.0_1165/ide/plugins/com.nxp.mcuxpresso.tools.linux_11.8.0.202306131047/tools/bin/../lib/gcc/arm-none-eabi/12.2.1/thumb/v6-m/nofp/libgcc.a
END GROUP
                0x0000000000000000                __base_PROGRAM_FLASH = 0x0
                0x0000000000000000                __base_Flash = 0x0
                0x0000000000020000                __top_PROGRAM_FLASH = 0x20000
                0x0000000000020000                __top_Flash = 0x20000
                0x000000001ffff000                __base_SRAM = 0x1ffff000
                0x000000001ffff000                __base_RAM = 0x1ffff000
                0x0000000020003000                __top_SRAM = 0x20003000
                0x0000000020003000                __top_RAM = 0x20003000

.text           0x0000000000000000     0x3a98
 FILL mask 0xff
                0x0000000000000000                __vectors_start__ = ABSOLUTE (.)
 *(SORT_BY_ALIGNMENT(.isr_vector))
 .isr_vector    0x0000000000000000       0xc0 ./startup/startup_mkl25z4.o
                0x0000000000000000                __Vectors
                0x0000000000000000                g_pfnVectors
                0x00000000000000c0                . = ALIGN (0x4)
                0x00000000000000c0                __section_table_start = .
                0x00000000000000c0                __data_section_table = .
                0x00000000000000c0        0x4 LONG 0x3a98 LOADADDR (.data)
                0x00000000000000c4        0x4 LONG 0x1ffff080 ADDR (.data)
                0x00000000000000c8        0x4 LONG 0x10 SIZEOF (.data)
                0x00000000000000cc                __data_section_table_end = .
                0x00000000000000cc                __bss_section_table = .
                0x00000000000000cc        0x4 LONG 0x1ffff090 ADDR (.bss)
                0x00000000000000d0        0x4 LONG 0x4ec SIZEOF (.bss)
                0x00000000000000d4                __bss_section_table_end = .
                0x00000000000000d4                __section_table_end = .
 *(SORT_BY_ALIGNMENT(.after_vectors*))
 .after_vectors.reset
                0x00000000000000d4       0x4c ./startup/startup_mkl25z4.o
                0x00000000000000d4                ResetISR
 .after_vectors.init_data
                0x0000000000000120       0x12 ./startup/startup_mkl25z4.o
                0x0000000000000120                data_init
 .after_vectors.init_bss
                0x0000000000000132       0x10 ./startup/startup_mkl25z4.o
                0x0000000000000132                bss_init
 .after_vectors
                0x0000000000000142      0x10c ./startup/startup_mkl25z4.o
                0x0000000000000142                NMI_Handler
                0x0000000000000146                SVC_Handler
                0x0000000000000148                PendSV_Handler
                0x000000000000014a                SysTick_Handler
                0x000000000000014c                PIT_DriverIRQHandler
                0x000000000000014c                Reserved39_DriverIRQHandler
                0x000000000000014c                DMA0_DriverIRQHandler
                0x000000000000014c                SPI1_DriverIRQHandler
                0x000000000000014c                LPTMR0_DriverIRQHandler
                0x000000000000014c                TPM2_DriverIRQHandler
                0x000000000000014c                TSI0_DriverIRQHandler
                0x000000000000014c                RTC_Seconds_DriverIRQHandler
                0x000000000000014c                LLWU_DriverIRQHandler
                0x000000000000014c                MCG_DriverIRQHandler
                0x000000000000014c                FTFA_DriverIRQHandler
                0x000000000000014c                IntDefaultHandler
                0x000000000000014c                USB0_DriverIRQHandler
                0x000000000000014c                DAC0_DriverIRQHandler
                0x000000000000014c                LVD_LVW_DriverIRQHandler
                0x000000000000014c                TPM0_DriverIRQHandler
                0x000000000000014c                Reserved20_DriverIRQHandler
                0x000000000000014c                DMA3_DriverIRQHandler
                0x000000000000014c                Reserved45_DriverIRQHandler
                0x000000000000014c                PORTA_DriverIRQHandler
                0x000000000000014c                TPM1_DriverIRQHandler
                0x000000000000014c                RTC_DriverIRQHandler
                0x000000000000014c                DMA1_DriverIRQHandler
                0x000000000000014c                I2C1_DriverIRQHandler
                0x000000000000014c                SPI0_DriverIRQHandler
                0x000000000000014c                ADC0_DriverIRQHandler
                0x000000000000014c                CMP0_DriverIRQHandler
                0x000000000000014c                DMA2_DriverIRQHandler
                0x000000000000014c                PORTD_DriverIRQHandler
                0x000000000000014c                I2C0_DriverIRQHandler
                0x000000000000014e                DMA0_IRQHandler
                0x0000000000000156                DMA1_IRQHandler
                0x000000000000015e                DMA2_IRQHandler
                0x0000000000000166                DMA3_IRQHandler
                0x000000000000016e                Reserved20_IRQHandler
                0x0000000000000176                FTFA_IRQHandler
                0x000000000000017e                LVD_LVW_IRQHandler
                0x0000000000000186                LLWU_IRQHandler
                0x000000000000018e                I2C0_IRQHandler
                0x0000000000000196                I2C1_IRQHandler
                0x000000000000019e                SPI0_IRQHandler
                0x00000000000001a6                SPI1_IRQHandler
                0x00000000000001ae                UART0_IRQHandler
                0x00000000000001b6                UART1_IRQHandler
                0x00000000000001be                UART2_IRQHandler
                0x00000000000001c6                ADC0_IRQHandler
                0x00000000000001ce                CMP0_IRQHandler
                0x00000000000001d6                TPM0_IRQHandler
                0x00000000000001de                TPM1_IRQHandler
                0x00000000000001e6                TPM2_IRQHandler
                0x00000000000001ee                RTC_IRQHandler
                0x00000000000001f6                RTC_Seconds_IRQHandler
                0x00000000000001fe                PIT_IRQHandler
                0x0000000000000206                Reserved39_IRQHandler
                0x000000000000020e                USB0_IRQHandler
                0x0000000000000216                DAC0_IRQHandler
                0x000000000000021e                TSI0_IRQHandler
                0x0000000000000226                MCG_IRQHandler
                0x000000000000022e                LPTMR0_IRQHandler
                0x0000000000000236                Reserved45_IRQHandler
                0x000000000000023e                PORTA_IRQHandler
                0x0000000000000246                PORTD_IRQHandler
                0x0000000000000400                . = 0x400
 *fill*         0x000000000000024e      0x1b2 ff
                0x0000000000000400                PROVIDE (__FLASH_CONFIG_START__ = .)
 *(SORT_BY_ALIGNMENT(.FlashConfig))
 .FlashConfig   0x0000000000000400       0x10 ./startup/startup_mkl25z4.o
                0x0000000000000400                Flash_Config
                0x0000000000000410                PROVIDE (__FLASH_CONFIG_END__ = .)
                0x0000000000000001                ASSERT (! ((__FLASH_CONFIG_START__ == __FLASH_CONFIG_END__)), Linker Flash Config Support Enabled, but no .FlashConfig section provided within application)
 *(SORT_BY_ALIGNMENT(.text*))
 .text.DbgConsole_Init
                0x0000000000000410       0xf4 ./utilities/fsl_debug_console.o
                0x0000000000000410                DbgConsole_Init
 .text.DbgConsole_Printf
                0x0000000000000504       0x44 ./utilities/fsl_debug_console.o
                0x0000000000000504                DbgConsole_Printf
 .text.DbgConsole_Putchar
                0x0000000000000548       0x34 ./utilities/fsl_debug_console.o
                0x0000000000000548                DbgConsole_Putchar
 .text.main     0x000000000000057c       0x44 ./source/PES_Project.o
                0x000000000000057c                main
 .text.initI2C  0x00000000000005c0       0x98 ./source/i2c.o
                0x00000000000005c0                initI2C
 .text.startI2C
                0x0000000000000658       0x30 ./source/i2c.o
                0x0000000000000658                startI2C
 .text.stopI2C  0x0000000000000688       0x30 ./source/i2c.o
                0x0000000000000688                stopI2C
 .text.waitI2C  0x00000000000006b8       0x4c ./source/i2c.o
                0x00000000000006b8                waitI2C
 .text.writeI2C
                0x0000000000000704       0x20 ./source/i2c.o
                0x0000000000000704                writeI2C
 .text.init_SSD1306
                0x0000000000000724      0x16c ./source/oled.o
                0x0000000000000724                init_SSD1306
 .text.fill_SSD1306
                0x0000000000000890       0x34 ./source/oled.o
                0x0000000000000890                fill_SSD1306
 .text.updateScreen_SSD1306
                0x00000000000008c4       0x68 ./source/oled.o
                0x00000000000008c4                updateScreen_SSD1306
 .text.gotoXY_SSD1306
                0x000000000000092c       0x30 ./source/oled.o
                0x000000000000092c                gotoXY_SSD1306
 .text.putc_SSD1306
                0x000000000000095c      0x104 ./source/oled.o
                0x000000000000095c                putc_SSD1306
 .text.SSD1306_DrawPixel
                0x0000000000000a60       0xdc ./source/oled.o
                0x0000000000000a60                SSD1306_DrawPixel
 .text.HardFault_Handler
                0x0000000000000b3c       0x38 ./source/semihost_hardfault.o
                0x0000000000000b3c                HardFault_Handler
 .text.CLOCK_SetEr32kClock
                0x0000000000000b74       0x34 ./drivers/fsl_clock.o
 .text.CLOCK_SetPllFllSelClock
                0x0000000000000ba8       0x38 ./drivers/fsl_clock.o
 .text.CLOCK_GetMcgExtClkFreq
                0x0000000000000be0       0x28 ./drivers/fsl_clock.o
 .text.CLOCK_GetFllExtRefClkFreq
                0x0000000000000c08       0xa8 ./drivers/fsl_clock.o
 .text.CLOCK_GetFllRefClkFreq
                0x0000000000000cb0       0x2c ./drivers/fsl_clock.o
 .text.CLOCK_GetOscRangeFromFreq
                0x0000000000000cdc       0x4c ./drivers/fsl_clock.o
 .text.CLOCK_GetPllFllSelClkFreq
                0x0000000000000d28       0x4c ./drivers/fsl_clock.o
                0x0000000000000d28                CLOCK_GetPllFllSelClkFreq
 .text.CLOCK_SetSimConfig
                0x0000000000000d74       0x38 ./drivers/fsl_clock.o
                0x0000000000000d74                CLOCK_SetSimConfig
 .text.CLOCK_GetFllFreq
                0x0000000000000dac       0x84 ./drivers/fsl_clock.o
                0x0000000000000dac                CLOCK_GetFllFreq
 .text.CLOCK_GetPll0Freq
                0x0000000000000e30       0x70 ./drivers/fsl_clock.o
                0x0000000000000e30                CLOCK_GetPll0Freq
 .text.CLOCK_SetInternalRefClkConfig
                0x0000000000000ea0      0x124 ./drivers/fsl_clock.o
                0x0000000000000ea0                CLOCK_SetInternalRefClkConfig
 .text.CLOCK_EnablePll0
                0x0000000000000fc4       0x94 ./drivers/fsl_clock.o
                0x0000000000000fc4                CLOCK_EnablePll0
 .text.CLOCK_InitOsc0
                0x0000000000001058       0x94 ./drivers/fsl_clock.o
                0x0000000000001058                CLOCK_InitOsc0
 .text.CLOCK_SetPbeMode
                0x00000000000010ec       0xb0 ./drivers/fsl_clock.o
                0x00000000000010ec                CLOCK_SetPbeMode
 .text.CLOCK_BootToPeeMode
                0x000000000000119c       0x70 ./drivers/fsl_clock.o
                0x000000000000119c                CLOCK_BootToPeeMode
 .text.__assertion_failed
                0x000000000000120c       0x1c ./drivers/fsl_common.o
                0x000000000000120c                __assertion_failed
 .text.CLOCK_EnableClock
                0x0000000000001228       0x34 ./drivers/fsl_lpsci.o
 .text.LPSCI_GetInstance
                0x000000000000125c       0x48 ./drivers/fsl_lpsci.o
                0x000000000000125c                LPSCI_GetInstance
 .text.LPSCI_Init
                0x00000000000012a4      0x258 ./drivers/fsl_lpsci.o
                0x00000000000012a4                LPSCI_Init
 .text.LPSCI_GetDefaultConfig
                0x00000000000014fc       0x44 ./drivers/fsl_lpsci.o
                0x00000000000014fc                LPSCI_GetDefaultConfig
 .text.LPSCI_ClearStatusFlags
                0x0000000000001540       0x94 ./drivers/fsl_lpsci.o
                0x0000000000001540                LPSCI_ClearStatusFlags
 .text.LPSCI_WriteBlocking
                0x00000000000015d4       0x4c ./drivers/fsl_lpsci.o
                0x00000000000015d4                LPSCI_WriteBlocking
 .text.LPSCI_ReadBlocking
                0x0000000000001620       0xc0 ./drivers/fsl_lpsci.o
                0x0000000000001620                LPSCI_ReadBlocking
 .text.UART0_DriverIRQHandler
                0x00000000000016e0       0x24 ./drivers/fsl_lpsci.o
                0x00000000000016e0                UART0_DriverIRQHandler
 .text.CLOCK_EnableClock
                0x0000000000001704       0x34 ./drivers/fsl_uart.o
 .text.UART_GetInstance
                0x0000000000001738       0x54 ./drivers/fsl_uart.o
                0x0000000000001738                UART_GetInstance
 .text.UART_Init
                0x000000000000178c      0x1e0 ./drivers/fsl_uart.o
                0x000000000000178c                UART_Init
 .text.UART_GetDefaultConfig
                0x000000000000196c       0x44 ./drivers/fsl_uart.o
                0x000000000000196c                UART_GetDefaultConfig
 .text.UART_ReadBlocking
                0x00000000000019b0       0x98 ./drivers/fsl_uart.o
                0x00000000000019b0                UART_ReadBlocking
 .text.UART1_DriverIRQHandler
                0x0000000000001a48       0x24 ./drivers/fsl_uart.o
                0x0000000000001a48                UART1_DriverIRQHandler
 .text.UART2_DriverIRQHandler
                0x0000000000001a6c       0x24 ./drivers/fsl_uart.o
                0x0000000000001a6c                UART2_DriverIRQHandler
 .text.CLOCK_SetLpsci0Clock
                0x0000000000001a90       0x38 ./board/board.o
 .text.BOARD_InitDebugConsole
                0x0000000000001ac8       0x30 ./board/board.o
                0x0000000000001ac8                BOARD_InitDebugConsole
 .text.CLOCK_SetSimSafeDivs
                0x0000000000001af8       0x20 ./board/clock_config.o
 .text.CLOCK_SetXtal0Freq
                0x0000000000001b18       0x1c ./board/clock_config.o
 .text.CLOCK_CONFIG_SetFllExtRefDiv
                0x0000000000001b34       0x3c ./board/clock_config.o
 .text.BOARD_BootClockRUN
                0x0000000000001b70       0x64 ./board/clock_config.o
                0x0000000000001b70                BOARD_BootClockRUN
 .text.CLOCK_EnableClock
                0x0000000000001bd4       0x34 ./board/pin_mux.o
 .text.PORT_SetPinMux
                0x0000000000001c08       0x40 ./board/pin_mux.o
 .text.BOARD_InitPins
                0x0000000000001c48       0x4c ./board/pin_mux.o
                0x0000000000001c48                BOARD_InitPins
 .text.SystemInit
                0x0000000000001c94       0x18 ./CMSIS/system_MKL25Z4.o
                0x0000000000001c94                SystemInit
 .text._initio  0x0000000000001cac       0x7c /usr/local/mcuxpressoide-11.8.0_1165/ide/plugins/com.nxp.mcuxpresso.tools.linux_11.8.0.202306131047/tools/bin/../lib/gcc/arm-none-eabi/12.2.1/../../../../arm-none-eabi/lib/thumb/v6-m/nofp/libcr_c.a(initio.o)
                0x0000000000001cac                _initio
 .text.setvbuf  0x0000000000001d28       0x4c /usr/local/mcuxpressoide-11.8.0_1165/ide/plugins/com.nxp.mcuxpresso.tools.linux_11.8.0.202306131047/tools/bin/../lib/gcc/arm-none-eabi/12.2.1/../../../../arm-none-eabi/lib/thumb/v6-m/nofp/libcr_c.a(setvbuf.o)
                0x0000000000001d28                setvbuf
 .text.strlen   0x0000000000001d74       0x5c /usr/local/mcuxpressoide-11.8.0_1165/ide/plugins/com.nxp.mcuxpresso.tools.linux_11.8.0.202306131047/tools/bin/../lib/gcc/arm-none-eabi/12.2.1/../../../../arm-none-eabi/lib/thumb/v6-m/nofp/libcr_c.a(strlen.o)
                0x0000000000001d74                strlen
 .text._fdopen  0x0000000000001dd0       0x74 /usr/local/mcuxpressoide-11.8.0_1165/ide/plugins/com.nxp.mcuxpresso.tools.linux_11.8.0.202306131047/tools/bin/../lib/gcc/arm-none-eabi/12.2.1/../../../../arm-none-eabi/lib/thumb/v6-m/nofp/libcr_c.a(_fdopen.o)
                0x0000000000001dd0                _fdopen
 .text.fclose   0x0000000000001e44       0x5c /usr/local/mcuxpressoide-11.8.0_1165/ide/plugins/com.nxp.mcuxpresso.tools.linux_11.8.0.202306131047/tools/bin/../lib/gcc/arm-none-eabi/12.2.1/../../../../arm-none-eabi/lib/thumb/v6-m/nofp/libcr_c.a(fclose.o)
                0x0000000000001e44                fclose
 .text.fflush   0x0000000000001ea0       0x40 /usr/local/mcuxpressoide-11.8.0_1165/ide/plugins/com.nxp.mcuxpresso.tools.linux_11.8.0.202306131047/tools/bin/../lib/gcc/arm-none-eabi/12.2.1/../../../../arm-none-eabi/lib/thumb/v6-m/nofp/libcr_c.a(fflush.o)
                0x0000000000001ea0                fflush
 .text.fseek    0x0000000000001ee0       0xec /usr/local/mcuxpressoide-11.8.0_1165/ide/plugins/com.nxp.mcuxpresso.tools.linux_11.8.0.202306131047/tools/bin/../lib/gcc/arm-none-eabi/12.2.1/../../../../arm-none-eabi/lib/thumb/v6-m/nofp/libcr_c.a(fseek.o)
                0x0000000000001ee0                fseek
 .text.ftell    0x0000000000001fcc       0x4c /usr/local/mcuxpressoide-11.8.0_1165/ide/plugins/com.nxp.mcuxpresso.tools.linux_11.8.0.202306131047/tools/bin/../lib/gcc/arm-none-eabi/12.2.1/../../../../arm-none-eabi/lib/thumb/v6-m/nofp/libcr_c.a(ftell.o)
                0x0000000000001fcc                ftell
 .text._do_fflush
                0x0000000000002018       0x48 /usr/local/mcuxpressoide-11.8.0_1165/ide/plugins/com.nxp.mcuxpresso.tools.linux_11.8.0.202306131047/tools/bin/../lib/gcc/arm-none-eabi/12.2.1/../../../../arm-none-eabi/lib/thumb/v6-m/nofp/libcr_c.a(_do_fflush.o)
                0x0000000000002018                _do_fflush
 .text._fflush  0x0000000000002060       0x5c /usr/local/mcuxpressoide-11.8.0_1165/ide/plugins/com.nxp.mcuxpresso.tools.linux_11.8.0.202306131047/tools/bin/../lib/gcc/arm-none-eabi/12.2.1/../../../../arm-none-eabi/lib/thumb/v6-m/nofp/libcr_c.a(_fflush.o)
                0x0000000000002060                _fflush
 .text._Cwritebuf
                0x00000000000020bc       0x68 /usr/local/mcuxpressoide-11.8.0_1165/ide/plugins/com.nxp.mcuxpresso.tools.linux_11.8.0.202306131047/tools/bin/../lib/gcc/arm-none-eabi/12.2.1/../../../../arm-none-eabi/lib/thumb/v6-m/nofp/libcr_c.a(_writebuf.o)
                0x00000000000020bc                _Cwritebuf
 .text._deferredlazyseek
                0x0000000000002124       0x40 /usr/local/mcuxpressoide-11.8.0_1165/ide/plugins/com.nxp.mcuxpresso.tools.linux_11.8.0.202306131047/tools/bin/../lib/gcc/arm-none-eabi/12.2.1/../../../../arm-none-eabi/lib/thumb/v6-m/nofp/libcr_c.a(_deferredlazyseek.o)
                0x0000000000002124                _deferredlazyseek
 .text.UART_EnableTx
                0x0000000000002164       0x40 ./utilities/fsl_debug_console.o
 .text.UART_EnableRx
                0x00000000000021a4       0x40 ./utilities/fsl_debug_console.o
 .text.LPSCI_EnableTx
                0x00000000000021e4       0x40 ./utilities/fsl_debug_console.o
 .text.LPSCI_EnableRx
                0x0000000000002224       0x40 ./utilities/fsl_debug_console.o
 .text.DbgConsole_PrintfPaddingCharacter
                0x0000000000002264       0x48 ./utilities/fsl_debug_console.o
 .text.DbgConsole_ConvertRadixNumToString
                0x00000000000022ac      0x114 ./utilities/fsl_debug_console.o
 .text.DbgConsole_PrintfFormattedData
                0x00000000000023c0      0x33a ./utilities/fsl_debug_console.o
 .text.writeRegisterI2C
                0x00000000000026fa       0x62 ./source/i2c.o
                0x00000000000026fa                writeRegisterI2C
 .text.writeMultRegisterI2C
                0x000000000000275c       0x94 ./source/i2c.o
                0x000000000000275c                writeMultRegisterI2C
 .text.delay    0x00000000000027f0       0x2c ./source/i2c.o
                0x00000000000027f0                delay
 .text.puts_SSD1306
                0x000000000000281c       0x4c ./source/oled.o
                0x000000000000281c                puts_SSD1306
 .text.OSC_SetExtRefClkConfig
                0x0000000000002868       0x3e ./drivers/fsl_clock.o
 .text.OSC_SetCapLoad
                0x00000000000028a6       0x42 ./drivers/fsl_clock.o
 .text.CLOCK_GetPll0RefFreq
                0x00000000000028e8       0x10 ./drivers/fsl_clock.o
 .text.CLOCK_SetExternalRefClkConfig
                0x00000000000028f8       0x16 ./drivers/fsl_clock.o
                0x00000000000028f8                CLOCK_SetExternalRefClkConfig
 .text.LPSCI_GetStatusFlags
                0x000000000000290e       0x26 ./drivers/fsl_lpsci.o
                0x000000000000290e                LPSCI_GetStatusFlags
 .text.UART_GetStatusFlags
                0x0000000000002934       0x26 ./drivers/fsl_uart.o
                0x0000000000002934                UART_GetStatusFlags
 .text.UART_WriteBlocking
                0x000000000000295a       0x3c ./drivers/fsl_uart.o
                0x000000000000295a                UART_WriteBlocking
 .text.BOARD_InitBootClocks
                0x0000000000002996        0xe ./board/clock_config.o
                0x0000000000002996                BOARD_InitBootClocks
 .text.BOARD_InitBootPeripherals
                0x00000000000029a4        0xa ./board/peripherals.o
                0x00000000000029a4                BOARD_InitBootPeripherals
 .text.BOARD_InitBootPins
                0x00000000000029ae        0xe ./board/pin_mux.o
                0x00000000000029ae                BOARD_InitBootPins
 .text.__main   0x00000000000029bc        0xc /usr/local/mcuxpressoide-11.8.0_1165/ide/plugins/com.nxp.mcuxpresso.tools.linux_11.8.0.202306131047/tools/bin/../lib/gcc/arm-none-eabi/12.2.1/../../../../arm-none-eabi/lib/thumb/v6-m/nofp/libcr_nohost_nf.a(_cr__main.o)
                0x00000000000029bc                __main
 .text.memset   0x00000000000029c8        0x8 /usr/local/mcuxpressoide-11.8.0_1165/ide/plugins/com.nxp.mcuxpresso.tools.linux_11.8.0.202306131047/tools/bin/../lib/gcc/arm-none-eabi/12.2.1/../../../../arm-none-eabi/lib/thumb/v6-m/nofp/libcr_c.a(memset.o)
                0x00000000000029c8                memset
 .text.remove   0x00000000000029d0       0x12 /usr/local/mcuxpressoide-11.8.0_1165/ide/plugins/com.nxp.mcuxpresso.tools.linux_11.8.0.202306131047/tools/bin/../lib/gcc/arm-none-eabi/12.2.1/../../../../arm-none-eabi/lib/thumb/v6-m/nofp/libcr_c.a(remove.o)
                0x00000000000029d0                remove
 .text.free     0x00000000000029e2       0x2c /usr/local/mcuxpressoide-11.8.0_1165/ide/plugins/com.nxp.mcuxpresso.tools.linux_11.8.0.202306131047/tools/bin/../lib/gcc/arm-none-eabi/12.2.1/../../../../arm-none-eabi/lib/thumb/v6-m/nofp/libcr_c.a(alloc.o)
                0x00000000000029e2                free
 .text.__aeabi_division_idivmod
                0x0000000000002a0e       0x78 /usr/local/mcuxpressoide-11.8.0_1165/ide/plugins/com.nxp.mcuxpresso.tools.linux_11.8.0.202306131047/tools/bin/../lib/gcc/arm-none-eabi/12.2.1/thumb/v6-m/nofp/libcr_eabihelpers.a(division_32.o)
                0x0000000000002a0e                __aeabi_idiv
                0x0000000000002a0e                __aeabi_idivmod
                0x0000000000002a14                __aeabi_uidiv
                0x0000000000002a14                __aeabi_uidivmod
 .text.__aeabi_division_idiv0
                0x0000000000002a86        0x2 /usr/local/mcuxpressoide-11.8.0_1165/ide/plugins/com.nxp.mcuxpresso.tools.linux_11.8.0.202306131047/tools/bin/../lib/gcc/arm-none-eabi/12.2.1/thumb/v6-m/nofp/libcr_eabihelpers.a(division_idiv0.o)
                0x0000000000002a86                __aeabi_idiv0
 .text.__aeabi_memset_lowlevel
                0x0000000000002a88       0x2a /usr/local/mcuxpressoide-11.8.0_1165/ide/plugins/com.nxp.mcuxpresso.tools.linux_11.8.0.202306131047/tools/bin/../lib/gcc/arm-none-eabi/12.2.1/thumb/v6-m/nofp/libcr_eabihelpers.a(memcpy.o)
                0x0000000000002a88                __aeabi_lowlevel_memset
 .text.__sys_close
                0x0000000000002ab2        0x6 /usr/local/mcuxpressoide-11.8.0_1165/ide/plugins/com.nxp.mcuxpresso.tools.linux_11.8.0.202306131047/tools/bin/../lib/gcc/arm-none-eabi/12.2.1/../../../../arm-none-eabi/lib/thumb/v6-m/nofp/libcr_nohost_nf.a(__sys_close.o)
                0x0000000000002ab2                __sys_close
 .text.__sys_flen
                0x0000000000002ab8        0x6 /usr/local/mcuxpressoide-11.8.0_1165/ide/plugins/com.nxp.mcuxpresso.tools.linux_11.8.0.202306131047/tools/bin/../lib/gcc/arm-none-eabi/12.2.1/../../../../arm-none-eabi/lib/thumb/v6-m/nofp/libcr_nohost_nf.a(__sys_flen.o)
                0x0000000000002ab8                __sys_flen
 .text.__sys_istty
                0x0000000000002abe        0x6 /usr/local/mcuxpressoide-11.8.0_1165/ide/plugins/com.nxp.mcuxpresso.tools.linux_11.8.0.202306131047/tools/bin/../lib/gcc/arm-none-eabi/12.2.1/../../../../arm-none-eabi/lib/thumb/v6-m/nofp/libcr_nohost_nf.a(__sys_istty.o)
                0x0000000000002abe                __sys_istty
 .text.__sys_remove
                0x0000000000002ac4        0x6 /usr/local/mcuxpressoide-11.8.0_1165/ide/plugins/com.nxp.mcuxpresso.tools.linux_11.8.0.202306131047/tools/bin/../lib/gcc/arm-none-eabi/12.2.1/../../../../arm-none-eabi/lib/thumb/v6-m/nofp/libcr_nohost_nf.a(__sys_remove.o)
                0x0000000000002ac4                __sys_remove
 .text.__sys_seek
                0x0000000000002aca        0x6 /usr/local/mcuxpressoide-11.8.0_1165/ide/plugins/com.nxp.mcuxpresso.tools.linux_11.8.0.202306131047/tools/bin/../lib/gcc/arm-none-eabi/12.2.1/../../../../arm-none-eabi/lib/thumb/v6-m/nofp/libcr_nohost_nf.a(__sys_seek.o)
                0x0000000000002aca                __sys_seek
 .text.__sys_tmpnam
                0x0000000000002ad0        0x6 /usr/local/mcuxpressoide-11.8.0_1165/ide/plugins/com.nxp.mcuxpresso.tools.linux_11.8.0.202306131047/tools/bin/../lib/gcc/arm-none-eabi/12.2.1/../../../../arm-none-eabi/lib/thumb/v6-m/nofp/libcr_nohost_nf.a(__sys_tmpnam.o)
                0x0000000000002ad0                __sys_tmpnam
 .text.__sys_write
                0x0000000000002ad6        0x4 /usr/local/mcuxpressoide-11.8.0_1165/ide/plugins/com.nxp.mcuxpresso.tools.linux_11.8.0.202306131047/tools/bin/../lib/gcc/arm-none-eabi/12.2.1/../../../../arm-none-eabi/lib/thumb/v6-m/nofp/libcr_nohost_nf.a(__sys_write.o)
                0x0000000000002ad6                __sys_write
 *(SORT_BY_ALIGNMENT(.rodata) SORT_BY_ALIGNMENT(.rodata.*) SORT_BY_ALIGNMENT(.constdata) SORT_BY_ALIGNMENT(.constdata.*))
 *fill*         0x0000000000002ada        0x2 ff
 .rodata.main.str1.4
                0x0000000000002adc       0x16 ./source/PES_Project.o
 *fill*         0x0000000000002af2        0x2 ff
 .rodata.Font11x18
                0x0000000000002af4      0xd5c ./source/fonts.o
                0x0000000000002af4                Font11x18
 .rodata.CLOCK_GetMcgExtClkFreq.str1.4
                0x0000000000003850       0x1e ./drivers/fsl_clock.o
 *fill*         0x000000000000386e        0x2 ff
 .rodata.CLOCK_GetPll0Freq.str1.4
                0x0000000000003870       0x1d ./drivers/fsl_clock.o
 *fill*         0x000000000000388d        0x3 ff
 .rodata.CLOCK_EnablePll0.str1.4
                0x0000000000003890       0x19 ./drivers/fsl_clock.o
 *fill*         0x00000000000038a9        0x3 ff
 .rodata.CLOCK_SetPbeMode.str1.4
                0x00000000000038ac       0x1a ./drivers/fsl_clock.o
 *fill*         0x00000000000038c6        0x2 ff
 .rodata.CLOCK_BootToPeeMode.str1.4
                0x00000000000038c8       0x1a ./drivers/fsl_clock.o
 *fill*         0x00000000000038e2        0x2 ff
 .rodata.fllFactorTable.1
                0x00000000000038e4       0x10 ./drivers/fsl_clock.o
 .rodata.__assertion_failed.str1.4
                0x00000000000038f4        0x4 ./drivers/fsl_common.o
 .rodata.LPSCI_GetInstance.str1.4
                0x00000000000038f8       0x36 ./drivers/fsl_lpsci.o
 *fill*         0x000000000000392e        0x2 ff
 .rodata.LPSCI_Init.str1.4
                0x0000000000003930       0x43 ./drivers/fsl_lpsci.o
 *fill*         0x0000000000003973        0x1 ff
 .rodata.LPSCI_GetDefaultConfig.str1.4
                0x0000000000003974       0x19 ./drivers/fsl_lpsci.o
 *fill*         0x000000000000398d        0x3 ff
 .rodata.LPSCI_WriteBlocking.str1.4
                0x0000000000003990       0x17 ./drivers/fsl_lpsci.o
 *fill*         0x00000000000039a7        0x1 ff
 .rodata.LPSCI_ReadBlocking.str1.4
                0x00000000000039a8       0x17 ./drivers/fsl_lpsci.o
 *fill*         0x00000000000039bf        0x1 ff
 .rodata.s_uartBases
                0x00000000000039c0        0xc ./drivers/fsl_uart.o
 .rodata.s_uartClock
                0x00000000000039cc        0xc ./drivers/fsl_uart.o
 .rodata.UART_GetInstance.str1.4
                0x00000000000039d8       0x2b ./drivers/fsl_uart.o
 *fill*         0x0000000000003a03        0x1 ff
 .rodata.UART_Init.str1.4
                0x0000000000003a04       0x3e ./drivers/fsl_uart.o
 *fill*         0x0000000000003a42        0x2 ff
 .rodata.UART_GetDefaultConfig.str1.4
                0x0000000000003a44       0x18 ./drivers/fsl_uart.o
 .rodata.UART_ReadBlocking.str1.4
                0x0000000000003a5c       0x16 ./drivers/fsl_uart.o
 *fill*         0x0000000000003a72        0x2 ff
 .rodata.mcgConfig_BOARD_BootClockRUN
                0x0000000000003a74        0xa ./board/clock_config.o
                0x0000000000003a74                mcgConfig_BOARD_BootClockRUN
 *fill*         0x0000000000003a7e        0x2 ff
 .rodata.simConfig_BOARD_BootClockRUN
                0x0000000000003a80        0x8 ./board/clock_config.o
                0x0000000000003a80                simConfig_BOARD_BootClockRUN
 .rodata.oscConfig_BOARD_BootClockRUN
                0x0000000000003a88        0x8 ./board/clock_config.o
                0x0000000000003a88                oscConfig_BOARD_BootClockRUN
 .rodata.__num_Ciob_streams
                0x0000000000003a90        0x4 /usr/local/mcuxpressoide-11.8.0_1165/ide/plugins/com.nxp.mcuxpresso.tools.linux_11.8.0.202306131047/tools/bin/../lib/gcc/arm-none-eabi/12.2.1/../../../../arm-none-eabi/lib/thumb/v6-m/nofp/libcr_nohost_nf.a(__ciob.o)
                0x0000000000003a90                __num_Ciob_streams
 .rodata._initio.str1.1
                0x0000000000003a94        0x4 /usr/local/mcuxpressoide-11.8.0_1165/ide/plugins/com.nxp.mcuxpresso.tools.linux_11.8.0.202306131047/tools/bin/../lib/gcc/arm-none-eabi/12.2.1/../../../../arm-none-eabi/lib/thumb/v6-m/nofp/libcr_c.a(initio.o)
                0x0000000000003a98                . = ALIGN (0x4)

.glue_7         0x0000000000003a98        0x0
 .glue_7        0x0000000000003a98        0x0 linker stubs

.glue_7t        0x0000000000003a98        0x0
 .glue_7t       0x0000000000003a98        0x0 linker stubs

.vfp11_veneer   0x0000000000003a98        0x0
 .vfp11_veneer  0x0000000000003a98        0x0 linker stubs

.v4_bx          0x0000000000003a98        0x0
 .v4_bx         0x0000000000003a98        0x0 linker stubs

.iplt           0x0000000000003a98        0x0
 .iplt          0x0000000000003a98        0x0 ./utilities/fsl_debug_console.o

.rel.dyn        0x0000000000003a98        0x0
 .rel.iplt      0x0000000000003a98        0x0 ./utilities/fsl_debug_console.o

.ARM.extab
 *(SORT_BY_ALIGNMENT(.ARM.extab*) SORT_BY_ALIGNMENT(.gnu.linkonce.armextab.*))

.ARM.exidx      0x0000000000003a98        0x0
                0x0000000000003a98                __exidx_start = .
 *(SORT_BY_ALIGNMENT(.ARM.exidx*) SORT_BY_ALIGNMENT(.gnu.linkonce.armexidx.*))
                0x0000000000003a98                __exidx_end = .
                0x0000000000003a98                _etext = .

.m_usb_data
 *(SORT_BY_ALIGNMENT(m_usb_bdt))

.mtb_buffer_default
                0x000000001ffff000       0x80
 *(SORT_BY_ALIGNMENT(.mtb*))
 .mtb.$RAM1     0x000000001ffff000       0x80 ./source/mtb.o
                0x000000001ffff000                __mtb_buffer__

.uninit_RESERVED
                0x000000001ffff080        0x0
                0x000000001ffff080                _start_uninit_RESERVED = .
 *(SORT_BY_ALIGNMENT(.bss.$RESERVED*))
                0x000000001ffff080                . = ALIGN (0x4)
                0x000000001ffff080                _end_uninit_RESERVED = .

.data           0x000000001ffff080       0x10 load address 0x0000000000003a98
 FILL mask 0xff
                0x000000001ffff080                _data = .
                [!provide]                        PROVIDE (__start_data_RAM = .)
                [!provide]                        PROVIDE (__start_data_SRAM = .)
 *(SORT_BY_ALIGNMENT(vtable))
 *(SORT_BY_ALIGNMENT(.ramfunc*))
 *(SORT_BY_ALIGNMENT(CodeQuickAccess))
 *(SORT_BY_ALIGNMENT(DataQuickAccess))
 *(SORT_BY_ALIGNMENT(RamFunction))
 *(SORT_BY_ALIGNMENT(.data*))
 .data.Font_11x18
                0x000000001ffff080        0x8 ./source/fonts.o
                0x000000001ffff080                Font_11x18
 .data.s_slowIrcFreq
                0x000000001ffff088        0x4 ./drivers/fsl_clock.o
 .data.SystemCoreClock
                0x000000001ffff08c        0x4 ./CMSIS/system_MKL25Z4.o
                0x000000001ffff08c                SystemCoreClock
                0x000000001ffff090                . = ALIGN (0x4)
                0x000000001ffff090                _edata = .
                [!provide]                        PROVIDE (__end_data_RAM = .)
                [!provide]                        PROVIDE (__end_data_SRAM = .)

.igot.plt       0x000000001ffff090        0x0 load address 0x0000000000003aa8
 .igot.plt      0x000000001ffff090        0x0 ./utilities/fsl_debug_console.o

.bss            0x000000001ffff090      0x4ec
                0x000000001ffff090                _bss = .
                [!provide]                        PROVIDE (__start_bss_RAM = .)
                [!provide]                        PROVIDE (__start_bss_SRAM = .)
 *(SORT_BY_ALIGNMENT(.bss*))
 .bss.s_debugConsole
                0x000000001ffff090       0x10 ./utilities/fsl_debug_console.o
 .bss.SSD1306_Buffer
                0x000000001ffff0a0      0x400 ./source/oled.o
 .bss.SSD1306   0x000000001ffff4a0        0x6 ./source/oled.o
 *fill*         0x000000001ffff4a6        0x2 
 .bss.g_xtal0Freq
                0x000000001ffff4a8        0x4 ./drivers/fsl_clock.o
                0x000000001ffff4a8                g_xtal0Freq
 .bss.s_lpsciHandle
                0x000000001ffff4ac        0x4 ./drivers/fsl_lpsci.o
 .bss.s_lpsciIsr
                0x000000001ffff4b0        0x4 ./drivers/fsl_lpsci.o
 .bss.s_uartHandle
                0x000000001ffff4b4        0xc ./drivers/fsl_uart.o
 .bss.s_uartIsr
                0x000000001ffff4c0        0x4 ./drivers/fsl_uart.o
 .bss.errno     0x000000001ffff4c4        0x4 /usr/local/mcuxpressoide-11.8.0_1165/ide/plugins/com.nxp.mcuxpresso.tools.linux_11.8.0.202306131047/tools/bin/../lib/gcc/arm-none-eabi/12.2.1/../../../../arm-none-eabi/lib/thumb/v6-m/nofp/libcr_c.a(errno.o)
                0x000000001ffff4c4                errno
 .bss.__Ciob    0x000000001ffff4c8       0xb4 /usr/local/mcuxpressoide-11.8.0_1165/ide/plugins/com.nxp.mcuxpresso.tools.linux_11.8.0.202306131047/tools/bin/../lib/gcc/arm-none-eabi/12.2.1/../../../../arm-none-eabi/lib/thumb/v6-m/nofp/libcr_nohost_nf.a(__ciob.o)
                0x000000001ffff4c8                __Ciob
 *(SORT_BY_ALIGNMENT(COMMON))
                0x000000001ffff57c                . = ALIGN (0x4)
                0x000000001ffff57c                _ebss = .
                [!provide]                        PROVIDE (__end_bss_RAM = .)
                [!provide]                        PROVIDE (__end_bss_SRAM = .)
                [!provide]                        PROVIDE (end = .)

.noinit         0x000000001ffff57c        0x0
                0x000000001ffff57c                _noinit = .
                [!provide]                        PROVIDE (__start_noinit_RAM = .)
                [!provide]                        PROVIDE (__start_noinit_SRAM = .)
 *(SORT_BY_ALIGNMENT(.noinit*))
                0x000000001ffff57c                . = ALIGN (0x4)
                0x000000001ffff57c                _end_noinit = .
                [!provide]                        PROVIDE (__end_noinit_RAM = .)
                [!provide]                        PROVIDE (__end_noinit_SRAM = .)
                0x0000000000000400                _HeapSize = 0x400

.heap           0x000000001ffff57c      0x400
                0x000000001ffff57c                _pvHeapStart = .
                0x000000001ffff97c                . = (. + _HeapSize)
 *fill*         0x000000001ffff57c      0x400 
                0x000000001ffff97c                . = ALIGN (0x4)
                0x000000001ffff97c                _pvHeapLimit = .
                0x0000000000000400                _StackSize = 0x400

.heap2stackfill
                0x000000001ffff97c      0x400
                0x000000001ffffd7c                . = (. + _StackSize)
 *fill*         0x000000001ffff97c      0x400 

.stack          0x0000000020002c00        0x0
                0x0000000020002c00                _vStackBase = .
                0x0000000020002c00                . = ALIGN (0x4)
                0x0000000020003000                _vStackTop = (. + _StackSize)
                0x0000000000000000                _image_start = LOADADDR (.text)
                0x0000000000003aa8                _image_end = (LOADADDR (.data) + SIZEOF (.data))
                0x0000000000003aa8                _image_size = (_image_end - _image_start)
OUTPUT(PES_Project.axf elf32-littlearm)
LOAD linker stubs

.debug_info     0x0000000000000000     0x7eec
 .debug_info    0x0000000000000000      0xea7 ./utilities/fsl_debug_console.o
 .debug_info    0x0000000000000ea7      0x63a ./startup/startup_mkl25z4.o
 .debug_info    0x00000000000014e1      0x1ae ./source/PES_Project.o
 .debug_info    0x000000000000168f      0x236 ./source/fonts.o
 .debug_info    0x00000000000018c5      0x575 ./source/i2c.o
 .debug_info    0x0000000000001e3a       0x54 ./source/mtb.o
 .debug_info    0x0000000000001e8e      0x381 ./source/oled.o
 .debug_info    0x000000000000220f       0x3d ./source/semihost_hardfault.o
 .debug_info    0x000000000000224c     0x19b4 ./drivers/fsl_clock.o
 .debug_info    0x0000000000003c00      0x3e7 ./drivers/fsl_common.o
 .debug_info    0x0000000000003fe7     0x13b6 ./drivers/fsl_lpsci.o
 .debug_info    0x000000000000539d     0x1356 ./drivers/fsl_uart.o
 .debug_info    0x00000000000066f3      0x3a8 ./board/board.o
 .debug_info    0x0000000000006a9b      0xb38 ./board/clock_config.o
 .debug_info    0x00000000000075d3       0x3d ./board/peripherals.o
 .debug_info    0x0000000000007610      0x51c ./board/pin_mux.o
 .debug_info    0x0000000000007b2c      0x3c0 ./CMSIS/system_MKL25Z4.o

.debug_abbrev   0x0000000000000000     0x1d75
 .debug_abbrev  0x0000000000000000      0x30e ./utilities/fsl_debug_console.o
 .debug_abbrev  0x000000000000030e      0x17f ./startup/startup_mkl25z4.o
 .debug_abbrev  0x000000000000048d      0x118 ./source/PES_Project.o
 .debug_abbrev  0x00000000000005a5      0x11c ./source/fonts.o
 .debug_abbrev  0x00000000000006c1      0x1c5 ./source/i2c.o
 .debug_abbrev  0x0000000000000886       0x45 ./source/mtb.o
 .debug_abbrev  0x00000000000008cb      0x1ab ./source/oled.o
 .debug_abbrev  0x0000000000000a76       0x2f ./source/semihost_hardfault.o
 .debug_abbrev  0x0000000000000aa5      0x385 ./drivers/fsl_clock.o
 .debug_abbrev  0x0000000000000e2a      0x285 ./drivers/fsl_common.o
 .debug_abbrev  0x00000000000010af      0x314 ./drivers/fsl_lpsci.o
 .debug_abbrev  0x00000000000013c3      0x330 ./drivers/fsl_uart.o
 .debug_abbrev  0x00000000000016f3      0x151 ./board/board.o
 .debug_abbrev  0x0000000000001844      0x241 ./board/clock_config.o
 .debug_abbrev  0x0000000000001a85       0x2f ./board/peripherals.o
 .debug_abbrev  0x0000000000001ab4      0x18d ./board/pin_mux.o
 .debug_abbrev  0x0000000000001c41      0x134 ./CMSIS/system_MKL25Z4.o

.debug_aranges  0x0000000000000000      0x898
 .debug_aranges
                0x0000000000000000       0x90 ./utilities/fsl_debug_console.o
 .debug_aranges
                0x0000000000000090      0x160 ./startup/startup_mkl25z4.o
 .debug_aranges
                0x00000000000001f0       0x20 ./source/PES_Project.o
 .debug_aranges
                0x0000000000000210       0x20 ./source/fonts.o
 .debug_aranges
                0x0000000000000230       0x88 ./source/i2c.o
 .debug_aranges
                0x00000000000002b8       0x18 ./source/mtb.o
 .debug_aranges
                0x00000000000002d0       0x50 ./source/oled.o
 .debug_aranges
                0x0000000000000320       0x20 ./source/semihost_hardfault.o
 .debug_aranges
                0x0000000000000340      0x1d8 ./drivers/fsl_clock.o
 .debug_aranges
                0x0000000000000518       0x38 ./drivers/fsl_common.o
 .debug_aranges
                0x0000000000000550      0x118 ./drivers/fsl_lpsci.o
 .debug_aranges
                0x0000000000000668      0x130 ./drivers/fsl_uart.o
 .debug_aranges
                0x0000000000000798       0x28 ./board/board.o
 .debug_aranges
                0x00000000000007c0       0x58 ./board/clock_config.o
 .debug_aranges
                0x0000000000000818       0x20 ./board/peripherals.o
 .debug_aranges
                0x0000000000000838       0x38 ./board/pin_mux.o
 .debug_aranges
                0x0000000000000870       0x28 ./CMSIS/system_MKL25Z4.o

.debug_rnglists
                0x0000000000000000      0x641
 .debug_rnglists
                0x0000000000000000       0x6d ./utilities/fsl_debug_console.o
 .debug_rnglists
                0x000000000000006d      0x103 ./startup/startup_mkl25z4.o
 .debug_rnglists
                0x0000000000000170       0x13 ./source/PES_Project.o
 .debug_rnglists
                0x0000000000000183       0x13 ./source/fonts.o
 .debug_rnglists
                0x0000000000000196       0x64 ./source/i2c.o
 .debug_rnglists
                0x00000000000001fa       0x3a ./source/oled.o
 .debug_rnglists
                0x0000000000000234       0x13 ./source/semihost_hardfault.o
 .debug_rnglists
                0x0000000000000247      0x16f ./drivers/fsl_clock.o
 .debug_rnglists
                0x00000000000003b6       0x26 ./drivers/fsl_common.o
 .debug_rnglists
                0x00000000000003dc       0xd6 ./drivers/fsl_lpsci.o
 .debug_rnglists
                0x00000000000004b2       0xe7 ./drivers/fsl_uart.o
 .debug_rnglists
                0x0000000000000599       0x19 ./board/board.o
 .debug_rnglists
                0x00000000000005b2       0x3d ./board/clock_config.o
 .debug_rnglists
                0x00000000000005ef       0x13 ./board/peripherals.o
 .debug_rnglists
                0x0000000000000602       0x25 ./board/pin_mux.o
 .debug_rnglists
                0x0000000000000627       0x1a ./CMSIS/system_MKL25Z4.o

.debug_macro    0x0000000000000000     0x8e67
 .debug_macro   0x0000000000000000      0x127 ./utilities/fsl_debug_console.o
 .debug_macro   0x0000000000000127      0xac0 ./utilities/fsl_debug_console.o
 .debug_macro   0x0000000000000be7       0x10 ./utilities/fsl_debug_console.o
 .debug_macro   0x0000000000000bf7       0x16 ./utilities/fsl_debug_console.o
 .debug_macro   0x0000000000000c0d       0x10 ./utilities/fsl_debug_console.o
 .debug_macro   0x0000000000000c1d      0x12e ./utilities/fsl_debug_console.o
 .debug_macro   0x0000000000000d4b       0x28 ./utilities/fsl_debug_console.o
 .debug_macro   0x0000000000000d73       0xc4 ./utilities/fsl_debug_console.o
 .debug_macro   0x0000000000000e37       0x16 ./utilities/fsl_debug_console.o
 .debug_macro   0x0000000000000e4d       0x22 ./utilities/fsl_debug_console.o
 .debug_macro   0x0000000000000e6f      0x5b3 ./utilities/fsl_debug_console.o
 .debug_macro   0x0000000000001422       0x10 ./utilities/fsl_debug_console.o
 .debug_macro   0x0000000000001432       0x3f ./utilities/fsl_debug_console.o
 .debug_macro   0x0000000000001471       0x3a ./utilities/fsl_debug_console.o
 .debug_macro   0x00000000000014ab       0x26 ./utilities/fsl_debug_console.o
 .debug_macro   0x00000000000014d1      0x329 ./utilities/fsl_debug_console.o
 .debug_macro   0x00000000000017fa       0x30 ./utilities/fsl_debug_console.o
 .debug_macro   0x000000000000182a     0x51e2 ./utilities/fsl_debug_console.o
 .debug_macro   0x0000000000006a0c     0x1352 ./utilities/fsl_debug_console.o
 .debug_macro   0x0000000000007d5e       0x3a ./utilities/fsl_debug_console.o
 .debug_macro   0x0000000000007d98       0xf4 ./utilities/fsl_debug_console.o
 .debug_macro   0x0000000000007e8c       0x35 ./utilities/fsl_debug_console.o
 .debug_macro   0x0000000000007ec1       0x2e ./utilities/fsl_debug_console.o
 .debug_macro   0x0000000000007eef       0x10 ./utilities/fsl_debug_console.o
 .debug_macro   0x0000000000007eff       0x10 ./utilities/fsl_debug_console.o
 .debug_macro   0x0000000000007f0f       0x29 ./startup/startup_mkl25z4.o
 .debug_macro   0x0000000000007f38      0x159 ./source/PES_Project.o
 .debug_macro   0x0000000000008091       0xd8 ./source/PES_Project.o
 .debug_macro   0x0000000000008169       0x16 ./source/PES_Project.o
 .debug_macro   0x000000000000817f       0x10 ./source/PES_Project.o
 .debug_macro   0x000000000000818f      0x112 ./source/PES_Project.o
 .debug_macro   0x00000000000082a1       0x34 ./source/PES_Project.o
 .debug_macro   0x00000000000082d5       0x5a ./source/fonts.o
 .debug_macro   0x000000000000832f       0xaa ./source/i2c.o
 .debug_macro   0x00000000000083d9       0x34 ./source/i2c.o
 .debug_macro   0x000000000000840d       0x2f ./source/mtb.o
 .debug_macro   0x000000000000843c       0x82 ./source/mtb.o
 .debug_macro   0x00000000000084be       0x10 ./source/mtb.o
 .debug_macro   0x00000000000084ce      0x10e ./source/oled.o
 .debug_macro   0x00000000000085dc       0x11 ./source/semihost_hardfault.o
 .debug_macro   0x00000000000085ed      0x196 ./drivers/fsl_clock.o
 .debug_macro   0x0000000000008783       0x1c ./drivers/fsl_clock.o
 .debug_macro   0x000000000000879f       0xef ./drivers/fsl_common.o
 .debug_macro   0x000000000000888e       0xec ./drivers/fsl_lpsci.o
 .debug_macro   0x000000000000897a       0xf2 ./drivers/fsl_uart.o
 .debug_macro   0x0000000000008a6c      0x112 ./board/board.o
 .debug_macro   0x0000000000008b7e      0x123 ./board/clock_config.o
 .debug_macro   0x0000000000008ca1       0x1b ./board/peripherals.o
 .debug_macro   0x0000000000008cbc      0x107 ./board/pin_mux.o
 .debug_macro   0x0000000000008dc3       0x10 ./board/pin_mux.o
 .debug_macro   0x0000000000008dd3       0x94 ./CMSIS/system_MKL25Z4.o

.debug_line     0x0000000000000000     0x5e7c
 .debug_line    0x0000000000000000      0xc70 ./utilities/fsl_debug_console.o
 .debug_line    0x0000000000000c70      0x310 ./startup/startup_mkl25z4.o
 .debug_line    0x0000000000000f80      0x3cc ./source/PES_Project.o
 .debug_line    0x000000000000134c      0x1ab ./source/fonts.o
 .debug_line    0x00000000000014f7      0x43b ./source/i2c.o
 .debug_line    0x0000000000001932       0xd5 ./source/mtb.o
 .debug_line    0x0000000000001a07      0x438 ./source/oled.o
 .debug_line    0x0000000000001e3f       0x59 ./source/semihost_hardfault.o
 .debug_line    0x0000000000001e98     0x130d ./drivers/fsl_clock.o
 .debug_line    0x00000000000031a5      0x3f8 ./drivers/fsl_common.o
 .debug_line    0x000000000000359d      0xd61 ./drivers/fsl_lpsci.o
 .debug_line    0x00000000000042fe      0xd3d ./drivers/fsl_uart.o
 .debug_line    0x000000000000503b      0x36c ./board/board.o
 .debug_line    0x00000000000053a7      0x3e5 ./board/clock_config.o
 .debug_line    0x000000000000578c       0x5c ./board/peripherals.o
 .debug_line    0x00000000000057e8      0x359 ./board/pin_mux.o
 .debug_line    0x0000000000005b41      0x33b ./CMSIS/system_MKL25Z4.o

.debug_str      0x0000000000000000    0x36346
 .debug_str     0x0000000000000000    0x31535 ./utilities/fsl_debug_console.o
                                      0x317d4 (size before relaxing)
 .debug_str     0x0000000000031535      0x3ea ./startup/startup_mkl25z4.o
                                       0x31e1 (size before relaxing)
 .debug_str     0x000000000003191f      0xdd3 ./source/PES_Project.o
                                      0x31359 (size before relaxing)
 .debug_str     0x00000000000326f2       0x75 ./source/fonts.o
                                       0x456b (size before relaxing)
 .debug_str     0x0000000000032767      0x1ff ./source/i2c.o
                                      0x28f05 (size before relaxing)
 .debug_str     0x0000000000032966      0x532 ./source/mtb.o
                                       0x32e4 (size before relaxing)
 .debug_str     0x0000000000032e98      0x2bd ./source/oled.o
                                      0x290d2 (size before relaxing)
 .debug_str     0x0000000000033155       0x1f ./source/semihost_hardfault.o
                                       0x2dd1 (size before relaxing)
 .debug_str     0x0000000000033174     0x179c ./drivers/fsl_clock.o
                                      0x322b1 (size before relaxing)
 .debug_str     0x0000000000034910      0x2c3 ./drivers/fsl_common.o
                                      0x30879 (size before relaxing)
 .debug_str     0x0000000000034bd3      0x973 ./drivers/fsl_lpsci.o
                                      0x318a7 (size before relaxing)
 .debug_str     0x0000000000035546      0x7e1 ./drivers/fsl_uart.o
                                      0x318ca (size before relaxing)
 .debug_str     0x0000000000035d27       0x35 ./board/board.o
                                      0x3109b (size before relaxing)
 .debug_str     0x0000000000035d5c      0x3c1 ./board/clock_config.o
                                      0x3127b (size before relaxing)
 .debug_str     0x000000000003611d       0x17 ./board/peripherals.o
                                       0x2de2 (size before relaxing)
 .debug_str     0x0000000000036134      0x1ce ./board/pin_mux.o
                                      0x30911 (size before relaxing)
 .debug_str     0x0000000000036302       0x44 ./CMSIS/system_MKL25Z4.o
                                      0x2fc13 (size before relaxing)

.comment        0x0000000000000000       0x45
 .comment       0x0000000000000000       0x45 ./utilities/fsl_debug_console.o
                                         0x46 (size before relaxing)
 .comment       0x0000000000000045       0x46 ./startup/startup_mkl25z4.o
 .comment       0x0000000000000045       0x46 ./source/PES_Project.o
 .comment       0x0000000000000045       0x46 ./source/fonts.o
 .comment       0x0000000000000045       0x46 ./source/i2c.o
 .comment       0x0000000000000045       0x46 ./source/mtb.o
 .comment       0x0000000000000045       0x46 ./source/oled.o
 .comment       0x0000000000000045       0x46 ./source/semihost_hardfault.o
 .comment       0x0000000000000045       0x46 ./drivers/fsl_clock.o
 .comment       0x0000000000000045       0x46 ./drivers/fsl_common.o
 .comment       0x0000000000000045       0x46 ./drivers/fsl_lpsci.o
 .comment       0x0000000000000045       0x46 ./drivers/fsl_uart.o
 .comment       0x0000000000000045       0x46 ./board/board.o
 .comment       0x0000000000000045       0x46 ./board/clock_config.o
 .comment       0x0000000000000045       0x46 ./board/peripherals.o
 .comment       0x0000000000000045       0x46 ./board/pin_mux.o
 .comment       0x0000000000000045       0x46 ./CMSIS/system_MKL25Z4.o
 .comment       0x0000000000000045       0x46 /usr/local/mcuxpressoide-11.8.0_1165/ide/plugins/com.nxp.mcuxpresso.tools.linux_11.8.0.202306131047/tools/bin/../lib/gcc/arm-none-eabi/12.2.1/../../../../arm-none-eabi/lib/thumb/v6-m/nofp/libcr_nohost_nf.a(_cr__main.o)
 .comment       0x0000000000000045       0x46 /usr/local/mcuxpressoide-11.8.0_1165/ide/plugins/com.nxp.mcuxpresso.tools.linux_11.8.0.202306131047/tools/bin/../lib/gcc/arm-none-eabi/12.2.1/../../../../arm-none-eabi/lib/thumb/v6-m/nofp/libcr_c.a(memset.o)
 .comment       0x0000000000000045       0x46 /usr/local/mcuxpressoide-11.8.0_1165/ide/plugins/com.nxp.mcuxpresso.tools.linux_11.8.0.202306131047/tools/bin/../lib/gcc/arm-none-eabi/12.2.1/../../../../arm-none-eabi/lib/thumb/v6-m/nofp/libcr_c.a(initio.o)
 .comment       0x0000000000000045       0x46 /usr/local/mcuxpressoide-11.8.0_1165/ide/plugins/com.nxp.mcuxpresso.tools.linux_11.8.0.202306131047/tools/bin/../lib/gcc/arm-none-eabi/12.2.1/../../../../arm-none-eabi/lib/thumb/v6-m/nofp/libcr_c.a(setvbuf.o)
 .comment       0x0000000000000045       0x46 /usr/local/mcuxpressoide-11.8.0_1165/ide/plugins/com.nxp.mcuxpresso.tools.linux_11.8.0.202306131047/tools/bin/../lib/gcc/arm-none-eabi/12.2.1/../../../../arm-none-eabi/lib/thumb/v6-m/nofp/libcr_c.a(strlen.o)
 .comment       0x0000000000000045       0x46 /usr/local/mcuxpressoide-11.8.0_1165/ide/plugins/com.nxp.mcuxpresso.tools.linux_11.8.0.202306131047/tools/bin/../lib/gcc/arm-none-eabi/12.2.1/../../../../arm-none-eabi/lib/thumb/v6-m/nofp/libcr_c.a(_fdopen.o)
 .comment       0x0000000000000045       0x46 /usr/local/mcuxpressoide-11.8.0_1165/ide/plugins/com.nxp.mcuxpresso.tools.linux_11.8.0.202306131047/tools/bin/../lib/gcc/arm-none-eabi/12.2.1/../../../../arm-none-eabi/lib/thumb/v6-m/nofp/libcr_c.a(fclose.o)
 .comment       0x0000000000000045       0x46 /usr/local/mcuxpressoide-11.8.0_1165/ide/plugins/com.nxp.mcuxpresso.tools.linux_11.8.0.202306131047/tools/bin/../lib/gcc/arm-none-eabi/12.2.1/../../../../arm-none-eabi/lib/thumb/v6-m/nofp/libcr_c.a(fflush.o)
 .comment       0x0000000000000045       0x46 /usr/local/mcuxpressoide-11.8.0_1165/ide/plugins/com.nxp.mcuxpresso.tools.linux_11.8.0.202306131047/tools/bin/../lib/gcc/arm-none-eabi/12.2.1/../../../../arm-none-eabi/lib/thumb/v6-m/nofp/libcr_c.a(fseek.o)
 .comment       0x0000000000000045       0x46 /usr/local/mcuxpressoide-11.8.0_1165/ide/plugins/com.nxp.mcuxpresso.tools.linux_11.8.0.202306131047/tools/bin/../lib/gcc/arm-none-eabi/12.2.1/../../../../arm-none-eabi/lib/thumb/v6-m/nofp/libcr_c.a(ftell.o)
 .comment       0x0000000000000045       0x46 /usr/local/mcuxpressoide-11.8.0_1165/ide/plugins/com.nxp.mcuxpresso.tools.linux_11.8.0.202306131047/tools/bin/../lib/gcc/arm-none-eabi/12.2.1/../../../../arm-none-eabi/lib/thumb/v6-m/nofp/libcr_c.a(remove.o)
 .comment       0x0000000000000045       0x46 /usr/local/mcuxpressoide-11.8.0_1165/ide/plugins/com.nxp.mcuxpresso.tools.linux_11.8.0.202306131047/tools/bin/../lib/gcc/arm-none-eabi/12.2.1/../../../../arm-none-eabi/lib/thumb/v6-m/nofp/libcr_c.a(_do_fflush.o)
 .comment       0x0000000000000045       0x46 /usr/local/mcuxpressoide-11.8.0_1165/ide/plugins/com.nxp.mcuxpresso.tools.linux_11.8.0.202306131047/tools/bin/../lib/gcc/arm-none-eabi/12.2.1/../../../../arm-none-eabi/lib/thumb/v6-m/nofp/libcr_c.a(_fflush.o)
 .comment       0x0000000000000045       0x46 /usr/local/mcuxpressoide-11.8.0_1165/ide/plugins/com.nxp.mcuxpresso.tools.linux_11.8.0.202306131047/tools/bin/../lib/gcc/arm-none-eabi/12.2.1/../../../../arm-none-eabi/lib/thumb/v6-m/nofp/libcr_c.a(_writebuf.o)
 .comment       0x0000000000000045       0x46 /usr/local/mcuxpressoide-11.8.0_1165/ide/plugins/com.nxp.mcuxpresso.tools.linux_11.8.0.202306131047/tools/bin/../lib/gcc/arm-none-eabi/12.2.1/../../../../arm-none-eabi/lib/thumb/v6-m/nofp/libcr_c.a(alloc.o)
 .comment       0x0000000000000045       0x46 /usr/local/mcuxpressoide-11.8.0_1165/ide/plugins/com.nxp.mcuxpresso.tools.linux_11.8.0.202306131047/tools/bin/../lib/gcc/arm-none-eabi/12.2.1/../../../../arm-none-eabi/lib/thumb/v6-m/nofp/libcr_c.a(errno.o)
 .comment       0x0000000000000045       0x46 /usr/local/mcuxpressoide-11.8.0_1165/ide/plugins/com.nxp.mcuxpresso.tools.linux_11.8.0.202306131047/tools/bin/../lib/gcc/arm-none-eabi/12.2.1/../../../../arm-none-eabi/lib/thumb/v6-m/nofp/libcr_c.a(_deferredlazyseek.o)
 .comment       0x0000000000000045       0x46 /usr/local/mcuxpressoide-11.8.0_1165/ide/plugins/com.nxp.mcuxpresso.tools.linux_11.8.0.202306131047/tools/bin/../lib/gcc/arm-none-eabi/12.2.1/../../../../arm-none-eabi/lib/thumb/v6-m/nofp/libcr_nohost_nf.a(__ciob.o)
 .comment       0x0000000000000045       0x46 /usr/local/mcuxpressoide-11.8.0_1165/ide/plugins/com.nxp.mcuxpresso.tools.linux_11.8.0.202306131047/tools/bin/../lib/gcc/arm-none-eabi/12.2.1/../../../../arm-none-eabi/lib/thumb/v6-m/nofp/libcr_nohost_nf.a(__sys_close.o)
 .comment       0x0000000000000045       0x46 /usr/local/mcuxpressoide-11.8.0_1165/ide/plugins/com.nxp.mcuxpresso.tools.linux_11.8.0.202306131047/tools/bin/../lib/gcc/arm-none-eabi/12.2.1/../../../../arm-none-eabi/lib/thumb/v6-m/nofp/libcr_nohost_nf.a(__sys_flen.o)
 .comment       0x0000000000000045       0x46 /usr/local/mcuxpressoide-11.8.0_1165/ide/plugins/com.nxp.mcuxpresso.tools.linux_11.8.0.202306131047/tools/bin/../lib/gcc/arm-none-eabi/12.2.1/../../../../arm-none-eabi/lib/thumb/v6-m/nofp/libcr_nohost_nf.a(__sys_istty.o)
 .comment       0x0000000000000045       0x46 /usr/local/mcuxpressoide-11.8.0_1165/ide/plugins/com.nxp.mcuxpresso.tools.linux_11.8.0.202306131047/tools/bin/../lib/gcc/arm-none-eabi/12.2.1/../../../../arm-none-eabi/lib/thumb/v6-m/nofp/libcr_nohost_nf.a(__sys_remove.o)
 .comment       0x0000000000000045       0x46 /usr/local/mcuxpressoide-11.8.0_1165/ide/plugins/com.nxp.mcuxpresso.tools.linux_11.8.0.202306131047/tools/bin/../lib/gcc/arm-none-eabi/12.2.1/../../../../arm-none-eabi/lib/thumb/v6-m/nofp/libcr_nohost_nf.a(__sys_seek.o)
 .comment       0x0000000000000045       0x46 /usr/local/mcuxpressoide-11.8.0_1165/ide/plugins/com.nxp.mcuxpresso.tools.linux_11.8.0.202306131047/tools/bin/../lib/gcc/arm-none-eabi/12.2.1/../../../../arm-none-eabi/lib/thumb/v6-m/nofp/libcr_nohost_nf.a(__sys_tmpnam.o)
 .comment       0x0000000000000045       0x46 /usr/local/mcuxpressoide-11.8.0_1165/ide/plugins/com.nxp.mcuxpresso.tools.linux_11.8.0.202306131047/tools/bin/../lib/gcc/arm-none-eabi/12.2.1/../../../../arm-none-eabi/lib/thumb/v6-m/nofp/libcr_nohost_nf.a(__sys_write.o)

.ARM.attributes
                0x0000000000000000       0x2a
 .ARM.attributes
                0x0000000000000000       0x2c ./utilities/fsl_debug_console.o
 .ARM.attributes
                0x000000000000002c       0x2c ./startup/startup_mkl25z4.o
 .ARM.attributes
                0x0000000000000058       0x2c ./source/PES_Project.o
 .ARM.attributes
                0x0000000000000084       0x2c ./source/fonts.o
 .ARM.attributes
                0x00000000000000b0       0x2c ./source/i2c.o
 .ARM.attributes
                0x00000000000000dc       0x2c ./source/mtb.o
 .ARM.attributes
                0x0000000000000108       0x2c ./source/oled.o
 .ARM.attributes
                0x0000000000000134       0x2c ./source/semihost_hardfault.o
 .ARM.attributes
                0x0000000000000160       0x2c ./drivers/fsl_clock.o
 .ARM.attributes
                0x000000000000018c       0x2c ./drivers/fsl_common.o
 .ARM.attributes
                0x00000000000001b8       0x2c ./drivers/fsl_lpsci.o
 .ARM.attributes
                0x00000000000001e4       0x2c ./drivers/fsl_uart.o
 .ARM.attributes
                0x0000000000000210       0x2c ./board/board.o
 .ARM.attributes
                0x000000000000023c       0x2c ./board/clock_config.o
 .ARM.attributes
                0x0000000000000268       0x2c ./board/peripherals.o
 .ARM.attributes
                0x0000000000000294       0x2c ./board/pin_mux.o
 .ARM.attributes
                0x00000000000002c0       0x2c ./CMSIS/system_MKL25Z4.o
 .ARM.attributes
                0x00000000000002ec       0x2c /usr/local/mcuxpressoide-11.8.0_1165/ide/plugins/com.nxp.mcuxpresso.tools.linux_11.8.0.202306131047/tools/bin/../lib/gcc/arm-none-eabi/12.2.1/../../../../arm-none-eabi/lib/thumb/v6-m/nofp/libcr_nohost_nf.a(_cr__main.o)
 .ARM.attributes
                0x0000000000000318       0x2c /usr/local/mcuxpressoide-11.8.0_1165/ide/plugins/com.nxp.mcuxpresso.tools.linux_11.8.0.202306131047/tools/bin/../lib/gcc/arm-none-eabi/12.2.1/../../../../arm-none-eabi/lib/thumb/v6-m/nofp/libcr_c.a(memset.o)
 .ARM.attributes
                0x0000000000000344       0x2c /usr/local/mcuxpressoide-11.8.0_1165/ide/plugins/com.nxp.mcuxpresso.tools.linux_11.8.0.202306131047/tools/bin/../lib/gcc/arm-none-eabi/12.2.1/../../../../arm-none-eabi/lib/thumb/v6-m/nofp/libcr_c.a(initio.o)
 .ARM.attributes
                0x0000000000000370       0x2c /usr/local/mcuxpressoide-11.8.0_1165/ide/plugins/com.nxp.mcuxpresso.tools.linux_11.8.0.202306131047/tools/bin/../lib/gcc/arm-none-eabi/12.2.1/../../../../arm-none-eabi/lib/thumb/v6-m/nofp/libcr_c.a(setvbuf.o)
 .ARM.attributes
                0x000000000000039c       0x2c /usr/local/mcuxpressoide-11.8.0_1165/ide/plugins/com.nxp.mcuxpresso.tools.linux_11.8.0.202306131047/tools/bin/../lib/gcc/arm-none-eabi/12.2.1/../../../../arm-none-eabi/lib/thumb/v6-m/nofp/libcr_c.a(strlen.o)
 .ARM.attributes
                0x00000000000003c8       0x2c /usr/local/mcuxpressoide-11.8.0_1165/ide/plugins/com.nxp.mcuxpresso.tools.linux_11.8.0.202306131047/tools/bin/../lib/gcc/arm-none-eabi/12.2.1/../../../../arm-none-eabi/lib/thumb/v6-m/nofp/libcr_c.a(_fdopen.o)
 .ARM.attributes
                0x00000000000003f4       0x2c /usr/local/mcuxpressoide-11.8.0_1165/ide/plugins/com.nxp.mcuxpresso.tools.linux_11.8.0.202306131047/tools/bin/../lib/gcc/arm-none-eabi/12.2.1/../../../../arm-none-eabi/lib/thumb/v6-m/nofp/libcr_c.a(fclose.o)
 .ARM.attributes
                0x0000000000000420       0x2c /usr/local/mcuxpressoide-11.8.0_1165/ide/plugins/com.nxp.mcuxpresso.tools.linux_11.8.0.202306131047/tools/bin/../lib/gcc/arm-none-eabi/12.2.1/../../../../arm-none-eabi/lib/thumb/v6-m/nofp/libcr_c.a(fflush.o)
 .ARM.attributes
                0x000000000000044c       0x2c /usr/local/mcuxpressoide-11.8.0_1165/ide/plugins/com.nxp.mcuxpresso.tools.linux_11.8.0.202306131047/tools/bin/../lib/gcc/arm-none-eabi/12.2.1/../../../../arm-none-eabi/lib/thumb/v6-m/nofp/libcr_c.a(fseek.o)
 .ARM.attributes
                0x0000000000000478       0x2c /usr/local/mcuxpressoide-11.8.0_1165/ide/plugins/com.nxp.mcuxpresso.tools.linux_11.8.0.202306131047/tools/bin/../lib/gcc/arm-none-eabi/12.2.1/../../../../arm-none-eabi/lib/thumb/v6-m/nofp/libcr_c.a(ftell.o)
 .ARM.attributes
                0x00000000000004a4       0x2c /usr/local/mcuxpressoide-11.8.0_1165/ide/plugins/com.nxp.mcuxpresso.tools.linux_11.8.0.202306131047/tools/bin/../lib/gcc/arm-none-eabi/12.2.1/../../../../arm-none-eabi/lib/thumb/v6-m/nofp/libcr_c.a(remove.o)
 .ARM.attributes
                0x00000000000004d0       0x2c /usr/local/mcuxpressoide-11.8.0_1165/ide/plugins/com.nxp.mcuxpresso.tools.linux_11.8.0.202306131047/tools/bin/../lib/gcc/arm-none-eabi/12.2.1/../../../../arm-none-eabi/lib/thumb/v6-m/nofp/libcr_c.a(_do_fflush.o)
 .ARM.attributes
                0x00000000000004fc       0x2c /usr/local/mcuxpressoide-11.8.0_1165/ide/plugins/com.nxp.mcuxpresso.tools.linux_11.8.0.202306131047/tools/bin/../lib/gcc/arm-none-eabi/12.2.1/../../../../arm-none-eabi/lib/thumb/v6-m/nofp/libcr_c.a(_fflush.o)
 .ARM.attributes
                0x0000000000000528       0x2c /usr/local/mcuxpressoide-11.8.0_1165/ide/plugins/com.nxp.mcuxpresso.tools.linux_11.8.0.202306131047/tools/bin/../lib/gcc/arm-none-eabi/12.2.1/../../../../arm-none-eabi/lib/thumb/v6-m/nofp/libcr_c.a(_writebuf.o)
 .ARM.attributes
                0x0000000000000554       0x2c /usr/local/mcuxpressoide-11.8.0_1165/ide/plugins/com.nxp.mcuxpresso.tools.linux_11.8.0.202306131047/tools/bin/../lib/gcc/arm-none-eabi/12.2.1/../../../../arm-none-eabi/lib/thumb/v6-m/nofp/libcr_c.a(alloc.o)
 .ARM.attributes
                0x0000000000000580       0x2c /usr/local/mcuxpressoide-11.8.0_1165/ide/plugins/com.nxp.mcuxpresso.tools.linux_11.8.0.202306131047/tools/bin/../lib/gcc/arm-none-eabi/12.2.1/../../../../arm-none-eabi/lib/thumb/v6-m/nofp/libcr_c.a(errno.o)
 .ARM.attributes
                0x00000000000005ac       0x2c /usr/local/mcuxpressoide-11.8.0_1165/ide/plugins/com.nxp.mcuxpresso.tools.linux_11.8.0.202306131047/tools/bin/../lib/gcc/arm-none-eabi/12.2.1/../../../../arm-none-eabi/lib/thumb/v6-m/nofp/libcr_c.a(_deferredlazyseek.o)
 .ARM.attributes
                0x00000000000005d8       0x1c /usr/local/mcuxpressoide-11.8.0_1165/ide/plugins/com.nxp.mcuxpresso.tools.linux_11.8.0.202306131047/tools/bin/../lib/gcc/arm-none-eabi/12.2.1/thumb/v6-m/nofp/libcr_eabihelpers.a(division_32.o)
 .ARM.attributes
                0x00000000000005f4       0x1c /usr/local/mcuxpressoide-11.8.0_1165/ide/plugins/com.nxp.mcuxpresso.tools.linux_11.8.0.202306131047/tools/bin/../lib/gcc/arm-none-eabi/12.2.1/thumb/v6-m/nofp/libcr_eabihelpers.a(division_idiv0.o)
 .ARM.attributes
                0x0000000000000610       0x1c /usr/local/mcuxpressoide-11.8.0_1165/ide/plugins/com.nxp.mcuxpresso.tools.linux_11.8.0.202306131047/tools/bin/../lib/gcc/arm-none-eabi/12.2.1/thumb/v6-m/nofp/libcr_eabihelpers.a(memcpy.o)
 .ARM.attributes
                0x000000000000062c       0x2c /usr/local/mcuxpressoide-11.8.0_1165/ide/plugins/com.nxp.mcuxpresso.tools.linux_11.8.0.202306131047/tools/bin/../lib/gcc/arm-none-eabi/12.2.1/../../../../arm-none-eabi/lib/thumb/v6-m/nofp/libcr_nohost_nf.a(__ciob.o)
 .ARM.attributes
                0x0000000000000658       0x2c /usr/local/mcuxpressoide-11.8.0_1165/ide/plugins/com.nxp.mcuxpresso.tools.linux_11.8.0.202306131047/tools/bin/../lib/gcc/arm-none-eabi/12.2.1/../../../../arm-none-eabi/lib/thumb/v6-m/nofp/libcr_nohost_nf.a(__sys_close.o)
 .ARM.attributes
                0x0000000000000684       0x2c /usr/local/mcuxpressoide-11.8.0_1165/ide/plugins/com.nxp.mcuxpresso.tools.linux_11.8.0.202306131047/tools/bin/../lib/gcc/arm-none-eabi/12.2.1/../../../../arm-none-eabi/lib/thumb/v6-m/nofp/libcr_nohost_nf.a(__sys_flen.o)
 .ARM.attributes
                0x00000000000006b0       0x2c /usr/local/mcuxpressoide-11.8.0_1165/ide/plugins/com.nxp.mcuxpresso.tools.linux_11.8.0.202306131047/tools/bin/../lib/gcc/arm-none-eabi/12.2.1/../../../../arm-none-eabi/lib/thumb/v6-m/nofp/libcr_nohost_nf.a(__sys_istty.o)
 .ARM.attributes
                0x00000000000006dc       0x2c /usr/local/mcuxpressoide-11.8.0_1165/ide/plugins/com.nxp.mcuxpresso.tools.linux_11.8.0.202306131047/tools/bin/../lib/gcc/arm-none-eabi/12.2.1/../../../../arm-none-eabi/lib/thumb/v6-m/nofp/libcr_nohost_nf.a(__sys_remove.o)
 .ARM.attributes
                0x0000000000000708       0x2c /usr/local/mcuxpressoide-11.8.0_1165/ide/plugins/com.nxp.mcuxpresso.tools.linux_11.8.0.202306131047/tools/bin/../lib/gcc/arm-none-eabi/12.2.1/../../../../arm-none-eabi/lib/thumb/v6-m/nofp/libcr_nohost_nf.a(__sys_seek.o)
 .ARM.attributes
                0x0000000000000734       0x2c /usr/local/mcuxpressoide-11.8.0_1165/ide/plugins/com.nxp.mcuxpresso.tools.linux_11.8.0.202306131047/tools/bin/../lib/gcc/arm-none-eabi/12.2.1/../../../../arm-none-eabi/lib/thumb/v6-m/nofp/libcr_nohost_nf.a(__sys_tmpnam.o)
 .ARM.attributes
                0x0000000000000760       0x2c /usr/local/mcuxpressoide-11.8.0_1165/ide/plugins/com.nxp.mcuxpresso.tools.linux_11.8.0.202306131047/tools/bin/../lib/gcc/arm-none-eabi/12.2.1/../../../../arm-none-eabi/lib/thumb/v6-m/nofp/libcr_nohost_nf.a(__sys_write.o)

.debug_frame    0x0000000000000000     0x1af8
 .debug_frame   0x0000000000000000      0x1f0 ./utilities/fsl_debug_console.o
 .debug_frame   0x00000000000001f0      0x3b0 ./startup/startup_mkl25z4.o
 .debug_frame   0x00000000000005a0       0x2c ./source/PES_Project.o
 .debug_frame   0x00000000000005cc       0x30 ./source/fonts.o
 .debug_frame   0x00000000000005fc      0x1b4 ./source/i2c.o
 .debug_frame   0x00000000000007b0       0xf0 ./source/oled.o
 .debug_frame   0x00000000000008a0       0x20 ./source/semihost_hardfault.o
 .debug_frame   0x00000000000008c0      0x6e0 ./drivers/fsl_clock.o
 .debug_frame   0x0000000000000fa0       0x90 ./drivers/fsl_common.o
 .debug_frame   0x0000000000001030      0x414 ./drivers/fsl_lpsci.o
 .debug_frame   0x0000000000001444      0x464 ./drivers/fsl_uart.o
 .debug_frame   0x00000000000018a8       0x50 ./board/board.o
 .debug_frame   0x00000000000018f8      0x100 ./board/clock_config.o
 .debug_frame   0x00000000000019f8       0x2c ./board/peripherals.o
 .debug_frame   0x0000000000001a24       0x88 ./board/pin_mux.o
 .debug_frame   0x0000000000001aac       0x4c ./CMSIS/system_MKL25Z4.o

.debug_loclists
                0x0000000000000000      0x104
 .debug_loclists
                0x0000000000000000      0x104 ./startup/startup_mkl25z4.o

Cross Reference Table

Symbol                                            File
ADC0_DriverIRQHandler                             ./startup/startup_mkl25z4.o
ADC0_IRQHandler                                   ./startup/startup_mkl25z4.o
BOARD_BootClockRUN                                ./board/clock_config.o
BOARD_BootClockVLPR                               ./board/clock_config.o
BOARD_InitBootClocks                              ./board/clock_config.o
                                                  ./source/PES_Project.o
BOARD_InitBootPeripherals                         ./board/peripherals.o
                                                  ./source/PES_Project.o
BOARD_InitBootPins                                ./board/pin_mux.o
                                                  ./source/PES_Project.o
BOARD_InitDebugConsole                            ./board/board.o
                                                  ./source/PES_Project.o
BOARD_InitPins                                    ./board/pin_mux.o
CLOCK_BootToBlpeMode                              ./drivers/fsl_clock.o
CLOCK_BootToBlpiMode                              ./drivers/fsl_clock.o
                                                  ./board/clock_config.o
CLOCK_BootToFeeMode                               ./drivers/fsl_clock.o
CLOCK_BootToFeiMode                               ./drivers/fsl_clock.o
CLOCK_BootToPeeMode                               ./drivers/fsl_clock.o
                                                  ./board/clock_config.o
CLOCK_CalcPllDiv                                  ./drivers/fsl_clock.o
CLOCK_ClearStatusFlags                            ./drivers/fsl_clock.o
CLOCK_DeinitOsc0                                  ./drivers/fsl_clock.o
CLOCK_EnablePll0                                  ./drivers/fsl_clock.o
CLOCK_EnableUsbfs0Clock                           ./drivers/fsl_clock.o
CLOCK_ExternalModeToFbeModeQuick                  ./drivers/fsl_clock.o
CLOCK_FllStableDelay                              ./drivers/fsl_clock.o
CLOCK_GetBusClkFreq                               ./drivers/fsl_clock.o
CLOCK_GetCoreSysClkFreq                           ./drivers/fsl_clock.o
CLOCK_GetEr32kClkFreq                             ./drivers/fsl_clock.o
CLOCK_GetFixedFreqClkFreq                         ./drivers/fsl_clock.o
CLOCK_GetFlashClkFreq                             ./drivers/fsl_clock.o
CLOCK_GetFllFreq                                  ./drivers/fsl_clock.o
CLOCK_GetFreq                                     ./drivers/fsl_clock.o
CLOCK_GetInternalRefClkFreq                       ./drivers/fsl_clock.o
CLOCK_GetMode                                     ./drivers/fsl_clock.o
CLOCK_GetOsc0ErClkFreq                            ./drivers/fsl_clock.o
CLOCK_GetOutClkFreq                               ./drivers/fsl_clock.o
CLOCK_GetPlatClkFreq                              ./drivers/fsl_clock.o
CLOCK_GetPll0Freq                                 ./drivers/fsl_clock.o
CLOCK_GetPllFllSelClkFreq                         ./drivers/fsl_clock.o
                                                  ./board/board.o
CLOCK_GetStatusFlags                              ./drivers/fsl_clock.o
CLOCK_InitOsc0                                    ./drivers/fsl_clock.o
                                                  ./board/clock_config.o
CLOCK_InternalModeToFbiModeQuick                  ./drivers/fsl_clock.o
CLOCK_SetBlpeMode                                 ./drivers/fsl_clock.o
CLOCK_SetBlpiMode                                 ./drivers/fsl_clock.o
CLOCK_SetExternalRefClkConfig                     ./drivers/fsl_clock.o
CLOCK_SetFbeMode                                  ./drivers/fsl_clock.o
CLOCK_SetFbiMode                                  ./drivers/fsl_clock.o
CLOCK_SetFeeMode                                  ./drivers/fsl_clock.o
CLOCK_SetFeiMode                                  ./drivers/fsl_clock.o
CLOCK_SetInternalRefClkConfig                     ./drivers/fsl_clock.o
                                                  ./board/clock_config.o
CLOCK_SetMcgConfig                                ./drivers/fsl_clock.o
CLOCK_SetOsc0MonitorMode                          ./drivers/fsl_clock.o
CLOCK_SetPbeMode                                  ./drivers/fsl_clock.o
CLOCK_SetPeeMode                                  ./drivers/fsl_clock.o
CLOCK_SetPll0MonitorMode                          ./drivers/fsl_clock.o
CLOCK_SetSimConfig                                ./drivers/fsl_clock.o
                                                  ./board/clock_config.o
CLOCK_TrimInternalRefClk                          ./drivers/fsl_clock.o
CMP0_DriverIRQHandler                             ./startup/startup_mkl25z4.o
CMP0_IRQHandler                                   ./startup/startup_mkl25z4.o
DAC0_DriverIRQHandler                             ./startup/startup_mkl25z4.o
DAC0_IRQHandler                                   ./startup/startup_mkl25z4.o
DMA0_DriverIRQHandler                             ./startup/startup_mkl25z4.o
DMA0_IRQHandler                                   ./startup/startup_mkl25z4.o
DMA1_DriverIRQHandler                             ./startup/startup_mkl25z4.o
DMA1_IRQHandler                                   ./startup/startup_mkl25z4.o
DMA2_DriverIRQHandler                             ./startup/startup_mkl25z4.o
DMA2_IRQHandler                                   ./startup/startup_mkl25z4.o
DMA3_DriverIRQHandler                             ./startup/startup_mkl25z4.o
DMA3_IRQHandler                                   ./startup/startup_mkl25z4.o
DbgConsole_Deinit                                 ./utilities/fsl_debug_console.o
DbgConsole_Getchar                                ./utilities/fsl_debug_console.o
DbgConsole_Init                                   ./utilities/fsl_debug_console.o
                                                  ./board/board.o
DbgConsole_Printf                                 ./utilities/fsl_debug_console.o
                                                  ./drivers/fsl_common.o
                                                  ./source/PES_Project.o
DbgConsole_Putchar                                ./utilities/fsl_debug_console.o
DbgConsole_Scanf                                  ./utilities/fsl_debug_console.o
FLASH_Erase                                       ./drivers/fsl_flash.o
FLASH_EraseAll                                    ./drivers/fsl_flash.o
FLASH_EraseAllExecuteOnlySegments                 ./drivers/fsl_flash.o
FLASH_GetProperty                                 ./drivers/fsl_flash.o
FLASH_GetSecurityState                            ./drivers/fsl_flash.o
FLASH_Init                                        ./drivers/fsl_flash.o
FLASH_IsExecuteOnly                               ./drivers/fsl_flash.o
FLASH_IsProtected                                 ./drivers/fsl_flash.o
FLASH_PflashGetPrefetchSpeculation                ./drivers/fsl_flash.o
FLASH_PflashGetProtection                         ./drivers/fsl_flash.o
FLASH_PflashSetPrefetchSpeculation                ./drivers/fsl_flash.o
                                                  ./drivers/fsl_smc.o
FLASH_PflashSetProtection                         ./drivers/fsl_flash.o
FLASH_PrepareExecuteInRamFunctions                ./drivers/fsl_flash.o
FLASH_Program                                     ./drivers/fsl_flash.o
FLASH_ProgramOnce                                 ./drivers/fsl_flash.o
FLASH_ReadOnce                                    ./drivers/fsl_flash.o
FLASH_ReadResource                                ./drivers/fsl_flash.o
FLASH_SecurityBypass                              ./drivers/fsl_flash.o
FLASH_SetCallback                                 ./drivers/fsl_flash.o
FLASH_SetProperty                                 ./drivers/fsl_flash.o
FLASH_VerifyErase                                 ./drivers/fsl_flash.o
FLASH_VerifyEraseAll                              ./drivers/fsl_flash.o
FLASH_VerifyEraseAllExecuteOnlySegments           ./drivers/fsl_flash.o
FLASH_VerifyProgram                               ./drivers/fsl_flash.o
FONTS_GetStringSize                               ./source/fonts.o
FTFA_DriverIRQHandler                             ./startup/startup_mkl25z4.o
FTFA_IRQHandler                                   ./startup/startup_mkl25z4.o
Flash_Config                                      ./startup/startup_mkl25z4.o
Font11x18                                         ./source/fonts.o
Font16x26                                         ./source/fonts.o
Font7x10                                          ./source/fonts.o
Font_11x18                                        ./source/fonts.o
                                                  ./source/PES_Project.o
Font_16x26                                        ./source/fonts.o
Font_7x10                                         ./source/fonts.o
GPIO_ClearPinsInterruptFlags                      ./drivers/fsl_gpio.o
GPIO_GetPinsInterruptFlags                        ./drivers/fsl_gpio.o
GPIO_PinInit                                      ./drivers/fsl_gpio.o
HardFault_Handler                                 ./source/semihost_hardfault.o
                                                  ./startup/startup_mkl25z4.o
I2C0_DriverIRQHandler                             ./startup/startup_mkl25z4.o
I2C0_IRQHandler                                   ./startup/startup_mkl25z4.o
I2C1_DriverIRQHandler                             ./startup/startup_mkl25z4.o
I2C1_IRQHandler                                   ./startup/startup_mkl25z4.o
InstallIRQHandler                                 ./drivers/fsl_common.o
IntDefaultHandler                                 ./startup/startup_mkl25z4.o
LLWU_DriverIRQHandler                             ./startup/startup_mkl25z4.o
LLWU_IRQHandler                                   ./startup/startup_mkl25z4.o
LPSCI_ClearStatusFlags                            ./drivers/fsl_lpsci.o
LPSCI_Deinit                                      ./drivers/fsl_lpsci.o
                                                  ./utilities/fsl_debug_console.o
LPSCI_DisableInterrupts                           ./drivers/fsl_lpsci.o
LPSCI_EnableInterrupts                            ./drivers/fsl_lpsci.o
LPSCI_GetDefaultConfig                            ./drivers/fsl_lpsci.o
                                                  ./utilities/fsl_debug_console.o
LPSCI_GetEnabledInterrupts                        ./drivers/fsl_lpsci.o
LPSCI_GetInstance                                 ./drivers/fsl_lpsci.o
LPSCI_GetStatusFlags                              ./drivers/fsl_lpsci.o
LPSCI_Init                                        ./drivers/fsl_lpsci.o
                                                  ./utilities/fsl_debug_console.o
LPSCI_ReadBlocking                                ./drivers/fsl_lpsci.o
                                                  ./utilities/fsl_debug_console.o
LPSCI_SetBaudRate                                 ./drivers/fsl_lpsci.o
LPSCI_TransferAbortReceive                        ./drivers/fsl_lpsci.o
LPSCI_TransferAbortSend                           ./drivers/fsl_lpsci.o
LPSCI_TransferCreateHandle                        ./drivers/fsl_lpsci.o
LPSCI_TransferGetReceiveCount                     ./drivers/fsl_lpsci.o
LPSCI_TransferGetSendCount                        ./drivers/fsl_lpsci.o
LPSCI_TransferHandleErrorIRQ                      ./drivers/fsl_lpsci.o
LPSCI_TransferHandleIRQ                           ./drivers/fsl_lpsci.o
LPSCI_TransferReceiveNonBlocking                  ./drivers/fsl_lpsci.o
LPSCI_TransferSendNonBlocking                     ./drivers/fsl_lpsci.o
LPSCI_TransferStartRingBuffer                     ./drivers/fsl_lpsci.o
LPSCI_TransferStopRingBuffer                      ./drivers/fsl_lpsci.o
LPSCI_WriteBlocking                               ./drivers/fsl_lpsci.o
                                                  ./utilities/fsl_debug_console.o
LPTMR0_DriverIRQHandler                           ./startup/startup_mkl25z4.o
LPTMR0_IRQHandler                                 ./startup/startup_mkl25z4.o
LVD_LVW_DriverIRQHandler                          ./startup/startup_mkl25z4.o
LVD_LVW_IRQHandler                                ./startup/startup_mkl25z4.o
MCG_DriverIRQHandler                              ./startup/startup_mkl25z4.o
MCG_IRQHandler                                    ./startup/startup_mkl25z4.o
NMI_Handler                                       ./startup/startup_mkl25z4.o
PIT_DriverIRQHandler                              ./startup/startup_mkl25z4.o
PIT_IRQHandler                                    ./startup/startup_mkl25z4.o
PORTA_DriverIRQHandler                            ./startup/startup_mkl25z4.o
PORTA_IRQHandler                                  ./startup/startup_mkl25z4.o
PORTD_DriverIRQHandler                            ./startup/startup_mkl25z4.o
PORTD_IRQHandler                                  ./startup/startup_mkl25z4.o
PendSV_Handler                                    ./startup/startup_mkl25z4.o
RTC_DriverIRQHandler                              ./startup/startup_mkl25z4.o
RTC_IRQHandler                                    ./startup/startup_mkl25z4.o
RTC_Seconds_DriverIRQHandler                      ./startup/startup_mkl25z4.o
RTC_Seconds_IRQHandler                            ./startup/startup_mkl25z4.o
Reserved20_DriverIRQHandler                       ./startup/startup_mkl25z4.o
Reserved20_IRQHandler                             ./startup/startup_mkl25z4.o
Reserved39_DriverIRQHandler                       ./startup/startup_mkl25z4.o
Reserved39_IRQHandler                             ./startup/startup_mkl25z4.o
Reserved45_DriverIRQHandler                       ./startup/startup_mkl25z4.o
Reserved45_IRQHandler                             ./startup/startup_mkl25z4.o
ResetISR                                          ./startup/startup_mkl25z4.o
SMC_PostExitStopModes                             ./drivers/fsl_smc.o
SMC_PreEnterStopModes                             ./drivers/fsl_smc.o
SMC_SetPowerModeLls                               ./drivers/fsl_smc.o
SMC_SetPowerModeRun                               ./drivers/fsl_smc.o
SMC_SetPowerModeStop                              ./drivers/fsl_smc.o
SMC_SetPowerModeVlls                              ./drivers/fsl_smc.o
SMC_SetPowerModeVlpr                              ./drivers/fsl_smc.o
                                                  ./board/clock_config.o
SMC_SetPowerModeVlps                              ./drivers/fsl_smc.o
SMC_SetPowerModeVlpw                              ./drivers/fsl_smc.o
SMC_SetPowerModeWait                              ./drivers/fsl_smc.o
SPI0_DriverIRQHandler                             ./startup/startup_mkl25z4.o
SPI0_IRQHandler                                   ./startup/startup_mkl25z4.o
SPI1_DriverIRQHandler                             ./startup/startup_mkl25z4.o
SPI1_IRQHandler                                   ./startup/startup_mkl25z4.o
SSD1306_DrawPixel                                 ./source/oled.o
SVC_Handler                                       ./startup/startup_mkl25z4.o
SysTick_Handler                                   ./startup/startup_mkl25z4.o
SystemCoreClock                                   ./CMSIS/system_MKL25Z4.o
                                                  ./board/clock_config.o
SystemCoreClockUpdate                             ./CMSIS/system_MKL25Z4.o
SystemInit                                        ./CMSIS/system_MKL25Z4.o
                                                  ./startup/startup_mkl25z4.o
TPM0_DriverIRQHandler                             ./startup/startup_mkl25z4.o
TPM0_IRQHandler                                   ./startup/startup_mkl25z4.o
TPM1_DriverIRQHandler                             ./startup/startup_mkl25z4.o
TPM1_IRQHandler                                   ./startup/startup_mkl25z4.o
TPM2_DriverIRQHandler                             ./startup/startup_mkl25z4.o
TPM2_IRQHandler                                   ./startup/startup_mkl25z4.o
TSI0_DriverIRQHandler                             ./startup/startup_mkl25z4.o
TSI0_IRQHandler                                   ./startup/startup_mkl25z4.o
UART0_DriverIRQHandler                            ./drivers/fsl_lpsci.o
                                                  ./startup/startup_mkl25z4.o
UART0_IRQHandler                                  ./startup/startup_mkl25z4.o
UART1_DriverIRQHandler                            ./drivers/fsl_uart.o
                                                  ./startup/startup_mkl25z4.o
UART1_IRQHandler                                  ./startup/startup_mkl25z4.o
UART1_RX_TX_DriverIRQHandler                      ./drivers/fsl_uart.o
UART2_DriverIRQHandler                            ./drivers/fsl_uart.o
                                                  ./startup/startup_mkl25z4.o
UART2_IRQHandler                                  ./startup/startup_mkl25z4.o
UART2_RX_TX_DriverIRQHandler                      ./drivers/fsl_uart.o
UART_ClearStatusFlags                             ./drivers/fsl_uart.o
UART_Deinit                                       ./drivers/fsl_uart.o
                                                  ./utilities/fsl_debug_console.o
UART_DisableInterrupts                            ./drivers/fsl_uart.o
UART_EnableInterrupts                             ./drivers/fsl_uart.o
UART_GetDefaultConfig                             ./drivers/fsl_uart.o
                                                  ./utilities/fsl_debug_console.o
UART_GetEnabledInterrupts                         ./drivers/fsl_uart.o
UART_GetInstance                                  ./drivers/fsl_uart.o
UART_GetStatusFlags                               ./drivers/fsl_uart.o
UART_Init                                         ./drivers/fsl_uart.o
                                                  ./utilities/fsl_debug_console.o
UART_ReadBlocking                                 ./drivers/fsl_uart.o
                                                  ./utilities/fsl_debug_console.o
UART_SetBaudRate                                  ./drivers/fsl_uart.o
UART_TransferAbortReceive                         ./drivers/fsl_uart.o
UART_TransferAbortSend                            ./drivers/fsl_uart.o
UART_TransferCreateHandle                         ./drivers/fsl_uart.o
UART_TransferGetReceiveCount                      ./drivers/fsl_uart.o
UART_TransferGetSendCount                         ./drivers/fsl_uart.o
UART_TransferHandleErrorIRQ                       ./drivers/fsl_uart.o
UART_TransferHandleIRQ                            ./drivers/fsl_uart.o
UART_TransferReceiveNonBlocking                   ./drivers/fsl_uart.o
UART_TransferSendNonBlocking                      ./drivers/fsl_uart.o
UART_TransferStartRingBuffer                      ./drivers/fsl_uart.o
UART_TransferStopRingBuffer                       ./drivers/fsl_uart.o
UART_WriteBlocking                                ./drivers/fsl_uart.o
                                                  ./utilities/fsl_debug_console.o
USB0_DriverIRQHandler                             ./startup/startup_mkl25z4.o
USB0_IRQHandler                                   ./startup/startup_mkl25z4.o
_Csys_alloc                                       /usr/local/mcuxpressoide-11.8.0_1165/ide/plugins/com.nxp.mcuxpresso.tools.linux_11.8.0.202306131047/tools/bin/../lib/gcc/arm-none-eabi/12.2.1/../../../../arm-none-eabi/lib/thumb/v6-m/nofp/libcr_c.a(alloc.o)
                                                  /usr/local/mcuxpressoide-11.8.0_1165/ide/plugins/com.nxp.mcuxpresso.tools.linux_11.8.0.202306131047/tools/bin/../lib/gcc/arm-none-eabi/12.2.1/../../../../arm-none-eabi/lib/thumb/v6-m/nofp/libcr_c.a(_deferredlazyseek.o)
_Cwritebuf                                        /usr/local/mcuxpressoide-11.8.0_1165/ide/plugins/com.nxp.mcuxpresso.tools.linux_11.8.0.202306131047/tools/bin/../lib/gcc/arm-none-eabi/12.2.1/../../../../arm-none-eabi/lib/thumb/v6-m/nofp/libcr_c.a(_writebuf.o)
                                                  /usr/local/mcuxpressoide-11.8.0_1165/ide/plugins/com.nxp.mcuxpresso.tools.linux_11.8.0.202306131047/tools/bin/../lib/gcc/arm-none-eabi/12.2.1/../../../../arm-none-eabi/lib/thumb/v6-m/nofp/libcr_c.a(_deferredlazyseek.o)
                                                  /usr/local/mcuxpressoide-11.8.0_1165/ide/plugins/com.nxp.mcuxpresso.tools.linux_11.8.0.202306131047/tools/bin/../lib/gcc/arm-none-eabi/12.2.1/../../../../arm-none-eabi/lib/thumb/v6-m/nofp/libcr_c.a(_fflush.o)
__Ciob                                            /usr/local/mcuxpressoide-11.8.0_1165/ide/plugins/com.nxp.mcuxpresso.tools.linux_11.8.0.202306131047/tools/bin/../lib/gcc/arm-none-eabi/12.2.1/../../../../arm-none-eabi/lib/thumb/v6-m/nofp/libcr_nohost_nf.a(__ciob.o)
                                                  /usr/local/mcuxpressoide-11.8.0_1165/ide/plugins/com.nxp.mcuxpresso.tools.linux_11.8.0.202306131047/tools/bin/../lib/gcc/arm-none-eabi/12.2.1/../../../../arm-none-eabi/lib/thumb/v6-m/nofp/libcr_c.a(fflush.o)
                                                  /usr/local/mcuxpressoide-11.8.0_1165/ide/plugins/com.nxp.mcuxpresso.tools.linux_11.8.0.202306131047/tools/bin/../lib/gcc/arm-none-eabi/12.2.1/../../../../arm-none-eabi/lib/thumb/v6-m/nofp/libcr_c.a(initio.o)
__RAM_VECTOR_TABLE_SIZE_BYTES                     ./drivers/fsl_common.o
__VECTOR_RAM                                      ./drivers/fsl_common.o
__VECTOR_TABLE                                    ./drivers/fsl_common.o
__Vectors                                         ./startup/startup_mkl25z4.o
__aeabi_idiv                                      /usr/local/mcuxpressoide-11.8.0_1165/ide/plugins/com.nxp.mcuxpresso.tools.linux_11.8.0.202306131047/tools/bin/../lib/gcc/arm-none-eabi/12.2.1/thumb/v6-m/nofp/libcr_eabihelpers.a(division_32.o)
                                                  ./utilities/fsl_debug_console.o
__aeabi_idiv0                                     /usr/local/mcuxpressoide-11.8.0_1165/ide/plugins/com.nxp.mcuxpresso.tools.linux_11.8.0.202306131047/tools/bin/../lib/gcc/arm-none-eabi/12.2.1/thumb/v6-m/nofp/libcr_eabihelpers.a(division_idiv0.o)
                                                  /usr/local/mcuxpressoide-11.8.0_1165/ide/plugins/com.nxp.mcuxpresso.tools.linux_11.8.0.202306131047/tools/bin/../lib/gcc/arm-none-eabi/12.2.1/thumb/v6-m/nofp/libcr_eabihelpers.a(division_32.o)
__aeabi_idivmod                                   /usr/local/mcuxpressoide-11.8.0_1165/ide/plugins/com.nxp.mcuxpresso.tools.linux_11.8.0.202306131047/tools/bin/../lib/gcc/arm-none-eabi/12.2.1/thumb/v6-m/nofp/libcr_eabihelpers.a(division_32.o)
__aeabi_lowlevel_memset                           /usr/local/mcuxpressoide-11.8.0_1165/ide/plugins/com.nxp.mcuxpresso.tools.linux_11.8.0.202306131047/tools/bin/../lib/gcc/arm-none-eabi/12.2.1/thumb/v6-m/nofp/libcr_eabihelpers.a(memcpy.o)
                                                  /usr/local/mcuxpressoide-11.8.0_1165/ide/plugins/com.nxp.mcuxpresso.tools.linux_11.8.0.202306131047/tools/bin/../lib/gcc/arm-none-eabi/12.2.1/../../../../arm-none-eabi/lib/thumb/v6-m/nofp/libcr_c.a(memset.o)
__aeabi_memclr                                    /usr/local/mcuxpressoide-11.8.0_1165/ide/plugins/com.nxp.mcuxpresso.tools.linux_11.8.0.202306131047/tools/bin/../lib/gcc/arm-none-eabi/12.2.1/thumb/v6-m/nofp/libcr_eabihelpers.a(memcpy.o)
__aeabi_memclr4                                   /usr/local/mcuxpressoide-11.8.0_1165/ide/plugins/com.nxp.mcuxpresso.tools.linux_11.8.0.202306131047/tools/bin/../lib/gcc/arm-none-eabi/12.2.1/thumb/v6-m/nofp/libcr_eabihelpers.a(memcpy.o)
__aeabi_memclr8                                   /usr/local/mcuxpressoide-11.8.0_1165/ide/plugins/com.nxp.mcuxpresso.tools.linux_11.8.0.202306131047/tools/bin/../lib/gcc/arm-none-eabi/12.2.1/thumb/v6-m/nofp/libcr_eabihelpers.a(memcpy.o)
__aeabi_memcpy                                    /usr/local/mcuxpressoide-11.8.0_1165/ide/plugins/com.nxp.mcuxpresso.tools.linux_11.8.0.202306131047/tools/bin/../lib/gcc/arm-none-eabi/12.2.1/thumb/v6-m/nofp/libcr_eabihelpers.a(memcpy.o)