../source/i2c.c:27:6:initI2C	8	static
../source/i2c.c:44:6:disableAck	8	static
../source/i2c.c:49:6:enableAck	8	static
../source/i2c.c:54:6:repeatedStart	8	static
../source/i2c.c:59:6:enterRxMode	8	static
../source/i2c.c:64:6:startI2C	8	static
../source/i2c.c:70:6:stopI2C	8	static
../source/i2c.c:76:6:waitI2C	16	static
../source/i2c.c:89:6:writeI2C	16	static
../source/i2c.c:94:9:readI2C	8	static
../source/i2c.c:115:6:writeRegisterI2C	24	static
../source/i2c.c:162:9:readRegisterI2C	32	static
../source/i2c.c:191:6:writeMultRegisterI2C	32	static
../source/i2c.c:214:6:i2c_read_setup	16	static
../source/i2c.c:232:9:i2c_repeated_read	24	static
../source/i2c.c:255:6:delay	24	static
