../source/i2c.c:10:6:initI2C	8	static
../source/i2c.c:26:6:disableAck	8	static
../source/i2c.c:31:6:enableAck	8	static
../source/i2c.c:36:6:repeatedStart	8	static
../source/i2c.c:41:6:enterRxMode	8	static
../source/i2c.c:46:6:startI2C	8	static
../source/i2c.c:52:6:stopI2C	8	static
../source/i2c.c:58:6:waitI2C	16	static
../source/i2c.c:70:6:writeI2C	16	static
../source/i2c.c:75:9:readI2C	8	static
../source/i2c.c:80:6:writeRegisterI2C	24	static
../source/i2c.c:98:9:readRegisterI2C	32	static
../source/i2c.c:126:6:writeMultRegisterI2C	32	static
../source/i2c.c:148:6:delay	24	static
