../source/mpu6050.c:30:6:init_MPU	8	static
../source/mpu6050.c:42:6:MPU_gyroConfig	16	static
../source/mpu6050.c:52:6:MPU_accelConfig	16	static
../source/mpu6050.c:59:9:MPU_calibrate	24	static
../source/mpu6050.c:87:6:read_full_xyz	48	static
../source/mpu6050.c:118:9:MPU_accelXraw	16	static
../source/mpu6050.c:127:9:MPU_accelYraw	16	static
../source/mpu6050.c:136:9:MPU_accelZraw	16	static
../source/mpu6050.c:145:9:MPU_gyroXraw	16	static
../source/mpu6050.c:154:9:MPU_gyroYraw	16	static
../source/mpu6050.c:163:9:MPU_gyroZraw	16	static
../source/mpu6050.c:174:7:MPU_accelX	24	static
../source/mpu6050.c:186:7:MPU_accelY	24	static
../source/mpu6050.c:197:7:MPU_accelZ	24	static
../source/mpu6050.c:208:7:MPU_tempC	16	static
../source/mpu6050.c:222:7:MPU_get_accelRange	8	static
../source/mpu6050.c:239:7:MPU_get_gyroRange	8	static
../source/mpu6050.c:257:7:MPU_gyroX	24	static
../source/mpu6050.c:269:7:MPU_gyroY	24	static
../source/mpu6050.c:281:7:MPU_gyroZ	24	static
../source/mpu6050.c:291:6:delay_mpu	24	static
