../source/mpu6050.c:30:6:init_MPU	8	static
../source/mpu6050.c:42:6:MPU_gyroConfig	16	static
../source/mpu6050.c:52:6:MPU_accelConfig	16	static
../source/mpu6050.c:59:9:MPU_calibrate	24	static
../source/mpu6050.c:90:9:MPU_accelXraw	16	static
../source/mpu6050.c:99:9:MPU_accelYraw	16	static
../source/mpu6050.c:108:9:MPU_accelZraw	16	static
../source/mpu6050.c:117:9:MPU_gyroXraw	16	static
../source/mpu6050.c:126:9:MPU_gyroYraw	16	static
../source/mpu6050.c:135:9:MPU_gyroZraw	16	static
../source/mpu6050.c:146:7:MPU_accelX	24	static
../source/mpu6050.c:158:7:MPU_accelY	24	static
../source/mpu6050.c:169:7:MPU_accelZ	24	static
../source/mpu6050.c:180:7:MPU_tempC	16	static
../source/mpu6050.c:192:7:MPU_get_accelRange	8	static
../source/mpu6050.c:209:7:MPU_get_gyroRange	8	static
../source/mpu6050.c:227:7:MPU_gyroX	24	static
../source/mpu6050.c:239:7:MPU_gyroY	24	static
../source/mpu6050.c:251:7:MPU_gyroZ	24	static
../source/mpu6050.c:261:6:delay_mpu	24	static
