../source/mpu6050.c:30:6:init_MPU	8	static
../source/mpu6050.c:42:6:gyroConfig	16	static
../source/mpu6050.c:52:6:accelConfig	16	static
../source/mpu6050.c:59:9:calibrate_MPU	40	static
../source/mpu6050.c:92:6:read_full_xyz	48	static
../source/mpu6050.c:119:6:read_full_xyz_calibrated	48	static
../source/mpu6050.c:154:9:accelXraw	16	static
../source/mpu6050.c:163:9:accelYraw	16	static
../source/mpu6050.c:172:9:accelZraw	16	static
../source/mpu6050.c:181:9:gyroXraw	16	static
../source/mpu6050.c:190:9:gyroYraw	16	static
../source/mpu6050.c:199:9:gyroZraw	16	static
../source/mpu6050.c:210:7:accX	24	static
../source/mpu6050.c:222:7:accY	24	static
../source/mpu6050.c:233:7:accZ	24	static
../source/mpu6050.c:244:7:tempC	16	static
../source/mpu6050.c:258:7:get_accelRange	8	static
../source/mpu6050.c:275:7:get_gyroRange	8	static
../source/mpu6050.c:293:7:gyroX	24	static
../source/mpu6050.c:305:7:gyroY	24	static
../source/mpu6050.c:317:7:gyroZ	24	static
../source/mpu6050.c:327:6:delay_MPU	24	static
