../source/mpu6050.c:30:6:init_MPU	8	static
../source/mpu6050.c:42:6:gyroConfig	16	static
../source/mpu6050.c:52:6:accelConfig	16	static
../source/mpu6050.c:59:9:calibrate_MPU	24	static
../source/mpu6050.c:87:6:read_full_xyz	48	static
../source/mpu6050.c:118:9:accelXraw	16	static
../source/mpu6050.c:127:9:accelYraw	16	static
../source/mpu6050.c:136:9:accelZraw	16	static
../source/mpu6050.c:145:9:gyroXraw	16	static
../source/mpu6050.c:154:9:gyroYraw	16	static
../source/mpu6050.c:163:9:gyroZraw	16	static
../source/mpu6050.c:174:7:accX	24	static
../source/mpu6050.c:186:7:accY	24	static
../source/mpu6050.c:197:7:accZ	24	static
../source/mpu6050.c:208:7:tempC	16	static
../source/mpu6050.c:222:7:get_accelRange	8	static
../source/mpu6050.c:239:7:get_gyroRange	8	static
../source/mpu6050.c:257:7:gyroX	24	static
../source/mpu6050.c:269:7:gyroY	24	static
../source/mpu6050.c:281:7:gyroZ	24	static
../source/mpu6050.c:291:6:delay_MPU	24	static
