../source/mpu6050.c:30:6:init_MPU	8	static
../source/mpu6050.c:42:6:gyroConfig	16	static
../source/mpu6050.c:52:6:accelConfig	16	static
../source/mpu6050.c:59:9:calibrate_MPU	40	static
../source/mpu6050.c:94:6:read_full_xyz	48	static
../source/mpu6050.c:121:6:read_full_xyz_calibrated	48	static
../source/mpu6050.c:152:6:read_full_gxyz	48	static
../source/mpu6050.c:179:6:read_full_gxyz_calibrated	48	static
../source/mpu6050.c:214:9:accelXraw	16	static
../source/mpu6050.c:223:9:accelYraw	16	static
../source/mpu6050.c:232:9:accelZraw	16	static
../source/mpu6050.c:241:9:gyroXraw	16	static
../source/mpu6050.c:250:9:gyroYraw	16	static
../source/mpu6050.c:259:9:gyroZraw	16	static
../source/mpu6050.c:270:7:accX	24	static
../source/mpu6050.c:282:7:accY	24	static
../source/mpu6050.c:293:7:accZ	24	static
../source/mpu6050.c:304:7:tempC	16	static
../source/mpu6050.c:318:7:get_accelRange	8	static
../source/mpu6050.c:335:7:get_gyroRange	8	static
../source/mpu6050.c:353:7:gyroX	24	static
../source/mpu6050.c:365:7:gyroY	24	static
../source/mpu6050.c:377:7:gyroZ	24	static
../source/mpu6050.c:387:6:delay_MPU	24	static
