../source/mpu6050.c:30:6:init_MPU	8	static
../source/mpu6050.c:42:6:gyroConfig	16	static
../source/mpu6050.c:52:6:accelConfig	16	static
../source/mpu6050.c:59:9:calibrate_MPU	40	static
../source/mpu6050.c:91:6:read_full_xyz	48	static
../source/mpu6050.c:118:6:read_full_xyz_calibrated	48	static
../source/mpu6050.c:153:9:accelXraw	16	static
../source/mpu6050.c:162:9:accelYraw	16	static
../source/mpu6050.c:171:9:accelZraw	16	static
../source/mpu6050.c:180:9:gyroXraw	16	static
../source/mpu6050.c:189:9:gyroYraw	16	static
../source/mpu6050.c:198:9:gyroZraw	16	static
../source/mpu6050.c:209:7:accX	24	static
../source/mpu6050.c:221:7:accY	24	static
../source/mpu6050.c:232:7:accZ	24	static
../source/mpu6050.c:243:7:tempC	16	static
../source/mpu6050.c:257:7:get_accelRange	8	static
../source/mpu6050.c:274:7:get_gyroRange	8	static
../source/mpu6050.c:292:7:gyroX	24	static
../source/mpu6050.c:304:7:gyroY	24	static
../source/mpu6050.c:316:7:gyroZ	24	static
../source/mpu6050.c:326:6:delay_MPU	24	static
